Microchip MPLAB XC8 Compiler V2.10 ()

Linker command line:

--edf=C:\Program Files (x86)\Microchip\xc8\v2.10\pic\dat\en_msgs.txt -cs \
  -h+dist/XC8_PIC12F683/production\Firm-TF12S.production.sym \
  --cmf=dist/XC8_PIC12F683/production\Firm-TF12S.production.cmf -z \
  -Q16F18325 -oC:\Users\MARTHN~1\AppData\Local\Temp\sch8.2 \
  --defsym=__MPLAB_BUILD=1 \
  -Mdist/XC8_PIC12F683/production/Firm-TF12S.production.map -E1 -ver=XC8 \
  -ASTACK=0207Bh-023EFh -pstack=STACK -ACODE=00h-07FFhx4 \
  -ASTRCODE=00h-01FFFh -ASTRING=00h-0FFhx32 -ACONST=00h-0FFhx32 \
  -AENTRY=00h-0FFhx32 -ACOMMON=070h-07Fh -ABANK0=020h-06Fh \
  -ABANK1=0A0h-0EFh -ABANK2=0120h-016Fh -ABANK3=01A0h-01EFh \
  -ABANK4=0220h-026Fh -ABANK5=02A0h-02EFh -ABANK6=0320h-036Fh \
  -ABANK7=03A0h-03EFh -ABANK8=0420h-046Fh -ABANK9=04A0h-04EFh \
  -ABANK10=0520h-056Fh -ABANK11=05A0h-05EFh -ABANK12=0620h-064Fh \
  -ABIGRAM=02000h-023EFh \
  -ARAM=020h-06Fh,0A0h-0EFh,0120h-016Fh,01A0h-01EFh,0220h-026Fh,02A0h-02EFh,0320h-036Fh,03A0h-03EFh,0420h-046Fh,04A0h-04EFh,0520h-056Fh,05A0h-05EFh,0620h-064Fh \
  -AABS1=020h-07Fh,0A0h-0EFh,0120h-016Fh,01A0h-01EFh,0220h-026Fh,02A0h-02EFh,0320h-036Fh,03A0h-03EFh,0420h-046Fh,04A0h-04EFh,0520h-056Fh,05A0h-05EFh,0620h-064Fh \
  -ASFR0=00h-01Fh -ASFR1=080h-09Fh -ASFR2=0100h-011Fh -ASFR3=0180h-019Fh \
  -ASFR4=0200h-021Fh -ASFR5=0280h-029Fh -ASFR6=0300h-031Fh \
  -ASFR7=0380h-039Fh -ASFR8=0400h-041Fh -ASFR9=0480h-049Fh \
  -ASFR10=0500h-051Fh -ASFR11=0580h-059Fh -ASFR12=0600h-061Fh \
  -ASFR13=0680h-06EFh -ASFR14=0700h-076Fh -ASFR15=0780h-07EFh \
  -ASFR16=0800h-086Fh -ASFR17=0880h-08EFh -ASFR18=0900h-096Fh \
  -ASFR19=0980h-09EFh -ASFR20=0A00h-0A6Fh -ASFR21=0A80h-0AEFh \
  -ASFR22=0B00h-0B6Fh -ASFR23=0B80h-0BEFh -ASFR24=0C00h-0C6Fh \
  -ASFR25=0C80h-0CEFh -ASFR26=0D00h-0D6Fh -ASFR27=0D80h-0DEFh \
  -ASFR28=0E00h-0E6Fh -ASFR29=0E80h-0EEFh -ASFR30=0F00h-0F6Fh \
  -ASFR31=0F80h-0FEFh -preset_vec=00h,intentry=04h,init,end_init \
  -ppowerup=CODE -pcinit=CODE -pfunctab=ENTRY -ACONFIG=08007h-0800Ah \
  -pconfig=CONFIG -DCONFIG=2 -AIDLOC=08000h-08003h -pidloc=IDLOC -DIDLOC=2 \
  -AEEDATA=00h-0FFh/0F000h -peeprom_data=EEDATA -DEEDATA=2 -DCODE=2 \
  -DSTRCODE=2 -DSTRING=2 -DCONST=2 -DENTRY=2 -k \
  C:\Users\MARTHN~1\AppData\Local\Temp\sch8.o \
  dist/XC8_PIC12F683/production\Firm-TF12S.production.o 

Object code version is 3.11

Machine type is 16F18325



                Name                               Link     Load   Length Selector   Space Scale
C:\Users\MARTHN~1\AppData\Local\Temp\sch8.o
                end_init                            226      226        2        8       0
                reset_vec                             0        0        2        0       0
                config                             8007     8007        4    1000E       0
dist/XC8_PIC12F683/production\Firm-TF12S.production.o
                cinit                               228      228       31        8       0
                intentry                              4        4      222        8       0
                text21                              E13      E13       86     1C26       0
                text20                              BF0      BF0       1F     17E0       0
                text19                              53F      53F       F7      886       0
                text18                              C7E      C7E       27     18FC       0
                text17                              E99      E99       89     1D32       0
                text15                              BBA      BBA        C     1774       0
                text14                              D56      D56       51     1AAC       0
                text13                              BC6      BC6        D     178C       0
                text12                              D0E      D0E       48     1A1C       0
                text11                              7BF      7BF       3F      886       0
                text10                              DA7      DA7       6C     1B4E       0
                text9                               C58      C58       26     18B0       0
                text8                               636      636       F6      886       0
                text7                               C33      C33       25     1866       0
                text6                               CA5      CA5       34     194A       0
                text5                               CD9      CD9       35     19B2       0
                text4                               BE1      BE1        F     17C2       0
                text3                               C0F      C0F       24     181E       0
                text2                               F22      F22       DE     1E44       0
                text1                               72C      72C       93      886       0
                maintext                            443      443       FC      886       0
                cstackBANK0                          5E       5E        8       20       1
                cstackCOMMON                         70       70        7       70       1
                cstackBANK1                          A0       A0       11       A0       1
                clrtext                             BAE      BAE        6     175C       0
                inittext                            BB4      BB4        6     1768       0
                dataBANK1                            B1       B1        E       A0       1
                bssBANK1                             BF       BF        C       A0       1
                dataBANK0                            66       66        3       20       1
                bssBANK0                             20       20       3E       20       1
                bssCOMMON                            77       77        5       70       1
                bssEEDATA                             0     F000        A    1E000       3
                stringtext3                        1077     1077       77     2000       0
                stringtext2                        1000     1000       77     2000       0
                stringtext1                         259      259      1EA      4B2       0
                idataBANK1                          BD3      BD3        E     17A6       0
                idataBANK0                          BAB      BAB        3     1756       0

TOTAL           Name                               Link     Load   Length     Space
        CLASS   STACK          

        CLASS   CODE           
                end_init                            226      226        2         0
                cinit                               228      228       31         0
                intentry                              4        4      222         0
                reset_vec                             0        0        2         0
                text21                              E13      E13       86         0
                text20                              BF0      BF0       1F         0
                text19                              53F      53F       F7         0
                text18                              C7E      C7E       27         0
                text17                              E99      E99       89         0
                text15                              BBA      BBA        C         0
                text14                              D56      D56       51         0
                text13                              BC6      BC6        D         0
                text12                              D0E      D0E       48         0
                text11                              7BF      7BF       3F         0
                text10                              DA7      DA7       6C         0
                text9                               C58      C58       26         0
                text8                               636      636       F6         0
                text7                               C33      C33       25         0
                text6                               CA5      CA5       34         0
                text5                               CD9      CD9       35         0
                text4                               BE1      BE1        F         0
                text3                               C0F      C0F       24         0
                text2                               F22      F22       DE         0
                text1                               72C      72C       93         0
                maintext                            443      443       FC         0
                clrtext                             BAE      BAE        6         0
                inittext                            BB4      BB4        6         0
                idataBANK1                          BD3      BD3        E         0
                idataBANK0                          BAB      BAB        3         0

        CLASS   STRCODE        
                stringtext3                        1077     1077       77         0
                stringtext2                        1000     1000       77         0
                stringtext1                         259      259      1EA         0

        CLASS   STRING         

        CLASS   CONST          

        CLASS   ENTRY          

        CLASS   COMMON         
                cstackCOMMON                         70       70        7         1
                bssCOMMON                            77       77        5         1

        CLASS   BANK0          
                cstackBANK0                          5E       5E        8         1
                dataBANK0                            66       66        3         1
                bssBANK0                             20       20       3E         1

        CLASS   BANK1          
                cstackBANK1                          A0       A0       11         1
                dataBANK1                            B1       B1        E         1
                bssBANK1                             BF       BF        C         1

        CLASS   BANK2          

        CLASS   BANK3          

        CLASS   BANK4          

        CLASS   BANK5          

        CLASS   BANK6          

        CLASS   BANK7          

        CLASS   BANK8          

        CLASS   BANK9          

        CLASS   BANK10         

        CLASS   BANK11         

        CLASS   BANK12         

        CLASS   BIGRAM         

        CLASS   RAM            

        CLASS   ABS1           
                abs_s1                               7E       7E        2         1

        CLASS   SFR0           

        CLASS   SFR1           

        CLASS   SFR2           

        CLASS   SFR3           

        CLASS   SFR4           

        CLASS   SFR5           

        CLASS   SFR6           

        CLASS   SFR7           

        CLASS   SFR8           

        CLASS   SFR9           

        CLASS   SFR10          

        CLASS   SFR11          

        CLASS   SFR12          

        CLASS   SFR13          

        CLASS   SFR14          

        CLASS   SFR15          

        CLASS   SFR16          

        CLASS   SFR17          

        CLASS   SFR18          

        CLASS   SFR19          

        CLASS   SFR20          

        CLASS   SFR21          

        CLASS   SFR22          

        CLASS   SFR23          

        CLASS   SFR24          

        CLASS   SFR25          

        CLASS   SFR26          

        CLASS   SFR27          

        CLASS   SFR28          

        CLASS   SFR29          

        CLASS   SFR30          

        CLASS   SFR31          

        CLASS   CONFIG         
                config                             8007     8007        4         0

        CLASS   IDLOC          

        CLASS   EEDATA         
                bssEEDATA                             0     F000        A         3

        CLASS   BANK31         

        CLASS   BANK30         

        CLASS   BANK29         

        CLASS   BANK28         

        CLASS   BANK27         

        CLASS   BANK26         

        CLASS   BANK25         

        CLASS   BANK24         

        CLASS   BANK23         

        CLASS   BANK22         

        CLASS   BANK21         

        CLASS   BANK20         

        CLASS   BANK19         

        CLASS   BANK18         

        CLASS   BANK17         

        CLASS   BANK16         

        CLASS   BANK15         

        CLASS   BANK14         

        CLASS   BANK13         



SEGMENTS        Name                           Load    Length   Top    Selector   Space  Class     Delta

                reset_vec                      000000  000002  000002         0       0  CODE        2
                intentry                       000004  000255  000259         8       0  CODE        2
                bssBANK0                       000020  000049  000069        20       1  BANK0       1
                cstackCOMMON                   000070  00000C  00007C        70       1  COMMON      1
                cstackBANK1                    0000A0  00002B  0000CB        A0       1  BANK1       1
                stringtext1                    000259  0001EA  000443       4B2       0  STRCODE     2
                maintext                       000443  0003BB  0007FE       886       0  CODE        2
                idataBANK0                     000BAB  000003  000BAE      1756       0  CODE        2
                clrtext                        000BAE  000006  000BB4      175C       0  CODE        2
                inittext                       000BB4  000006  000BBA      1768       0  CODE        2
                text15                         000BBA  00000C  000BC6      1774       0  CODE        2
                text13                         000BC6  00000D  000BD3      178C       0  CODE        2
                idataBANK1                     000BD3  00000E  000BE1      17A6       0  CODE        2
                text4                          000BE1  00000F  000BF0      17C2       0  CODE        2
                text20                         000BF0  00001F  000C0F      17E0       0  CODE        2
                text3                          000C0F  000024  000C33      181E       0  CODE        2
                text7                          000C33  000025  000C58      1866       0  CODE        2
                text9                          000C58  000026  000C7E      18B0       0  CODE        2
                text18                         000C7E  000027  000CA5      18FC       0  CODE        2
                text6                          000CA5  000034  000CD9      194A       0  CODE        2
                text5                          000CD9  000035  000D0E      19B2       0  CODE        2
                text12                         000D0E  000048  000D56      1A1C       0  CODE        2
                text14                         000D56  000051  000DA7      1AAC       0  CODE        2
                text10                         000DA7  00006C  000E13      1B4E       0  CODE        2
                text21                         000E13  000086  000E99      1C26       0  CODE        2
                text17                         000E99  000089  000F22      1D32       0  CODE        2
                text2                          000F22  0000DE  001000      1E44       0  CODE        2
                stringtext2                    001000  0000EE  0010EE      2000       0  STRCODE     2
                config                         008007  000004  00800B     1000E       0  CONFIG      2
                bssEEDATA                      00F000  00000A  00F00A     1E000       3  EEDATA      2


UNUSED ADDRESS RANGES

        Name                Unused          Largest block    Delta
        BANK0            00069-0006F               7           1
        BANK1            000CB-000EF              25           1
        BANK10           00520-0056F              50           1
        BANK11           005A0-005EF              50           1
        BANK12           00620-0064F              30           1
        BANK2            00120-0016F              50           1
        BANK3            001A0-001EF              50           1
        BANK4            00220-0026F              50           1
        BANK5            002A0-002EF              50           1
        BANK6            00320-0036F              50           1
        BANK7            003A0-003EF              50           1
        BANK8            00420-0046F              50           1
        BANK9            004A0-004EF              50           1
        BIGRAM           02000-023EF             3F0           1
        CODE             00002-00003               2           2
                         007FE-00BAA               2
                         010EE-01FFF             712
        COMMON           0007C-0007D               2           1
        CONST            00002-00003               2           2
                         007FE-00BAA             100
                         010EE-01FFF             100
        EEDATA           0F00A-0F0FF              F6           2
        ENTRY            00002-00003               2           2
                         007FE-00BAA             100
                         010EE-01FFF             100
        IDLOC            08000-08003               4           2
        RAM              00069-0006F               7           1
                         000CB-000EF              25
                         00120-0016F              50
                         001A0-001EF              50
                         00220-0026F              50
                         002A0-002EF              50
                         00320-0036F              50
                         003A0-003EF              50
                         00420-0046F              50
                         004A0-004EF              50
                         00520-0056F              50
                         005A0-005EF              50
                         00620-0064F              30
        SFR0             00000-0001F              20           1
        SFR1             00080-0009F              20           1
        SFR10            00500-0051F              20           1
        SFR11            00580-0059F              20           1
        SFR12            00600-0061F              20           1
        SFR13            00680-006EF              70           1
        SFR14            00700-0076F              70           1
        SFR15            00780-007EF              70           1
        SFR16            00800-0086F              70           1
        SFR17            00880-008EF              70           1
        SFR18            00900-0096F              70           1
        SFR19            00980-009EF              70           1
        SFR2             00100-0011F              20           1
        SFR20            00A00-00A6F              70           1
        SFR21            00A80-00AEF              70           1
        SFR22            00B00-00B6F              70           1
        SFR23            00B80-00BEF              70           1
        SFR24            00C00-00C6F              70           1
        SFR25            00C80-00CEF              70           1
        SFR26            00D00-00D6F              70           1
        SFR27            00D80-00DEF              70           1
        SFR28            00E00-00E6F              70           1
        SFR29            00E80-00EEF              70           1
        SFR3             00180-0019F              20           1
        SFR30            00F00-00F6F              70           1
        SFR31            00F80-00FEF              70           1
        SFR4             00200-0021F              20           1
        SFR5             00280-0029F              20           1
        SFR6             00300-0031F              20           1
        SFR7             00380-0039F              20           1
        SFR8             00400-0041F              20           1
        SFR9             00480-0049F              20           1
        STACK            0207B-023EF             375           1
        STRCODE          00002-00003               2           2
                         007FE-00BAA             3AD
                         010EE-01FFF             F12
        STRING           00002-00003               2           2
                         007FE-00BAA             100
                         010EE-01FFF             100

                                  Symbol Table

?___wmul                            cstackCOMMON 00070
GPIO@i                              cstackBANK0  00065
INC_EEPROM_MODE@Temp_Mode_Data      cstackBANK1  000AA
Initial_Start@i                     cstackBANK1  000AD
Initial_Start@read_data             cstackBANK1  000AC
ReWriteEEPROM@i                     cstackBANK1  000A8
SetOUTPUT@pwmCounter                bssBANK0     0002A
SetOUTPUT@temporaryGPIO             bssBANK0     0002B
_ANSELA                             (abs)        0018C
_ANSELAbits                         (abs)        0018C
_ANSELC                             (abs)        0018E
_COLOR_DETECT_LOW_counter           bssBANK0     00040
_COLOR_DETECT_counter               bssBANK0     00044
_ConfigureOscillator                text15       00BBA
_CurrentColorMax                    dataBANK1    000B1
_EEprom_ColorState                  bssEEDATA    00000
_EEprom_InPhase                     bssEEDATA    00003
_EEprom_Written_Flag                bssEEDATA    00009
_EEprom_mode                        bssEEDATA    00006
_GIE                                (abs)        0005F
_GLOBAL_CHANNELS_EN_DUAL            bssBANK0     00032
_GLOBAL_CHANNELS_EN_copy            bssBANK0     0003F
_GLOBAL_Dummy_Counter               bssBANK0     00051
_GLOBAL_Dummy_Counter2              bssBANK0     00050
_GLOBAL_MODE1_LOW_counter           bssBANK0     00043
_GLOBAL_MODE1_counter               bssBANK0     00047
_GLOBAL_MODE2_LOW_counter           bssBANK0     00041
_GLOBAL_MODE2_counter               bssBANK0     00045
_GLOBAL_Mode_copy                   bssBANK0     00023
_GLOBAL_SYNC_Line_LOW_counter       bssBANK0     00042
_GLOBAL_SYNC_Line_counter           bssBANK0     00046
_GLOBAL_SYNC_PULSE_Counter          bssCOMMON    00077
_GLOBAL_Selected_Mode_Number        bssBANK0     0004A
_GLOBAL_Selected_Mode_Type          bssBANK0     00049
_GLOBAL_Selected_Mode_Type_copy     bssBANK0     00048
_GLOBAL_combo_patterns_column_index bssCOMMON    00078
_GLOBAL_combo_patterns_counter      bssBANK0     0004B
_GLOBAL_combo_patterns_index        bssBANK0     00058
_GLOBAL_combo_patterns_index_copy   bssBANK0     00059
_GLOBAL_sub_patterns_column_index   bssCOMMON    0007B
_GLOBAL_sub_patterns_index          bssCOMMON    0007A
_GLOBAL_sub_patterns_index_copy     bssBANK0     0005A
_GLOBAL_sub_patterns_timer          bssBANK0     0005B
_GLOCAL_Program_Color               bssBANK0     00030
_GPIO                               text9        00C58
_INC_EEPROM_MODE                    text10       00DA7
_INTCONbits                         (abs)        0000B
_Increment_Color_State              text8        00636
_InitApp                            text7        00C33
_Initial_Start                      text2        00F22
_LATA                               (abs)        0010C
_LATC                               (abs)        0010E
_NVMADRH                            (abs)        00892
_NVMADRL                            (abs)        00891
_NVMCON1bits                        (abs)        00895
_NVMCON2                            (abs)        00896
_NVMDATH                            (abs)        00894
_NVMDATL                            (abs)        00893
_OSCCON1bits                        (abs)        00919
_OSCFRQbits                         (abs)        0091F
_OUTPUT_BUFFER                      bssCOMMON    00079
_OUTPUT_BUFFER_COPY                 bssBANK0     00052
_PEIE                               (abs)        0005E
_PORTA                              (abs)        0000C
_PORTAbits                          (abs)        0000C
_PORTC                              (abs)        0000E
_PORTCbits                          (abs)        0000E
_PR2                                (abs)        0001E
_ROM_COMBO_Patterns                 stringtext1  00259
_ROM_Sub_Patterns                   stringtext2  01000
_ROM_Sub_Patterns_Time              stringtext3  01077
_ReWriteEEPROM                      text12       00D0E
_Read_Mode_Input                    text21       00E13
_STATUSbits                         (abs)        00003
_SetOUTPUT                          text1        0072C
_T2CON                              (abs)        0001F
_T2CONbits                          (abs)        0001F
_TMR2IE                             (abs)        00489
_TMR2IF                             (abs)        00089
_TRISA                              (abs)        0008C
_TRISAbits                          (abs)        0008C
_TRISC                              (abs)        0008E
_TRISCbits                          (abs)        0008E
_Update_ComboPattern_Index          text11       007BF
_Update_Input_Mode_Type             text6        00CA5
_WriteEEPROMDefaults                text3        00C0F
__CFG_BOREN$ON                      (abs)        00000
__CFG_CP$ON                         (abs)        00000
__CFG_CPD$ON                        (abs)        00000
__CFG_FCMEN$ON                      (abs)        00000
__CFG_FEXTOSC$OFF                   (abs)        00000
__CFG_MCLRE$OFF                     (abs)        00000
__CFG_PWRTE$OFF                     (abs)        00000
__CFG_WDTE$ON                       (abs)        00000
__Habs1                             abs1         00000
__Hbank0                            bank0        00000
__Hbank1                            bank1        00000
__Hbank10                           bank10       00000
__Hbank11                           bank11       00000
__Hbank12                           bank12       00000
__Hbank13                           bank13       00000
__Hbank14                           bank14       00000
__Hbank15                           bank15       00000
__Hbank16                           bank16       00000
__Hbank17                           bank17       00000
__Hbank18                           bank18       00000
__Hbank19                           bank19       00000
__Hbank2                            bank2        00000
__Hbank20                           bank20       00000
__Hbank21                           bank21       00000
__Hbank22                           bank22       00000
__Hbank23                           bank23       00000
__Hbank24                           bank24       00000
__Hbank25                           bank25       00000
__Hbank26                           bank26       00000
__Hbank27                           bank27       00000
__Hbank28                           bank28       00000
__Hbank29                           bank29       00000
__Hbank3                            bank3        00000
__Hbank30                           bank30       00000
__Hbank31                           bank31       00000
__Hbank4                            bank4        00000
__Hbank5                            bank5        00000
__Hbank6                            bank6        00000
__Hbank7                            bank7        00000
__Hbank8                            bank8        00000
__Hbank9                            bank9        00000
__Hbigram                           bigram       00000
__HbssBANK0                         bssBANK0     00000
__HbssBANK1                         bssBANK1     00000
__HbssCOMMON                        bssCOMMON    00000
__HbssEEDATA                        bssEEDATA    00000
__Hcinit                            cinit        00259
__Hclrtext                          clrtext      00000
__Hcode                             code         00000
__Hcommon                           common       00000
__Hconfig                           config       0800B
__HcstackBANK0                      cstackBANK0  00000
__HcstackBANK1                      cstackBANK1  00000
__HcstackCOMMON                     cstackCOMMON 00000
__HdataBANK0                        dataBANK0    00000
__HdataBANK1                        dataBANK1    00000
__Heeprom_data                      eeprom_data  00000
__Hend_init                         end_init     00228
__Hfunctab                          functab      00000
__HidataBANK0                       idataBANK0   00000
__HidataBANK1                       idataBANK1   00000
__Hidloc                            idloc        00000
__Hinit                             init         00226
__Hinittext                         inittext     00000
__Hintentry                         intentry     00226
__Hmaintext                         maintext     00000
__Hpowerup                          powerup      00000
__Hram                              ram          00000
__Hreset_vec                        reset_vec    00002
__Hsfr0                             sfr0         00000
__Hsfr1                             sfr1         00000
__Hsfr10                            sfr10        00000
__Hsfr11                            sfr11        00000
__Hsfr12                            sfr12        00000
__Hsfr13                            sfr13        00000
__Hsfr14                            sfr14        00000
__Hsfr15                            sfr15        00000
__Hsfr16                            sfr16        00000
__Hsfr17                            sfr17        00000
__Hsfr18                            sfr18        00000
__Hsfr19                            sfr19        00000
__Hsfr2                             sfr2         00000
__Hsfr20                            sfr20        00000
__Hsfr21                            sfr21        00000
__Hsfr22                            sfr22        00000
__Hsfr23                            sfr23        00000
__Hsfr24                            sfr24        00000
__Hsfr25                            sfr25        00000
__Hsfr26                            sfr26        00000
__Hsfr27                            sfr27        00000
__Hsfr28                            sfr28        00000
__Hsfr29                            sfr29        00000
__Hsfr3                             sfr3         00000
__Hsfr30                            sfr30        00000
__Hsfr31                            sfr31        00000
__Hsfr4                             sfr4         00000
__Hsfr5                             sfr5         00000
__Hsfr6                             sfr6         00000
__Hsfr7                             sfr7         00000
__Hsfr8                             sfr8         00000
__Hsfr9                             sfr9         00000
__Hspace_0                          (abs)        0800B
__Hspace_1                          (abs)        000CB
__Hspace_2                          (abs)        00000
__Hspace_3                          (abs)        0000A
__Hstack                            stack        00000
__Hstrings                          strings      00000
__Hstringtext1                      stringtext1  00000
__Hstringtext2                      stringtext2  00000
__Hstringtext3                      stringtext3  00000
__Htext                             text         00000
__Labs1                             abs1         00000
__Lbank0                            bank0        00000
__Lbank1                            bank1        00000
__Lbank10                           bank10       00000
__Lbank11                           bank11       00000
__Lbank12                           bank12       00000
__Lbank13                           bank13       00000
__Lbank14                           bank14       00000
__Lbank15                           bank15       00000
__Lbank16                           bank16       00000
__Lbank17                           bank17       00000
__Lbank18                           bank18       00000
__Lbank19                           bank19       00000
__Lbank2                            bank2        00000
__Lbank20                           bank20       00000
__Lbank21                           bank21       00000
__Lbank22                           bank22       00000
__Lbank23                           bank23       00000
__Lbank24                           bank24       00000
__Lbank25                           bank25       00000
__Lbank26                           bank26       00000
__Lbank27                           bank27       00000
__Lbank28                           bank28       00000
__Lbank29                           bank29       00000
__Lbank3                            bank3        00000
__Lbank30                           bank30       00000
__Lbank31                           bank31       00000
__Lbank4                            bank4        00000
__Lbank5                            bank5        00000
__Lbank6                            bank6        00000
__Lbank7                            bank7        00000
__Lbank8                            bank8        00000
__Lbank9                            bank9        00000
__Lbigram                           bigram       00000
__LbssBANK0                         bssBANK0     00000
__LbssBANK1                         bssBANK1     00000
__LbssCOMMON                        bssCOMMON    00000
__LbssEEDATA                        bssEEDATA    00000
__Lcinit                            cinit        00228
__Lclrtext                          clrtext      00000
__Lcode                             code         00000
__Lcommon                           common       00000
__Lconfig                           config       08007
__LcstackBANK0                      cstackBANK0  00000
__LcstackBANK1                      cstackBANK1  00000
__LcstackCOMMON                     cstackCOMMON 00000
__LdataBANK0                        dataBANK0    00000
__LdataBANK1                        dataBANK1    00000
__Leeprom_data                      eeprom_data  00000
__Lend_init                         end_init     00226
__Lfunctab                          functab      00000
__LidataBANK0                       idataBANK0   00000
__LidataBANK1                       idataBANK1   00000
__Lidloc                            idloc        00000
__Linit                             init         00226
__Linittext                         inittext     00000
__Lintentry                         intentry     00004
__Lmaintext                         maintext     00000
__Lpowerup                          powerup      00000
__Lram                              ram          00000
__Lreset_vec                        reset_vec    00000
__Lsfr0                             sfr0         00000
__Lsfr1                             sfr1         00000
__Lsfr10                            sfr10        00000
__Lsfr11                            sfr11        00000
__Lsfr12                            sfr12        00000
__Lsfr13                            sfr13        00000
__Lsfr14                            sfr14        00000
__Lsfr15                            sfr15        00000
__Lsfr16                            sfr16        00000
__Lsfr17                            sfr17        00000
__Lsfr18                            sfr18        00000
__Lsfr19                            sfr19        00000
__Lsfr2                             sfr2         00000
__Lsfr20                            sfr20        00000
__Lsfr21                            sfr21        00000
__Lsfr22                            sfr22        00000
__Lsfr23                            sfr23        00000
__Lsfr24                            sfr24        00000
__Lsfr25                            sfr25        00000
__Lsfr26                            sfr26        00000
__Lsfr27                            sfr27        00000
__Lsfr28                            sfr28        00000
__Lsfr29                            sfr29        00000
__Lsfr3                             sfr3         00000
__Lsfr30                            sfr30        00000
__Lsfr31                            sfr31        00000
__Lsfr4                             sfr4         00000
__Lsfr5                             sfr5         00000
__Lsfr6                             sfr6         00000
__Lsfr7                             sfr7         00000
__Lsfr8                             sfr8         00000
__Lsfr9                             sfr9         00000
__Lspace_0                          (abs)        00000
__Lspace_1                          (abs)        00000
__Lspace_2                          (abs)        00000
__Lspace_3                          (abs)        00000
__Lstack                            stack        00000
__Lstrings                          strings      00000
__Lstringtext1                      stringtext1  00000
__Lstringtext2                      stringtext2  00000
__Lstringtext3                      stringtext3  00000
__Ltext                             text         00000
__S0                                (abs)        0800B
__S1                                (abs)        000CB
__S2                                (abs)        00000
__S3                                (abs)        0F00A
___ctoee                            text13       00BC6
___ctoee@addr                       cstackBANK1  000A6
___ctoee@data                       cstackBANK1  000A4
___eecpymem                         text5        00CD9
___eecpymem@cp                      cstackBANK1  000A2
___eecpymem@from                    cstackBANK1  000A0
___eecpymem@size                    cstackBANK1  000A1
___eecpymem@to                      cstackBANK1  000A3
___eetoc                            text4        00BE1
___eetoc@addr                       cstackBANK1  000A5
___eetoc@data                       cstackBANK1  000A6
___int_sp                           stack        00000
___latbits                          (abs)        00002
___memcpyee                         text14       00D56
___memcpyee@from                    cstackBANK1  000A0
___memcpyee@ptr                     cstackBANK1  000A2
___memcpyee@size                    cstackBANK1  000A1
___memcpyee@to                      cstackBANK1  000A3
___sp                               stack        00000
___stackhi                          (abs)        023EF
___stacklo                          (abs)        0207B
___wmul                             text20       00BF0
___wmul@multiplicand                cstackCOMMON 00072
___wmul@multiplier                  cstackCOMMON 00070
___wmul@product                     cstackCOMMON 00074
__end_of_ConfigureOscillator        text15       00BC6
__end_of_GPIO                       text9        00C7E
__end_of_INC_EEPROM_MODE            text10       00E13
__end_of_Increment_Color_State      text8        0072C
__end_of_InitApp                    text7        00C58
__end_of_Initial_Start              text2        01000
__end_of_ROM_COMBO_Patterns         stringtext1  00443
__end_of_ROM_Sub_Patterns           stringtext2  01077
__end_of_ROM_Sub_Patterns_Time      stringtext3  010EE
__end_of_ReWriteEEPROM              text12       00D56
__end_of_Read_Mode_Input            text21       00E99
__end_of_SetOUTPUT                  text1        007BF
__end_of_Update_ComboPattern_Index  text11       007FE
__end_of_Update_Input_Mode_Type     text6        00CD9
__end_of_WriteEEPROMDefaults        text3        00C33
__end_of___ctoee                    text13       00BD3
__end_of___eecpymem                 text5        00D0E
__end_of___eetoc                    text4        00BF0
__end_of___memcpyee                 text14       00DA7
__end_of___wmul                     text20       00C0F
__end_of__initialization            cinit        00255
__end_of_isr                        intentry     00226
__end_of_main                       maintext     0053F
__end_of_setColorState              text19       00636
__end_ofi1_GPIO                     text18       00CA5
__end_ofi1_SetOUTPUT                text17       00F22
__initialization                    cinit        00228
__pbssBANK0                         bssBANK0     00020
__pbssBANK1                         bssBANK1     000BF
__pbssCOMMON                        bssCOMMON    00077
__pbssEEDATA                        bssEEDATA    00000
__pcstackBANK0                      cstackBANK0  0005E
__pcstackBANK1                      cstackBANK1  000A0
__pcstackCOMMON                     cstackCOMMON 00070
__pdataBANK0                        dataBANK0    00066
__pdataBANK1                        dataBANK1    000B1
__pidataBANK0                       idataBANK0   00BAB
__pidataBANK1                       idataBANK1   00BD3
__pintentry                         intentry     00004
__pmaintext                         maintext     00443
__pstringtext1                      stringtext1  00259
__pstringtext2                      stringtext2  01000
__pstringtext3                      stringtext3  01077
__ptext1                            text1        0072C
__ptext10                           text10       00DA7
__ptext11                           text11       007BF
__ptext12                           text12       00D0E
__ptext13                           text13       00BC6
__ptext14                           text14       00D56
__ptext15                           text15       00BBA
__ptext17                           text17       00E99
__ptext18                           text18       00C7E
__ptext19                           text19       0053F
__ptext2                            text2        00F22
__ptext20                           text20       00BF0
__ptext21                           text21       00E13
__ptext3                            text3        00C0F
__ptext4                            text4        00BE1
__ptext5                            text5        00CD9
__ptext6                            text6        00CA5
__ptext7                            text7        00C33
__ptext8                            text8        00636
__ptext9                            text9        00C58
__size_of_ConfigureOscillator       (abs)        00000
__size_of_GPIO                      (abs)        00000
__size_of_INC_EEPROM_MODE           (abs)        00000
__size_of_Increment_Color_State     (abs)        00000
__size_of_InitApp                   (abs)        00000
__size_of_Initial_Start             (abs)        00000
__size_of_ReWriteEEPROM             (abs)        00000
__size_of_Read_Mode_Input           (abs)        00000
__size_of_SetOUTPUT                 (abs)        00000
__size_of_Update_ComboPattern_Index (abs)        00000
__size_of_Update_Input_Mode_Type    (abs)        00000
__size_of_WriteEEPROMDefaults       (abs)        00000
__size_of___ctoee                   (abs)        00000
__size_of___eecpymem                (abs)        00000
__size_of___eetoc                   (abs)        00000
__size_of___memcpyee                (abs)        00000
__size_of___wmul                    (abs)        00000
__size_of_isr                       (abs)        00000
__size_of_main                      (abs)        00000
__size_of_setColorState             (abs)        00000
__size_ofi1_GPIO                    (abs)        00000
__size_ofi1_SetOUTPUT               (abs)        00000
_bCOLOR_DETECT_PRESSED              bssBANK0     00037
_bGLOBAL_CHANGING_PATTERN           bssBANK0     0003D
_bGLOBAL_CHANGING_PATTERN_Enforce   bssBANK0     0003C
_bGLOBAL_DISABLE_SYNC_Line_PRESSED  bssBANK0     0003E
_bGLOBAL_ENABLE_LEDS                bssBANK0     0003A
_bGLOBAL_END_OF_CYCLE_COND1         bssBANK0     00056
_bGLOBAL_END_OF_CYCLE_COND2         bssBANK0     00055
_bGLOBAL_IS_PROGRAMMING             bssBANK0     0003B
_bGLOBAL_InPhase                    bssBANK0     00054
_bGLOBAL_InPhase_copy               bssBANK0     00020
_bGLOBAL_MODE1_PRESSED              bssBANK0     00039
_bGLOBAL_MODE2_PRESSED              bssBANK0     00038
_bGLOBAL_OUTPUT_BUFFER_CHANGED      bssBANK0     0005D
_bGLOBAL_STEADY_ON                  bssBANK0     0005C
_bGLOBAL_SYNC_Line_PRESSED          bssBANK0     00035
_bGLOBAL_SYNC_SENT                  bssBANK0     00053
_bGiveControlToColorProgram         bssBANK0     0002F
_bPrev_COLOR_DETECT_PRESSED         bssBANK0     00036
_channelToBeDisplayed               bssBANK0     00033
_colorResetCounter                  bssBANK1     000BF
_colorState                         dataBANK0    00066
_currentColor                       bssBANK0     00034
_currentColorCounter                bssBANK0     00057
_earlyOutput                        bssBANK0     0002C
_indexOfMode                        bssBANK0     0002E
_isr                                intentry     00004
_main                               maintext     00443
_pwmBool                            bssBANK0     00031
_setColorState                      text19       0053F
_startUpProgram                     bssBANK0     0004F
btemp                               (abs)        0007E
clear_ram0                          clrtext      00BAE
end_of_initialization               cinit        00255
i1GPIO@i                            cstackCOMMON 00070
i1_GPIO                             text18       00C7E
i1_SetOUTPUT                        text17       00E99
init_ram                            inittext     00BB4
int$flags                           (abs)        0007E
intlevel0                           functab      00000
intlevel1                           functab      00000
intlevel2                           functab      00000
intlevel3                           functab      00000
intlevel4                           functab      00000
intlevel5                           functab      00000
isr@temp_data1                      cstackCOMMON 00076
isr@tenMSCounter                    bssBANK0     0004E
main@tempvar1                       cstackBANK1  000B0
reset_vec                           reset_vec    00000
start                               init         00226
start_initialization                cinit        00228
wtemp0                              (abs)        0007E


FUNCTION INFORMATION:

 *************** function _main *****************
 Defined at:
		line 1061 in file "main.c"
 Parameters:    Size  Location     Type
		None
 Auto vars:     Size  Location     Type
  tempvar1        1   16[BANK1 ] unsigned char 
  tester          1    0        unsigned char 
 Return value:  Size  Location     Type
                  1    wreg      void 
 Registers used:
		wreg, fsr0l, fsr0h, fsr1l, fsr1h, status,2, status,0, pclath, cstack
 Tracked objects:
		On entry : 
		On exit  : 
		Unchanged: 
 Data sizes:     COMMON   BANK0   BANK1   BANK2   BANK3   BANK4   BANK5   BANK6   BANK7   BANK8   BANK9  BANK10  BANK11  BANK12
      Params:         0       0       0       0       0       0       0       0       0       0       0       0       0       0
      Locals:         0       0       2       0       0       0       0       0       0       0       0       0       0       0
      Temps:          0       0       1       0       0       0       0       0       0       0       0       0       0       0
      Totals:         0       0       3       0       0       0       0       0       0       0       0       0       0       0
Total ram usage:        3 bytes
 Hardware stack levels required when called:    8
 This function calls:
		_ConfigureOscillator
		_INC_EEPROM_MODE
		_Increment_Color_State
		_InitApp
		_Initial_Start
		_ReWriteEEPROM
		_SetOUTPUT
		_Update_ComboPattern_Index
		_Update_Input_Mode_Type
 This function is called by:
		Startup code after reset
 This function uses a non-reentrant model


 *************** function _SetOUTPUT *****************
 Defined at:
		line 386 in file "main.c"
 Parameters:    Size  Location     Type
		None
 Auto vars:     Size  Location     Type
		None
 Return value:  Size  Location     Type
                  1    wreg      void 
 Registers used:
		wreg, status,2, status,0, pclath, cstack
 Tracked objects:
		On entry : 
		On exit  : 
		Unchanged: 
 Data sizes:     COMMON   BANK0   BANK1   BANK2   BANK3   BANK4   BANK5   BANK6   BANK7   BANK8   BANK9  BANK10  BANK11  BANK12
      Params:         0       0       0       0       0       0       0       0       0       0       0       0       0       0
      Locals:         0       0       0       0       0       0       0       0       0       0       0       0       0       0
      Temps:          0       0       1       0       0       0       0       0       0       0       0       0       0       0
      Totals:         0       0       1       0       0       0       0       0       0       0       0       0       0       0
Total ram usage:        1 bytes
 Hardware stack levels used:    1
 Hardware stack levels required when called:    4
 This function calls:
		_GPIO
 This function is called by:
		_main
 This function uses a non-reentrant model


 *************** function _Initial_Start *****************
 Defined at:
		line 991 in file "main.c"
 Parameters:    Size  Location     Type
		None
 Auto vars:     Size  Location     Type
  i               1   13[BANK1 ] unsigned char 
  read_data       1   12[BANK1 ] unsigned char 
 Return value:  Size  Location     Type
                  1    wreg      void 
 Registers used:
		wreg, fsr0l, fsr0h, fsr1l, fsr1h, status,2, status,0, pclath, cstack
 Tracked objects:
		On entry : 
		On exit  : 
		Unchanged: 
 Data sizes:     COMMON   BANK0   BANK1   BANK2   BANK3   BANK4   BANK5   BANK6   BANK7   BANK8   BANK9  BANK10  BANK11  BANK12
      Params:         0       0       0       0       0       0       0       0       0       0       0       0       0       0
      Locals:         0       0       2       0       0       0       0       0       0       0       0       0       0       0
      Temps:          0       0       2       0       0       0       0       0       0       0       0       0       0       0
      Totals:         0       0       4       0       0       0       0       0       0       0       0       0       0       0
Total ram usage:        4 bytes
 Hardware stack levels used:    1
 Hardware stack levels required when called:    7
 This function calls:
		_Update_ComboPattern_Index
		_Update_Input_Mode_Type
		_WriteEEPROMDefaults
		___eetoc
 This function is called by:
		_main
 This function uses a non-reentrant model


 *************** function _WriteEEPROMDefaults *****************
 Defined at:
		line 504 in file "main.c"
 Parameters:    Size  Location     Type
		None
 Auto vars:     Size  Location     Type
		None
 Return value:  Size  Location     Type
                  1    wreg      void 
 Registers used:
		wreg, fsr1l, fsr1h, status,2, status,0, pclath, cstack
 Tracked objects:
		On entry : 
		On exit  : 
		Unchanged: 
 Data sizes:     COMMON   BANK0   BANK1   BANK2   BANK3   BANK4   BANK5   BANK6   BANK7   BANK8   BANK9  BANK10  BANK11  BANK12
      Params:         0       0       0       0       0       0       0       0       0       0       0       0       0       0
      Locals:         0       0       0       0       0       0       0       0       0       0       0       0       0       0
      Temps:          0       0       1       0       0       0       0       0       0       0       0       0       0       0
      Totals:         0       0       1       0       0       0       0       0       0       0       0       0       0       0
Total ram usage:        1 bytes
 Hardware stack levels used:    1
 Hardware stack levels required when called:    6
 This function calls:
		_ReWriteEEPROM
		___eetoc
 This function is called by:
		_Initial_Start
 This function uses a non-reentrant model


 *************** function ___eetoc *****************
 Defined at:
		line 104 in file "C:\Program Files (x86)\Microchip\xc8\v2.10\pic\sources\c90\pic\__eeprom.c"
 Parameters:    Size  Location     Type
  addr            1    wreg     PTR eeprom void 
		 -> EEprom_ColorState(3), EEprom_InPhase(3), EEprom_mode(3), EEprom_Written_Flag(1), 
 Auto vars:     Size  Location     Type
  addr            1    5[BANK1 ] PTR eeprom void 
		 -> EEprom_ColorState(3), EEprom_InPhase(3), EEprom_mode(3), EEprom_Written_Flag(1), 
  data            1    6[BANK1 ] unsigned char 
 Return value:  Size  Location     Type
                  1    wreg      unsigned char 
 Registers used:
		wreg, fsr1l, fsr1h, status,2, status,0, pclath, cstack
 Tracked objects:
		On entry : 
		On exit  : 
		Unchanged: 
 Data sizes:     COMMON   BANK0   BANK1   BANK2   BANK3   BANK4   BANK5   BANK6   BANK7   BANK8   BANK9  BANK10  BANK11  BANK12
      Params:         0       0       0       0       0       0       0       0       0       0       0       0       0       0
      Locals:         0       0       2       0       0       0       0       0       0       0       0       0       0       0
      Temps:          0       0       1       0       0       0       0       0       0       0       0       0       0       0
      Totals:         0       0       3       0       0       0       0       0       0       0       0       0       0       0
Total ram usage:        3 bytes
 Hardware stack levels used:    1
 Hardware stack levels required when called:    4
 This function calls:
		___eecpymem
 This function is called by:
		_WriteEEPROMDefaults
		_Initial_Start
 This function uses a non-reentrant model


 *************** function ___eecpymem *****************
 Defined at:
		line 6 in file "C:\Program Files (x86)\Microchip\xc8\v2.10\pic\sources\c90\pic\__eeprom.c"
 Parameters:    Size  Location     Type
  to              1    wreg     PTR volatile unsigned ch
		 -> __eetofl@data(3), __eetoft@data(3), __eetoo@data(4), __eetol@data(4), 
		 -> __eetom@data(3), __eetoi@data(2), __eetoc@data(1), 
  from            1    0[BANK1 ] PTR eeprom unsigned char
		 -> EEprom_ColorState(3), EEprom_InPhase(3), EEprom_mode(3), EEprom_Written_Flag(1), 
  size            1    1[BANK1 ] unsigned char 
 Auto vars:     Size  Location     Type
  to              1    3[BANK1 ] PTR volatile unsigned ch
		 -> __eetofl@data(3), __eetoft@data(3), __eetoo@data(4), __eetol@data(4), 
		 -> __eetom@data(3), __eetoi@data(2), __eetoc@data(1), 
  cp              1    2[BANK1 ] PTR volatile unsigned ch
		 -> __eetofl@data(3), __eetoft@data(3), __eetoo@data(4), __eetol@data(4), 
		 -> __eetom@data(3), __eetoi@data(2), __eetoc@data(1), 
 Return value:  Size  Location     Type
                  1    wreg      void 
 Registers used:
		wreg, fsr1l, fsr1h, status,2, status,0
 Tracked objects:
		On entry : 
		On exit  : 
		Unchanged: 
 Data sizes:     COMMON   BANK0   BANK1   BANK2   BANK3   BANK4   BANK5   BANK6   BANK7   BANK8   BANK9  BANK10  BANK11  BANK12
      Params:         0       0       2       0       0       0       0       0       0       0       0       0       0       0
      Locals:         0       0       2       0       0       0       0       0       0       0       0       0       0       0
      Temps:          0       1       0       0       0       0       0       0       0       0       0       0       0       0
      Totals:         0       1       4       0       0       0       0       0       0       0       0       0       0       0
Total ram usage:        5 bytes
 Hardware stack levels used:    1
 Hardware stack levels required when called:    3
 This function calls:
		Nothing
 This function is called by:
		___eetoc
 This function uses a non-reentrant model


 *************** function _Update_Input_Mode_Type *****************
 Defined at:
		line 966 in file "main.c"
 Parameters:    Size  Location     Type
		None
 Auto vars:     Size  Location     Type
		None
 Return value:  Size  Location     Type
                  1    wreg      void 
 Registers used:
		wreg, fsr1l, fsr1h, status,2, status,0, pclath, cstack
 Tracked objects:
		On entry : 
		On exit  : 
		Unchanged: 
 Data sizes:     COMMON   BANK0   BANK1   BANK2   BANK3   BANK4   BANK5   BANK6   BANK7   BANK8   BANK9  BANK10  BANK11  BANK12
      Params:         0       0       0       0       0       0       0       0       0       0       0       0       0       0
      Locals:         0       0       0       0       0       0       0       0       0       0       0       0       0       0
      Temps:          0       0       1       0       0       0       0       0       0       0       0       0       0       0
      Totals:         0       0       1       0       0       0       0       0       0       0       0       0       0       0
Total ram usage:        1 bytes
 Hardware stack levels used:    1
 Hardware stack levels required when called:    4
 This function calls:
		_Update_ComboPattern_Index
 This function is called by:
		_Initial_Start
		_main
 This function uses a non-reentrant model


 *************** function _InitApp *****************
 Defined at:
		line 22 in file "user.c"
 Parameters:    Size  Location     Type
		None
 Auto vars:     Size  Location     Type
		None
 Return value:  Size  Location     Type
                  1    wreg      void 
 Registers used:
		wreg, status,2
 Tracked objects:
		On entry : 
		On exit  : 
		Unchanged: 
 Data sizes:     COMMON   BANK0   BANK1   BANK2   BANK3   BANK4   BANK5   BANK6   BANK7   BANK8   BANK9  BANK10  BANK11  BANK12
      Params:         0       0       0       0       0       0       0       0       0       0       0       0       0       0
      Locals:         0       0       0       0       0       0       0       0       0       0       0       0       0       0
      Temps:          0       0       0       0       0       0       0       0       0       0       0       0       0       0
      Totals:         0       0       0       0       0       0       0       0       0       0       0       0       0       0
Total ram usage:        0 bytes
 Hardware stack levels used:    1
 Hardware stack levels required when called:    3
 This function calls:
		Nothing
 This function is called by:
		_main
 This function uses a non-reentrant model


 *************** function _Increment_Color_State *****************
 Defined at:
		line 762 in file "main.c"
 Parameters:    Size  Location     Type
		None
 Auto vars:     Size  Location     Type
		None
 Return value:  Size  Location     Type
                  1    wreg      void 
 Registers used:
		wreg, fsr1l, fsr1h, status,2, status,0, pclath, cstack
 Tracked objects:
		On entry : 
		On exit  : 
		Unchanged: 
 Data sizes:     COMMON   BANK0   BANK1   BANK2   BANK3   BANK4   BANK5   BANK6   BANK7   BANK8   BANK9  BANK10  BANK11  BANK12
      Params:         0       0       0       0       0       0       0       0       0       0       0       0       0       0
      Locals:         0       0       0       0       0       0       0       0       0       0       0       0       0       0
      Temps:          0       0       1       0       0       0       0       0       0       0       0       0       0       0
      Totals:         0       0       1       0       0       0       0       0       0       0       0       0       0       0
Total ram usage:        1 bytes
 Hardware stack levels used:    1
 Hardware stack levels required when called:    6
 This function calls:
		_GPIO
		_ReWriteEEPROM
		_Update_ComboPattern_Index
 This function is called by:
		_main
 This function uses a non-reentrant model


 *************** function _GPIO *****************
 Defined at:
		line 337 in file "main.c"
 Parameters:    Size  Location     Type
  i               1    wreg     unsigned char 
 Auto vars:     Size  Location     Type
  i               1    7[BANK0 ] unsigned char 
 Return value:  Size  Location     Type
                  1    wreg      void 
 Registers used:
		wreg
 Tracked objects:
		On entry : 
		On exit  : 
		Unchanged: 
 Data sizes:     COMMON   BANK0   BANK1   BANK2   BANK3   BANK4   BANK5   BANK6   BANK7   BANK8   BANK9  BANK10  BANK11  BANK12
      Params:         0       0       0       0       0       0       0       0       0       0       0       0       0       0
      Locals:         0       1       0       0       0       0       0       0       0       0       0       0       0       0
      Temps:          0       0       0       0       0       0       0       0       0       0       0       0       0       0
      Totals:         0       1       0       0       0       0       0       0       0       0       0       0       0       0
Total ram usage:        1 bytes
 Hardware stack levels used:    1
 Hardware stack levels required when called:    3
 This function calls:
		Nothing
 This function is called by:
		_SetOUTPUT
		_Increment_Color_State
 This function uses a non-reentrant model


 *************** function _INC_EEPROM_MODE *****************
 Defined at:
		line 733 in file "main.c"
 Parameters:    Size  Location     Type
		None
 Auto vars:     Size  Location     Type
  Temp_Mode_Da    1   10[BANK1 ] unsigned char 
  inputSync       1    0        unsigned char 
 Return value:  Size  Location     Type
                  1    wreg      void 
 Registers used:
		wreg, fsr1l, fsr1h, status,2, status,0, pclath, cstack
 Tracked objects:
		On entry : 
		On exit  : 
		Unchanged: 
 Data sizes:     COMMON   BANK0   BANK1   BANK2   BANK3   BANK4   BANK5   BANK6   BANK7   BANK8   BANK9  BANK10  BANK11  BANK12
      Params:         0       0       0       0       0       0       0       0       0       0       0       0       0       0
      Locals:         0       0       1       0       0       0       0       0       0       0       0       0       0       0
      Temps:          0       0       1       0       0       0       0       0       0       0       0       0       0       0
      Totals:         0       0       2       0       0       0       0       0       0       0       0       0       0       0
Total ram usage:        2 bytes
 Hardware stack levels used:    1
 Hardware stack levels required when called:    6
 This function calls:
		_ReWriteEEPROM
		_Update_ComboPattern_Index
 This function is called by:
		_main
 This function uses a non-reentrant model


 *************** function _Update_ComboPattern_Index *****************
 Defined at:
		line 881 in file "main.c"
 Parameters:    Size  Location     Type
		None
 Auto vars:     Size  Location     Type
		None
 Return value:  Size  Location     Type
                  1    wreg      void 
 Registers used:
		wreg, fsr1l, fsr1h, status,2, status,0
 Tracked objects:
		On entry : 
		On exit  : 
		Unchanged: 
 Data sizes:     COMMON   BANK0   BANK1   BANK2   BANK3   BANK4   BANK5   BANK6   BANK7   BANK8   BANK9  BANK10  BANK11  BANK12
      Params:         0       0       0       0       0       0       0       0       0       0       0       0       0       0
      Locals:         0       0       0       0       0       0       0       0       0       0       0       0       0       0
      Temps:          0       1       0       0       0       0       0       0       0       0       0       0       0       0
      Totals:         0       1       0       0       0       0       0       0       0       0       0       0       0       0
Total ram usage:        1 bytes
 Hardware stack levels used:    1
 Hardware stack levels required when called:    3
 This function calls:
		Nothing
 This function is called by:
		_INC_EEPROM_MODE
		_Increment_Color_State
		_Update_Input_Mode_Type
		_Initial_Start
		_main
 This function uses a non-reentrant model


 *************** function _ReWriteEEPROM *****************
 Defined at:
		line 721 in file "main.c"
 Parameters:    Size  Location     Type
		None
 Auto vars:     Size  Location     Type
  i               1    8[BANK1 ] unsigned char 
 Return value:  Size  Location     Type
                  1    wreg      void 
 Registers used:
		wreg, fsr1l, fsr1h, status,2, status,0, pclath, cstack
 Tracked objects:
		On entry : 
		On exit  : 
		Unchanged: 
 Data sizes:     COMMON   BANK0   BANK1   BANK2   BANK3   BANK4   BANK5   BANK6   BANK7   BANK8   BANK9  BANK10  BANK11  BANK12
      Params:         0       0       0       0       0       0       0       0       0       0       0       0       0       0
      Locals:         0       0       1       0       0       0       0       0       0       0       0       0       0       0
      Temps:          0       0       1       0       0       0       0       0       0       0       0       0       0       0
      Totals:         0       0       2       0       0       0       0       0       0       0       0       0       0       0
Total ram usage:        2 bytes
 Hardware stack levels used:    1
 Hardware stack levels required when called:    5
 This function calls:
		___ctoee
 This function is called by:
		_WriteEEPROMDefaults
		_INC_EEPROM_MODE
		_Increment_Color_State
		_main
 This function uses a non-reentrant model


 *************** function ___ctoee *****************
 Defined at:
		line 150 in file "C:\Program Files (x86)\Microchip\xc8\v2.10\pic\sources\c90\pic\__eeprom.c"
 Parameters:    Size  Location     Type
  addr            1    wreg     PTR eeprom void 
		 -> EEprom_ColorState(3), EEprom_InPhase(3), EEprom_mode(3), EEprom_Written_Flag(1), 
  data            1    4[BANK1 ] unsigned char 
 Auto vars:     Size  Location     Type
  addr            1    6[BANK1 ] PTR eeprom void 
		 -> EEprom_ColorState(3), EEprom_InPhase(3), EEprom_mode(3), EEprom_Written_Flag(1), 
 Return value:  Size  Location     Type
                  1    wreg      unsigned char 
 Registers used:
		wreg, fsr1l, fsr1h, status,2, status,0, pclath, cstack
 Tracked objects:
		On entry : 
		On exit  : 
		Unchanged: 
 Data sizes:     COMMON   BANK0   BANK1   BANK2   BANK3   BANK4   BANK5   BANK6   BANK7   BANK8   BANK9  BANK10  BANK11  BANK12
      Params:         0       0       1       0       0       0       0       0       0       0       0       0       0       0
      Locals:         0       0       1       0       0       0       0       0       0       0       0       0       0       0
      Temps:          0       0       1       0       0       0       0       0       0       0       0       0       0       0
      Totals:         0       0       3       0       0       0       0       0       0       0       0       0       0       0
Total ram usage:        3 bytes
 Hardware stack levels used:    1
 Hardware stack levels required when called:    4
 This function calls:
		___memcpyee
 This function is called by:
		_ReWriteEEPROM
 This function uses a non-reentrant model


 *************** function ___memcpyee *****************
 Defined at:
		line 39 in file "C:\Program Files (x86)\Microchip\xc8\v2.10\pic\sources\c90\pic\__eeprom.c"
 Parameters:    Size  Location     Type
  to              1    wreg     PTR eeprom unsigned char
		 -> EEprom_ColorState(3), EEprom_InPhase(3), EEprom_mode(3), EEprom_Written_Flag(1), 
  from            1    0[BANK1 ] PTR const unsigned char 
		 -> __fltoee@data(3), __fttoee@data(3), __otoee@data(4), __ltoee@data(4), 
		 -> __mtoee@data(3), __itoee@data(2), __ctoee@data(1), 
  size            1    1[BANK1 ] unsigned char 
 Auto vars:     Size  Location     Type
  to              1    3[BANK1 ] PTR eeprom unsigned char
		 -> EEprom_ColorState(3), EEprom_InPhase(3), EEprom_mode(3), EEprom_Written_Flag(1), 
  ptr             1    2[BANK1 ] PTR const unsigned char 
		 -> __fltoee@data(3), __fttoee@data(3), __otoee@data(4), __ltoee@data(4), 
		 -> __mtoee@data(3), __itoee@data(2), __ctoee@data(1), 
 Return value:  Size  Location     Type
                  1    wreg      void 
 Registers used:
		wreg, fsr1l, fsr1h, status,2, status,0
 Tracked objects:
		On entry : 
		On exit  : 
		Unchanged: 
 Data sizes:     COMMON   BANK0   BANK1   BANK2   BANK3   BANK4   BANK5   BANK6   BANK7   BANK8   BANK9  BANK10  BANK11  BANK12
      Params:         0       0       2       0       0       0       0       0       0       0       0       0       0       0
      Locals:         0       0       2       0       0       0       0       0       0       0       0       0       0       0
      Temps:          0       1       0       0       0       0       0       0       0       0       0       0       0       0
      Totals:         0       1       4       0       0       0       0       0       0       0       0       0       0       0
Total ram usage:        5 bytes
 Hardware stack levels used:    1
 Hardware stack levels required when called:    3
 This function calls:
		Nothing
 This function is called by:
		___ctoee
 This function uses a non-reentrant model


 *************** function _ConfigureOscillator *****************
 Defined at:
		line 18 in file "system.c"
 Parameters:    Size  Location     Type
		None
 Auto vars:     Size  Location     Type
		None
 Return value:  Size  Location     Type
                  1    wreg      void 
 Registers used:
		wreg, status,2, status,0
 Tracked objects:
		On entry : 
		On exit  : 
		Unchanged: 
 Data sizes:     COMMON   BANK0   BANK1   BANK2   BANK3   BANK4   BANK5   BANK6   BANK7   BANK8   BANK9  BANK10  BANK11  BANK12
      Params:         0       0       0       0       0       0       0       0       0       0       0       0       0       0
      Locals:         0       0       0       0       0       0       0       0       0       0       0       0       0       0
      Temps:          0       0       0       0       0       0       0       0       0       0       0       0       0       0
      Totals:         0       0       0       0       0       0       0       0       0       0       0       0       0       0
Total ram usage:        0 bytes
 Hardware stack levels used:    1
 Hardware stack levels required when called:    3
 This function calls:
		Nothing
 This function is called by:
		_main
 This function uses a non-reentrant model


 *************** function _isr *****************
 Defined at:
		line 26 in file "interrupts.c"
 Parameters:    Size  Location     Type
		None
 Auto vars:     Size  Location     Type
  temp_data1      1    6[COMMON] volatile unsigned char 
 Return value:  Size  Location     Type
                  1    wreg      void 
 Registers used:
		wreg, fsr0l, fsr0h, fsr1l, fsr1h, status,2, status,0, pclath, cstack
 Tracked objects:
		On entry : 
		On exit  : 
		Unchanged: 
 Data sizes:     COMMON   BANK0   BANK1   BANK2   BANK3   BANK4   BANK5   BANK6   BANK7   BANK8   BANK9  BANK10  BANK11  BANK12
      Params:         0       0       0       0       0       0       0       0       0       0       0       0       0       0
      Locals:         1       0       0       0       0       0       0       0       0       0       0       0       0       0
      Temps:          0       7       0       0       0       0       0       0       0       0       0       0       0       0
      Totals:         1       7       0       0       0       0       0       0       0       0       0       0       0       0
Total ram usage:        8 bytes
 Hardware stack levels used:    1
 Hardware stack levels required when called:    2
 This function calls:
		_Read_Mode_Input
		___wmul
		_setColorState
		i1_SetOUTPUT
 This function is called by:
		Interrupt level 1
 This function uses a non-reentrant model


 *************** function i1_SetOUTPUT *****************
 Defined at:
		line 386 in file "main.c"
 Parameters:    Size  Location     Type
		None
 Auto vars:     Size  Location     Type
		None
 Return value:  Size  Location     Type
                  1    wreg      void 
 Registers used:
		wreg, status,2, status,0, pclath, cstack
 Tracked objects:
		On entry : 
		On exit  : 
		Unchanged: 
 Data sizes:     COMMON   BANK0   BANK1   BANK2   BANK3   BANK4   BANK5   BANK6   BANK7   BANK8   BANK9  BANK10  BANK11  BANK12
      Params:         0       0       0       0       0       0       0       0       0       0       0       0       0       0
      Locals:         0       0       0       0       0       0       0       0       0       0       0       0       0       0
      Temps:          1       0       0       0       0       0       0       0       0       0       0       0       0       0
      Totals:         1       0       0       0       0       0       0       0       0       0       0       0       0       0
Total ram usage:        1 bytes
 Hardware stack levels used:    1
 Hardware stack levels required when called:    1
 This function calls:
		i1_GPIO
 This function is called by:
		_isr
 This function uses a non-reentrant model


 *************** function i1_GPIO *****************
 Defined at:
		line 337 in file "main.c"
 Parameters:    Size  Location     Type
  i               1    wreg     unsigned char 
 Auto vars:     Size  Location     Type
  i               1    0[COMMON] unsigned char 
 Return value:  Size  Location     Type
                  1    wreg      void 
 Registers used:
		wreg
 Tracked objects:
		On entry : 
		On exit  : 
		Unchanged: 
 Data sizes:     COMMON   BANK0   BANK1   BANK2   BANK3   BANK4   BANK5   BANK6   BANK7   BANK8   BANK9  BANK10  BANK11  BANK12
      Params:         0       0       0       0       0       0       0       0       0       0       0       0       0       0
      Locals:         1       0       0       0       0       0       0       0       0       0       0       0       0       0
      Temps:          0       0       0       0       0       0       0       0       0       0       0       0       0       0
      Totals:         1       0       0       0       0       0       0       0       0       0       0       0       0       0
Total ram usage:        1 bytes
 Hardware stack levels used:    1
 This function calls:
		Nothing
 This function is called by:
		i1_SetOUTPUT
 This function uses a non-reentrant model


 *************** function _setColorState *****************
 Defined at:
		line 522 in file "main.c"
 Parameters:    Size  Location     Type
		None
 Auto vars:     Size  Location     Type
		None
 Return value:  Size  Location     Type
                  1    wreg      void 
 Registers used:
		wreg, fsr0l, fsr0h, fsr1l, fsr1h, status,2, status,0
 Tracked objects:
		On entry : 
		On exit  : 
		Unchanged: 
 Data sizes:     COMMON   BANK0   BANK1   BANK2   BANK3   BANK4   BANK5   BANK6   BANK7   BANK8   BANK9  BANK10  BANK11  BANK12
      Params:         0       0       0       0       0       0       0       0       0       0       0       0       0       0
      Locals:         0       0       0       0       0       0       0       0       0       0       0       0       0       0
      Temps:          1       0       0       0       0       0       0       0       0       0       0       0       0       0
      Totals:         1       0       0       0       0       0       0       0       0       0       0       0       0       0
Total ram usage:        1 bytes
 Hardware stack levels used:    1
 This function calls:
		Nothing
 This function is called by:
		_isr
 This function uses a non-reentrant model


 *************** function ___wmul *****************
 Defined at:
		line 15 in file "C:\Program Files (x86)\Microchip\xc8\v2.10\pic\sources\c90\common\Umul16.c"
 Parameters:    Size  Location     Type
  multiplier      2    0[COMMON] unsigned int 
  multiplicand    2    2[COMMON] unsigned int 
 Auto vars:     Size  Location     Type
  product         2    4[COMMON] unsigned int 
 Return value:  Size  Location     Type
                  2    0[COMMON] unsigned int 
 Registers used:
		wreg, status,2, status,0
 Tracked objects:
		On entry : 
		On exit  : 
		Unchanged: 
 Data sizes:     COMMON   BANK0   BANK1   BANK2   BANK3   BANK4   BANK5   BANK6   BANK7   BANK8   BANK9  BANK10  BANK11  BANK12
      Params:         4       0       0       0       0       0       0       0       0       0       0       0       0       0
      Locals:         2       0       0       0       0       0       0       0       0       0       0       0       0       0
      Temps:          0       0       0       0       0       0       0       0       0       0       0       0       0       0
      Totals:         6       0       0       0       0       0       0       0       0       0       0       0       0       0
Total ram usage:        6 bytes
 Hardware stack levels used:    1
 This function calls:
		Nothing
 This function is called by:
		_isr
 This function uses a non-reentrant model


 *************** function _Read_Mode_Input *****************
 Defined at:
		line 833 in file "main.c"
 Parameters:    Size  Location     Type
		None
 Auto vars:     Size  Location     Type
		None
 Return value:  Size  Location     Type
                  1    wreg      void 
 Registers used:
		wreg, status,2, status,0
 Tracked objects:
		On entry : 
		On exit  : 
		Unchanged: 
 Data sizes:     COMMON   BANK0   BANK1   BANK2   BANK3   BANK4   BANK5   BANK6   BANK7   BANK8   BANK9  BANK10  BANK11  BANK12
      Params:         0       0       0       0       0       0       0       0       0       0       0       0       0       0
      Locals:         0       0       0       0       0       0       0       0       0       0       0       0       0       0
      Temps:          1       0       0       0       0       0       0       0       0       0       0       0       0       0
      Totals:         1       0       0       0       0       0       0       0       0       0       0       0       0       0
Total ram usage:        1 bytes
 Hardware stack levels used:    1
 This function calls:
		Nothing
 This function is called by:
		_isr
 This function uses a non-reentrant model



MODULE INFORMATION

Module		Function		Class		Link	Load	Size
interrupts.c
		_isr           		CODE           	0004	0000	547

interrupts.c estimated size: 547

C:\Program Files (x86)\Microchip\xc8\v2.10\pic\sources\c90\common\Umul16.c
		___wmul        		CODE           	0BF0	0000	32

C:\Program Files (x86)\Microchip\xc8\v2.10\pic\sources\c90\common\Umul16.c estimated size: 32

C:\Program Files (x86)\Microchip\xc8\v2.10\pic\sources\c90\pic\__eeprom.c
		___memcpyee    		CODE           	0D56	0000	82
		___eetoc       		CODE           	0BE1	0000	16
		___ctoee       		CODE           	0BC6	0000	14
		___eecpymem    		CODE           	0CD9	0000	54

C:\Program Files (x86)\Microchip\xc8\v2.10\pic\sources\c90\pic\__eeprom.c estimated size: 166

shared
		_ROM_Sub_Patterns		STRCODE        	1000	0000	120
		i1_GPIO        		CODE           	0C7E	0000	40
		_ROM_Sub_Patterns_Time		STRCODE        	1077	0000	120
		__initialization		CODE           	0228	0000	46
		i1_SetOUTPUT   		CODE           	0E99	0000	138
		_ROM_COMBO_Patterns		STRCODE        	0259	0000	491

shared estimated size: 955

user.c
		_InitApp       		CODE           	0C33	0000	38

user.c estimated size: 38

main.c
		_ReWriteEEPROM 		CODE           	0D0E	0000	73
		_WriteEEPROMDefaults		CODE           	0C0F	0000	37
		_main          		CODE           	0443	0000	253
		_Update_Input_Mode_Type		CODE           	0CA5	0000	53
		_SetOUTPUT     		CODE           	072C	0000	148
		_GPIO          		CODE           	0C58	0000	39
		_Initial_Start 		CODE           	0F22	0000	223
		_INC_EEPROM_MODE		CODE           	0DA7	0000	109
		_Increment_Color_State		CODE           	0636	0000	247
		_Read_Mode_Input		CODE           	0E13	0000	135
		_Update_ComboPattern_Index		CODE           	07BF	0000	64
		_setColorState 		CODE           	053F	0000	248

main.c estimated size: 1629

system.c
		_ConfigureOscillator		CODE           	0BBA	0000	13

system.c estimated size: 13

