Microchip MPLAB XC8 Compiler V1.45 ()

Linker command line:

--edf=C:\Program Files (x86)\Microchip\xc8\v1.45\dat\en_msgs.txt -cs \
  -h+dist/XC8_PIC12F683/production\Firm-Smart-Mod_QUAD.production.sym \
  --cmf=dist/XC8_PIC12F683/production\Firm-Smart-Mod_QUAD.production.cmf -z \
  -Q16F18325 -oC:\Users\kylep\AppData\Local\Temp\s9po.2 \
  -Mdist/XC8_PIC12F683/production/Firm-Smart-Mod_QUAD.production.map -E1 \
  -ver=XC8 -ASTACK=0208Eh-023efh -pstack=STACK -ACODE=00h-07FFhx4 \
  -ASTRCODE=00h-01FFFh -ASTRING=00h-0FFhx32 -ACONST=00h-0FFhx32 \
  -AENTRY=00h-0FFhx32 -ACOMMON=070h-07Fh -ABANK0=020h-06Fh \
  -ABANK1=0A0h-0EFh -ABANK2=0120h-016Fh -ABANK3=01A0h-01EFh \
  -ABANK4=0220h-026Fh -ABANK5=02A0h-02EFh -ABANK6=0320h-036Fh \
  -ABANK7=03A0h-03EFh -ABANK8=0420h-046Fh -ABANK9=04A0h-04EFh \
  -ABANK10=0520h-056Fh -ABANK11=05A0h-05EFh -ABANK12=0620h-064Fh \
  -ABIGRAM=02000h-023EFh \
  -ARAM=020h-06Fh,0A0h-0EFh,0120h-016Fh,01A0h-01EFh,0220h-026Fh,02A0h-02EFh,0320h-036Fh,03A0h-03EFh,0420h-046Fh,04A0h-04EFh,0520h-056Fh,05A0h-05EFh,0620h-064Fh \
  -AABS1=020h-07Fh,0A0h-0EFh,0120h-016Fh,01A0h-01EFh,0220h-026Fh,02A0h-02EFh,0320h-036Fh,03A0h-03EFh,0420h-046Fh,04A0h-04EFh,0520h-056Fh,05A0h-05EFh,0620h-064Fh \
  -ASFR0=00h-01Fh -ASFR1=080h-09Fh -ASFR2=0100h-011Fh -ASFR3=0180h-019Fh \
  -ASFR4=0200h-021Fh -ASFR5=0280h-029Fh -ASFR6=0300h-031Fh \
  -ASFR7=0380h-039Fh -ASFR8=0400h-041Fh -ASFR9=0480h-049Fh \
  -ASFR10=0500h-051Fh -ASFR11=0580h-059Fh -ASFR12=0600h-061Fh \
  -ASFR13=0680h-06EFh -ASFR14=0700h-076Fh -ASFR15=0780h-07EFh \
  -ASFR16=0800h-086Fh -ASFR17=0880h-08EFh -ASFR18=0900h-096Fh \
  -ASFR19=0980h-09EFh -ASFR20=0A00h-0A6Fh -ASFR21=0A80h-0AEFh \
  -ASFR22=0B00h-0B6Fh -ASFR23=0B80h-0BEFh -ASFR24=0C00h-0C6Fh \
  -ASFR25=0C80h-0CEFh -ASFR26=0D00h-0D6Fh -ASFR27=0D80h-0DEFh \
  -ASFR28=0E00h-0E6Fh -ASFR29=0E80h-0EEFh -ASFR30=0F00h-0F6Fh \
  -ASFR31=0F80h-0FEFh -preset_vec=00h,intentry=04h,init,end_init \
  -ppowerup=CODE -pcinit=CODE -pfunctab=ENTRY -ACONFIG=08007h-0800Ah \
  -pconfig=CONFIG -DCONFIG=2 -AIDLOC=08000h-08003h -pidloc=IDLOC -DIDLOC=2 \
  -AEEDATA=00h-0FFh/0F000h -peeprom_data=EEDATA -DEEDATA=2 -DCODE=2 \
  -DSTRCODE=2 -DSTRING=2 -DCONST=2 -DENTRY=2 -k \
  C:\Users\kylep\AppData\Local\Temp\s9po.obj \
  dist/XC8_PIC12F683/production\Firm-Smart-Mod_QUAD.production.obj 

Object code version is 3.11

Machine type is 16F18325



                Name                               Link     Load   Length Selector   Space Scale
C:\Users\kylep\AppData\Local\Temp\s9po.obj
                end_init                            330      330        2        8       0
                reset_vec                             0        0        2        0       0
                config                             8007     8007        4    1000E       0
dist/XC8_PIC12F683/production\Firm-Smart-Mod_QUAD.production.obj
                cinit                               332      332       29        8       0
                intentry                              4        4      32C        8       0
                text26                              B70      B70       B1     16E0       0
                text25                             15B7     15B7       22     2B6E       0
                text24                             170C     170C       50     2E18       0
                swtext1                            110A     110A       1E     2214       0
                text23                              E19      E19      1E7     1C32       0
                text22                             16BE     16BE       4E     2D7C       0
                text21                              C21      C21       C0     1842       0
                text19                             155C     155C        C     2AB8       0
                text18                              81B      81B       54     1036       0
                text17                             1568     1568        E     2AD0       0
                text16                             175C     175C       51     2EB8       0
                text15                              8D3      8D3       69     11A6       0
                text14                              9B1      9B1       7A     1362       0
                text13                             163B     163B       37     2C76       0
                text12                             1672     1672       4C     2CE4       0
                text11                              AC8      AC8       A8     1590       0
                text10                              801      801       1A     1002       0
                text9                              15D9     15D9       30     2BB2       0
                text8                              1596     1596       21     2B2C       0
                text7                              1609     1609       32     2C12       0
                text6                              1576     1576       10     2AEC       0
                text5                               93C      93C       75     1278       0
                text4                              17AD     17AD       53     2F5A       0
                text3                               A2B      A2B       9D     1456       0
                text2                               86F      86F       64     10DE       0
                text1                               72F      72F       D0      E5E       0
                maintext                            CE1      CE1      138     19C2       0
                cstackBANK0                          63       63        8       20       1
                cstackCOMMON                         70       70        6       70       1
                cstackBANK1                          CE       CE       10       A0       1
                clrtext                            1550     1550        6     2AA0       0
                inittext                           1556     1556        6     2AAC       0
                dataBANK1                            BE       BE       10       A0       1
                bssBANK1                             A0       A0       1E       A0       1
                dataBANK0                            6B       6B        1       20       1
                bssBANK0                             20       20       43       20       1
                bssCOMMON                            76       76        5       70       1
                bssEEDATA                             0     F000        B    1E000       3
                stringtext4                        1085     1085       85     2000       0
                stringtext3                        1000     1000       85     2000       0
                stringtext2                         545      545      1EA      6B6       0
                stringtext1                         35B      35B      1EA      6B6       0
                idataBANK1                         1586     1586       10     2B0C       0
                idataBANK0                          7FF      7FF        1      E5E       0

TOTAL           Name                               Link     Load   Length     Space
        CLASS   STACK          

        CLASS   CODE           
                end_init                            330      330        2         0
                cinit                               332      332       29         0
                intentry                              4        4      32C         0
                reset_vec                             0        0        2         0
                text26                              B70      B70       B1         0
                text25                             15B7     15B7       22         0
                text24                             170C     170C       50         0
                text23                              E19      E19      1E7         0
                text22                             16BE     16BE       4E         0
                text21                              C21      C21       C0         0
                text19                             155C     155C        C         0
                text18                              81B      81B       54         0
                text17                             1568     1568        E         0
                text16                             175C     175C       51         0
                text15                              8D3      8D3       69         0
                text14                              9B1      9B1       7A         0
                text13                             163B     163B       37         0
                text12                             1672     1672       4C         0
                text11                              AC8      AC8       A8         0
                text10                              801      801       1A         0
                text9                              15D9     15D9       30         0
                text8                              1596     1596       21         0
                text7                              1609     1609       32         0
                text6                              1576     1576       10         0
                text5                               93C      93C       75         0
                text4                              17AD     17AD       53         0
                text3                               A2B      A2B       9D         0
                text2                               86F      86F       64         0
                text1                               72F      72F       D0         0
                maintext                            CE1      CE1      138         0
                clrtext                            1550     1550        6         0
                inittext                           1556     1556        6         0
                idataBANK1                         1586     1586       10         0
                idataBANK0                          7FF      7FF        1         0

        CLASS   STRCODE        
                stringtext4                        1085     1085       85         0
                stringtext3                        1000     1000       85         0
                stringtext2                         545      545      1EA         0
                stringtext1                         35B      35B      1EA         0

        CLASS   STRING         

        CLASS   CONST          
                swtext1                            110A     110A       1E         0

        CLASS   ENTRY          

        CLASS   COMMON         
                cstackCOMMON                         70       70        6         1
                bssCOMMON                            76       76        5         1

        CLASS   BANK0          
                cstackBANK0                          63       63        8         1
                dataBANK0                            6B       6B        1         1
                bssBANK0                             20       20       43         1

        CLASS   BANK1          
                cstackBANK1                          CE       CE       10         1
                dataBANK1                            BE       BE       10         1
                bssBANK1                             A0       A0       1E         1

        CLASS   BANK2          

        CLASS   BANK3          

        CLASS   BANK4          

        CLASS   BANK5          

        CLASS   BANK6          

        CLASS   BANK7          

        CLASS   BANK8          

        CLASS   BANK9          

        CLASS   BANK10         

        CLASS   BANK11         

        CLASS   BANK12         

        CLASS   BIGRAM         

        CLASS   RAM            

        CLASS   ABS1           
                abs_s1                               7E       7E        2         1

        CLASS   SFR0           

        CLASS   SFR1           

        CLASS   SFR2           

        CLASS   SFR3           

        CLASS   SFR4           

        CLASS   SFR5           

        CLASS   SFR6           

        CLASS   SFR7           

        CLASS   SFR8           

        CLASS   SFR9           

        CLASS   SFR10          

        CLASS   SFR11          

        CLASS   SFR12          

        CLASS   SFR13          

        CLASS   SFR14          

        CLASS   SFR15          

        CLASS   SFR16          

        CLASS   SFR17          

        CLASS   SFR18          

        CLASS   SFR19          

        CLASS   SFR20          

        CLASS   SFR21          

        CLASS   SFR22          

        CLASS   SFR23          

        CLASS   SFR24          

        CLASS   SFR25          

        CLASS   SFR26          

        CLASS   SFR27          

        CLASS   SFR28          

        CLASS   SFR29          

        CLASS   SFR30          

        CLASS   SFR31          

        CLASS   CONFIG         
                config                             8007     8007        4         0

        CLASS   IDLOC          

        CLASS   EEDATA         
                bssEEDATA                             0     F000        B         3

        CLASS   BANK31         

        CLASS   BANK30         

        CLASS   BANK29         

        CLASS   BANK28         

        CLASS   BANK27         

        CLASS   BANK26         

        CLASS   BANK25         

        CLASS   BANK24         

        CLASS   BANK23         

        CLASS   BANK22         

        CLASS   BANK21         

        CLASS   BANK20         

        CLASS   BANK19         

        CLASS   BANK18         

        CLASS   BANK17         

        CLASS   BANK16         

        CLASS   BANK15         

        CLASS   BANK14         

        CLASS   BANK13         



SEGMENTS        Name                           Load    Length   Top    Selector   Space  Class     Delta

                reset_vec                      000000  000002  000002         0       0  CODE        2
                intentry                       000004  000357  00035B         8       0  CODE        2
                bssBANK0                       000020  00004C  00006C        20       1  BANK0       1
                cstackCOMMON                   000070  00000B  00007B        70       1  COMMON      1
                bssBANK1                       0000A0  00003E  0000DE        A0       1  BANK1       1
                stringtext1                    00035B  0003D4  00072F       6B6       0  STRCODE     2
                text1                          00072F  0000D1  000800       E5E       0  CODE        2
                text10                         000801  00001A  00081B      1002       0  CODE        2
                text18                         00081B  000054  00086F      1036       0  CODE        2
                text2                          00086F  000064  0008D3      10DE       0  CODE        2
                text15                         0008D3  000069  00093C      11A6       0  CODE        2
                text5                          00093C  000075  0009B1      1278       0  CODE        2
                text14                         0009B1  00007A  000A2B      1362       0  CODE        2
                text3                          000A2B  00009D  000AC8      1456       0  CODE        2
                text11                         000AC8  0000A8  000B70      1590       0  CODE        2
                text26                         000B70  0000B1  000C21      16E0       0  CODE        2
                text21                         000C21  0000C0  000CE1      1842       0  CODE        2
                maintext                       000CE1  000138  000E19      19C2       0  CODE        2
                text23                         000E19  0001E7  001000      1C32       0  CODE        2
                stringtext3                    001000  00010A  00110A      2000       0  STRCODE     2
                swtext1                        00110A  00001E  001128      2214       0  CONST       2
                clrtext                        001550  000006  001556      2AA0       0  CODE        2
                inittext                       001556  000006  00155C      2AAC       0  CODE        2
                text19                         00155C  00000C  001568      2AB8       0  CODE        2
                text17                         001568  00000E  001576      2AD0       0  CODE        2
                text6                          001576  000010  001586      2AEC       0  CODE        2
                idataBANK1                     001586  000010  001596      2B0C       0  CODE        2
                text8                          001596  000021  0015B7      2B2C       0  CODE        2
                text25                         0015B7  000022  0015D9      2B6E       0  CODE        2
                text9                          0015D9  000030  001609      2BB2       0  CODE        2
                text7                          001609  000032  00163B      2C12       0  CODE        2
                text13                         00163B  000037  001672      2C76       0  CODE        2
                text12                         001672  00004C  0016BE      2CE4       0  CODE        2
                text22                         0016BE  00004E  00170C      2D7C       0  CODE        2
                text24                         00170C  000050  00175C      2E18       0  CODE        2
                text16                         00175C  000051  0017AD      2EB8       0  CODE        2
                text4                          0017AD  000053  001800      2F5A       0  CODE        2
                config                         008007  000004  00800B     1000E       0  CONFIG      2
                bssEEDATA                      00F000  00000B  00F00B     1E000       3  EEDATA      2


UNUSED ADDRESS RANGES

        Name                Unused          Largest block    Delta
        BANK0            0006C-0006F               4           1
        BANK1            000DE-000EF              12           1
        BANK10           00520-0056F              50           1
        BANK11           005A0-005EF              50           1
        BANK12           00620-0064F              30           1
        BANK2            00120-0016F              50           1
        BANK3            001A0-001EF              50           1
        BANK4            00220-0026F              50           1
        BANK5            002A0-002EF              50           1
        BANK6            00320-0036F              50           1
        BANK7            003A0-003EF              50           1
        BANK8            00420-0046F              50           1
        BANK9            004A0-004EF              50           1
        BIGRAM           02000-023EF             3F0           1
        CODE             00002-00003               2           2
                         00800-00800               1
                         01128-0154F             428
                         01800-01FFF             800
        COMMON           0007B-0007D               3           1
        CONST            00002-00003               2           2
                         00800-00800               1
                         01128-0154F             100
                         01800-01FFF             100
        EEDATA           0F00B-0F0FF              F5           2
        ENTRY            00002-00003               2           2
                         00800-00800               1
                         01128-0154F             100
                         01800-01FFF             100
        IDLOC            08000-08003               4           2
        RAM              0006C-0006F               4           1
                         000DE-000EF              12
                         00120-0016F              50
                         001A0-001EF              50
                         00220-0026F              50
                         002A0-002EF              50
                         00320-0036F              50
                         003A0-003EF              50
                         00420-0046F              50
                         004A0-004EF              50
                         00520-0056F              50
                         005A0-005EF              50
                         00620-0064F              30
        SFR0             00000-0001F              20           1
        SFR1             00080-0009F              20           1
        SFR10            00500-0051F              20           1
        SFR11            00580-0059F              20           1
        SFR12            00600-0061F              20           1
        SFR13            00680-006EF              70           1
        SFR14            00700-0076F              70           1
        SFR15            00780-007EF              70           1
        SFR16            00800-0086F              70           1
        SFR17            00880-008EF              70           1
        SFR18            00900-0096F              70           1
        SFR19            00980-009EF              70           1
        SFR2             00100-0011F              20           1
        SFR20            00A00-00A6F              70           1
        SFR21            00A80-00AEF              70           1
        SFR22            00B00-00B6F              70           1
        SFR23            00B80-00BEF              70           1
        SFR24            00C00-00C6F              70           1
        SFR25            00C80-00CEF              70           1
        SFR26            00D00-00D6F              70           1
        SFR27            00D80-00DEF              70           1
        SFR28            00E00-00E6F              70           1
        SFR29            00E80-00EEF              70           1
        SFR3             00180-0019F              20           1
        SFR30            00F00-00F6F              70           1
        SFR31            00F80-00FEF              70           1
        SFR4             00200-0021F              20           1
        SFR5             00280-0029F              20           1
        SFR6             00300-0031F              20           1
        SFR7             00380-0039F              20           1
        SFR8             00400-0041F              20           1
        SFR9             00480-0049F              20           1
        STACK            0208E-023EF             362           1
        STRCODE          00002-00003               2           2
                         00800-00800               1
                         01128-0154F             428
                         01800-01FFF             800
        STRING           00002-00003               2           2
                         00800-00800               1
                         01128-0154F             100
                         01800-01FFF             100

                                  Symbol Table

?___wmul                                   cstackCOMMON 00070
GPIO@i                                     cstackBANK1  000CE
INC_EEPROM_MODE@Temp_Mode_Data             cstackBANK1  000D9
Increment_Color_State@resetFlagColor       bssBANK0     0002B
Initial_Start@read_data                    cstackBANK1  000DA
ReWriteEEPROM@i                            cstackBANK1  000D7
SetOUTPUT@pwmCounter                       bssBANK0     0002D
SetOUTPUT@temporaryGPIO                    bssBANK0     0002E
WaitForSYNC_PU@temp001                     cstackBANK1  000CF
_ANSELA                                    (abs)        0018C
_ANSELC                                    (abs)        0018E
_COLOR_DETECT_LOW_counter                  bssBANK0     00040
_COLOR_DETECT_counter                      bssBANK0     00044
_ConfigureOscillator                       text19       0155C
_CurrentColorMax                           dataBANK1    000BE
_EEpromNeverWritten_Flag                   bssEEDATA    00009
_EEprom_ColorState                         bssEEDATA    00000
_EEprom_InPhase                            bssEEDATA    00003
_EEprom_Written_Flag                       bssEEDATA    0000A
_EEprom_mode                               bssEEDATA    00006
_GIE                                       (abs)        0005F
_GLOBAL_CHANNELS_EN_DUAL                   bssBANK1     000B9
_GLOBAL_CHANNELS_EN_copy                   bssBANK0     0003F
_GLOBAL_Dummy_Counter                      bssBANK0     00053
_GLOBAL_Dummy_Counter2                     bssBANK0     00052
_GLOBAL_MODE1_LOW_counter                  bssBANK0     00043
_GLOBAL_MODE1_counter                      bssBANK0     00047
_GLOBAL_MODE2_LOW_counter                  bssBANK0     00041
_GLOBAL_MODE2_counter                      bssBANK0     00045
_GLOBAL_Mode_copy                          bssBANK0     00026
_GLOBAL_SYNC_Line_LOW_counter              bssBANK0     00042
_GLOBAL_SYNC_Line_counter                  bssBANK0     00046
_GLOBAL_SYNC_PULSE_Counter                 bssBANK0     00056
_GLOBAL_Selected_Mode_Number               bssCOMMON    00076
_GLOBAL_Selected_Mode_Type                 bssBANK0     00049
_GLOBAL_Selected_Mode_Type_copy            bssBANK0     00048
_GLOBAL_Sync_Count_LOW_truefalse           bssBANK1     000BD
_GLOBAL_Sync_Count_truefalse               bssBANK0     0003E
_GLOBAL_changedModePattern                 bssBANK0     00033
_GLOBAL_combo_patterns_column_index        bssBANK0     0005B
_GLOBAL_combo_patterns_counter             bssBANK0     0004A
_GLOBAL_combo_patterns_index               bssCOMMON    00077
_GLOBAL_combo_patterns_index_copy          bssBANK0     0005C
_GLOBAL_sub_patterns_column_index          bssBANK0     0005F
_GLOBAL_sub_patterns_index                 bssCOMMON    00079
_GLOBAL_sub_patterns_index_copy            bssBANK0     0005D
_GLOBAL_sub_patterns_timer                 bssBANK0     0005E
_GLOCAL_Program_Color                      bssBANK0     00032
_GPIO                                      text2        0086F
_INC_EEPROM_MODE                           text14       009B1
_INTCONbits                                (abs)        0000B
_Increment_Color_State                     text11       00AC8
_InitApp                                   text9        015D9
_Initial_Start                             text3        00A2B
_LATA                                      (abs)        0010C
_LATC                                      (abs)        0010E
_NVMADRH                                   (abs)        00892
_NVMADRL                                   (abs)        00891
_NVMCON1bits                               (abs)        00895
_NVMCON2                                   (abs)        00896
_NVMDATH                                   (abs)        00894
_NVMDATL                                   (abs)        00893
_OSCCON1bits                               (abs)        00919
_OSCFRQbits                                (abs)        0091F
_OUTPUT_BUFFER                             bssCOMMON    00078
_OUTPUT_BUFFER_COPY                        bssBANK0     00054
_PEIE                                      (abs)        0005E
_PORTA                                     (abs)        0000C
_PORTAbits                                 (abs)        0000C
_PORTC                                     (abs)        0000E
_PORTCbits                                 (abs)        0000E
_PR2                                       (abs)        0001E
_ROM_COMBO_Patterns_Three                  stringtext1  0035B
_ROM_COMBO_Patterns_TwoFour                stringtext2  00545
_ROM_Sub_Patterns                          stringtext3  01000
_ROM_Sub_Patterns_Time                     stringtext4  01085
_ReWriteEEPROM                             text16       0175C
_Read_Mode_Input                           text26       00B70
_STATUSbits                                (abs)        00003
_SYNC_LINE_TRUE                            bssBANK1     000BB
_SetOUTPUT                                 text1        0072F
_T2CON                                     (abs)        0001F
_T2CONbits                                 (abs)        0001F
_TMR2IE                                    (abs)        00489
_TMR2IF                                    (abs)        00089
_TRISA                                     (abs)        0008C
_TRISAbits                                 (abs)        0008C
_TRISC                                     (abs)        0008E
_TRISCbits                                 (abs)        0008E
_Update_ComboPattern_Index                 text15       008D3
_Update_Input_Mode_Type                    text13       0163B
_WDTCON                                    (abs)        00097
_WaitForSYNC_PU                            text10       00801
_WriteEEPROMDefaults                       text8        01596
__CFG_BOREN$ON                             (abs)        00000
__CFG_CP$ON                                (abs)        00000
__CFG_CPD$ON                               (abs)        00000
__CFG_FCMEN$ON                             (abs)        00000
__CFG_FEXTOSC$OFF                          (abs)        00000
__CFG_MCLRE$OFF                            (abs)        00000
__CFG_PWRTE$OFF                            (abs)        00000
__CFG_WDTE$ON                              (abs)        00000
__Habs1                                    abs1         00000
__Hbank0                                   bank0        00000
__Hbank1                                   bank1        00000
__Hbank10                                  bank10       00000
__Hbank11                                  bank11       00000
__Hbank12                                  bank12       00000
__Hbank13                                  bank13       00000
__Hbank14                                  bank14       00000
__Hbank15                                  bank15       00000
__Hbank16                                  bank16       00000
__Hbank17                                  bank17       00000
__Hbank18                                  bank18       00000
__Hbank19                                  bank19       00000
__Hbank2                                   bank2        00000
__Hbank20                                  bank20       00000
__Hbank21                                  bank21       00000
__Hbank22                                  bank22       00000
__Hbank23                                  bank23       00000
__Hbank24                                  bank24       00000
__Hbank25                                  bank25       00000
__Hbank26                                  bank26       00000
__Hbank27                                  bank27       00000
__Hbank28                                  bank28       00000
__Hbank29                                  bank29       00000
__Hbank3                                   bank3        00000
__Hbank30                                  bank30       00000
__Hbank31                                  bank31       00000
__Hbank4                                   bank4        00000
__Hbank5                                   bank5        00000
__Hbank6                                   bank6        00000
__Hbank7                                   bank7        00000
__Hbank8                                   bank8        00000
__Hbank9                                   bank9        00000
__Hbigram                                  bigram       00000
__HbssBANK0                                bssBANK0     00000
__HbssBANK1                                bssBANK1     00000
__HbssCOMMON                               bssCOMMON    00000
__HbssEEDATA                               bssEEDATA    00000
__Hcinit                                   cinit        0035B
__Hclrtext                                 clrtext      00000
__Hcode                                    code         00000
__Hcommon                                  common       00000
__Hconfig                                  config       0800B
__HcstackBANK0                             cstackBANK0  00000
__HcstackBANK1                             cstackBANK1  00000
__HcstackCOMMON                            cstackCOMMON 00000
__HdataBANK0                               dataBANK0    00000
__HdataBANK1                               dataBANK1    00000
__Heeprom_data                             eeprom_data  00000
__Hend_init                                end_init     00332
__Hfunctab                                 functab      00000
__HidataBANK0                              idataBANK0   00000
__HidataBANK1                              idataBANK1   00000
__Hidloc                                   idloc        00000
__Hinit                                    init         00330
__Hinittext                                inittext     00000
__Hintentry                                intentry     00330
__Hmaintext                                maintext     00000
__Hpowerup                                 powerup      00000
__Hram                                     ram          00000
__Hreset_vec                               reset_vec    00002
__Hsfr0                                    sfr0         00000
__Hsfr1                                    sfr1         00000
__Hsfr10                                   sfr10        00000
__Hsfr11                                   sfr11        00000
__Hsfr12                                   sfr12        00000
__Hsfr13                                   sfr13        00000
__Hsfr14                                   sfr14        00000
__Hsfr15                                   sfr15        00000
__Hsfr16                                   sfr16        00000
__Hsfr17                                   sfr17        00000
__Hsfr18                                   sfr18        00000
__Hsfr19                                   sfr19        00000
__Hsfr2                                    sfr2         00000
__Hsfr20                                   sfr20        00000
__Hsfr21                                   sfr21        00000
__Hsfr22                                   sfr22        00000
__Hsfr23                                   sfr23        00000
__Hsfr24                                   sfr24        00000
__Hsfr25                                   sfr25        00000
__Hsfr26                                   sfr26        00000
__Hsfr27                                   sfr27        00000
__Hsfr28                                   sfr28        00000
__Hsfr29                                   sfr29        00000
__Hsfr3                                    sfr3         00000
__Hsfr30                                   sfr30        00000
__Hsfr31                                   sfr31        00000
__Hsfr4                                    sfr4         00000
__Hsfr5                                    sfr5         00000
__Hsfr6                                    sfr6         00000
__Hsfr7                                    sfr7         00000
__Hsfr8                                    sfr8         00000
__Hsfr9                                    sfr9         00000
__Hspace_0                                 (abs)        0800B
__Hspace_1                                 (abs)        000DE
__Hspace_2                                 (abs)        00000
__Hspace_3                                 (abs)        0000B
__Hstack                                   stack        00000
__Hstrings                                 strings      00000
__Hstringtext1                             stringtext1  00000
__Hstringtext2                             stringtext2  00000
__Hstringtext3                             stringtext3  00000
__Hstringtext4                             stringtext4  00000
__Htext                                    text         00000
__Labs1                                    abs1         00000
__Lbank0                                   bank0        00000
__Lbank1                                   bank1        00000
__Lbank10                                  bank10       00000
__Lbank11                                  bank11       00000
__Lbank12                                  bank12       00000
__Lbank13                                  bank13       00000
__Lbank14                                  bank14       00000
__Lbank15                                  bank15       00000
__Lbank16                                  bank16       00000
__Lbank17                                  bank17       00000
__Lbank18                                  bank18       00000
__Lbank19                                  bank19       00000
__Lbank2                                   bank2        00000
__Lbank20                                  bank20       00000
__Lbank21                                  bank21       00000
__Lbank22                                  bank22       00000
__Lbank23                                  bank23       00000
__Lbank24                                  bank24       00000
__Lbank25                                  bank25       00000
__Lbank26                                  bank26       00000
__Lbank27                                  bank27       00000
__Lbank28                                  bank28       00000
__Lbank29                                  bank29       00000
__Lbank3                                   bank3        00000
__Lbank30                                  bank30       00000
__Lbank31                                  bank31       00000
__Lbank4                                   bank4        00000
__Lbank5                                   bank5        00000
__Lbank6                                   bank6        00000
__Lbank7                                   bank7        00000
__Lbank8                                   bank8        00000
__Lbank9                                   bank9        00000
__Lbigram                                  bigram       00000
__LbssBANK0                                bssBANK0     00000
__LbssBANK1                                bssBANK1     00000
__LbssCOMMON                               bssCOMMON    00000
__LbssEEDATA                               bssEEDATA    00000
__Lcinit                                   cinit        00332
__Lclrtext                                 clrtext      00000
__Lcode                                    code         00000
__Lcommon                                  common       00000
__Lconfig                                  config       08007
__LcstackBANK0                             cstackBANK0  00000
__LcstackBANK1                             cstackBANK1  00000
__LcstackCOMMON                            cstackCOMMON 00000
__LdataBANK0                               dataBANK0    00000
__LdataBANK1                               dataBANK1    00000
__Leeprom_data                             eeprom_data  00000
__Lend_init                                end_init     00330
__Lfunctab                                 functab      00000
__LidataBANK0                              idataBANK0   00000
__LidataBANK1                              idataBANK1   00000
__Lidloc                                   idloc        00000
__Linit                                    init         00330
__Linittext                                inittext     00000
__Lintentry                                intentry     00004
__Lmaintext                                maintext     00000
__Lpowerup                                 powerup      00000
__Lram                                     ram          00000
__Lreset_vec                               reset_vec    00000
__Lsfr0                                    sfr0         00000
__Lsfr1                                    sfr1         00000
__Lsfr10                                   sfr10        00000
__Lsfr11                                   sfr11        00000
__Lsfr12                                   sfr12        00000
__Lsfr13                                   sfr13        00000
__Lsfr14                                   sfr14        00000
__Lsfr15                                   sfr15        00000
__Lsfr16                                   sfr16        00000
__Lsfr17                                   sfr17        00000
__Lsfr18                                   sfr18        00000
__Lsfr19                                   sfr19        00000
__Lsfr2                                    sfr2         00000
__Lsfr20                                   sfr20        00000
__Lsfr21                                   sfr21        00000
__Lsfr22                                   sfr22        00000
__Lsfr23                                   sfr23        00000
__Lsfr24                                   sfr24        00000
__Lsfr25                                   sfr25        00000
__Lsfr26                                   sfr26        00000
__Lsfr27                                   sfr27        00000
__Lsfr28                                   sfr28        00000
__Lsfr29                                   sfr29        00000
__Lsfr3                                    sfr3         00000
__Lsfr30                                   sfr30        00000
__Lsfr31                                   sfr31        00000
__Lsfr4                                    sfr4         00000
__Lsfr5                                    sfr5         00000
__Lsfr6                                    sfr6         00000
__Lsfr7                                    sfr7         00000
__Lsfr8                                    sfr8         00000
__Lsfr9                                    sfr9         00000
__Lspace_0                                 (abs)        00000
__Lspace_1                                 (abs)        00000
__Lspace_2                                 (abs)        00000
__Lspace_3                                 (abs)        00000
__Lstack                                   stack        00000
__Lstrings                                 strings      00000
__Lstringtext1                             stringtext1  00000
__Lstringtext2                             stringtext2  00000
__Lstringtext3                             stringtext3  00000
__Lstringtext4                             stringtext4  00000
__Ltext                                    text         00000
__S0                                       (abs)        0800B
__S1                                       (abs)        000DE
__S2                                       (abs)        00000
__S3                                       (abs)        0F00B
___ctoee                                   text17       01568
___ctoee@addr                              cstackBANK1  000D5
___ctoee@data                              cstackBANK1  000D3
___eetoc                                   text6        01576
___eetoc@addr                              cstackBANK1  000D4
___eetoc@data                              cstackBANK1  000D5
___int_sp                                  stack        00000
___latbits                                 (abs)        00002
___sp                                      stack        00000
___wmul                                    text25       015B7
___wmul@multiplicand                       cstackCOMMON 00072
___wmul@multiplier                         cstackCOMMON 00070
___wmul@product                            cstackCOMMON 00074
__end_of_ConfigureOscillator               text19       01568
__end_of_GPIO                              text2        008D3
__end_of_INC_EEPROM_MODE                   text14       00A2B
__end_of_Increment_Color_State             text11       00B70
__end_of_InitApp                           text9        01609
__end_of_Initial_Start                     text3        00AC8
__end_of_ROM_COMBO_Patterns_Three          stringtext1  00545
__end_of_ROM_COMBO_Patterns_TwoFour        stringtext2  0072F
__end_of_ROM_Sub_Patterns                  stringtext3  01085
__end_of_ROM_Sub_Patterns_Time             stringtext4  0110A
__end_of_ReWriteEEPROM                     text16       017AD
__end_of_Read_Mode_Input                   text26       00C21
__end_of_SetOUTPUT                         text1        007FF
__end_of_Update_ComboPattern_Index         text15       0093C
__end_of_Update_Input_Mode_Type            text13       01672
__end_of_WaitForSYNC_PU                    text10       0081B
__end_of_WriteEEPROMDefaults               text8        015B7
__end_of___ctoee                           text17       01576
__end_of___eetoc                           text6        01586
__end_of___wmul                            text25       015D9
__end_of__initialization                   cinit        00357
__end_of_eecpymem                          text7        0163B
__end_of_isComboPattern                    text24       0175C
__end_of_isr                               intentry     00330
__end_of_main                              maintext     00E19
__end_of_memcpyee                          text18       0086F
__end_of_readFromEEPROM                    text5        009B1
__end_of_readFromEEPROMBeforeSteadyOn      text4        01800
__end_of_resetColor                        text12       016BE
__end_of_setColorState                     text23       01000
__end_ofi1_GPIO                            text22       0170C
__end_ofi1_SetOUTPUT                       text21       00CE1
__initialization                           cinit        00332
__pbssBANK0                                bssBANK0     00020
__pbssBANK1                                bssBANK1     000A0
__pbssCOMMON                               bssCOMMON    00076
__pbssEEDATA                               bssEEDATA    00000
__pcstackBANK0                             cstackBANK0  00063
__pcstackBANK1                             cstackBANK1  000CE
__pcstackCOMMON                            cstackCOMMON 00070
__pdataBANK0                               dataBANK0    0006B
__pdataBANK1                               dataBANK1    000BE
__pidataBANK0                              idataBANK0   007FF
__pidataBANK1                              idataBANK1   01586
__pintentry                                intentry     00004
__pmaintext                                maintext     00CE1
__pstringtext1                             stringtext1  0035B
__pstringtext2                             stringtext2  00545
__pstringtext3                             stringtext3  01000
__pstringtext4                             stringtext4  01085
__pswtext1                                 swtext1      0110A
__ptext1                                   text1        0072F
__ptext10                                  text10       00801
__ptext11                                  text11       00AC8
__ptext12                                  text12       01672
__ptext13                                  text13       0163B
__ptext14                                  text14       009B1
__ptext15                                  text15       008D3
__ptext16                                  text16       0175C
__ptext17                                  text17       01568
__ptext18                                  text18       0081B
__ptext19                                  text19       0155C
__ptext2                                   text2        0086F
__ptext21                                  text21       00C21
__ptext22                                  text22       016BE
__ptext23                                  text23       00E19
__ptext24                                  text24       0170C
__ptext25                                  text25       015B7
__ptext26                                  text26       00B70
__ptext3                                   text3        00A2B
__ptext4                                   text4        017AD
__ptext5                                   text5        0093C
__ptext6                                   text6        01576
__ptext7                                   text7        01609
__ptext8                                   text8        01596
__ptext9                                   text9        015D9
__size_of_ConfigureOscillator              (abs)        00000
__size_of_GPIO                             (abs)        00000
__size_of_INC_EEPROM_MODE                  (abs)        00000
__size_of_Increment_Color_State            (abs)        00000
__size_of_InitApp                          (abs)        00000
__size_of_Initial_Start                    (abs)        00000
__size_of_ReWriteEEPROM                    (abs)        00000
__size_of_Read_Mode_Input                  (abs)        00000
__size_of_SetOUTPUT                        (abs)        00000
__size_of_Update_ComboPattern_Index        (abs)        00000
__size_of_Update_Input_Mode_Type           (abs)        00000
__size_of_WaitForSYNC_PU                   (abs)        00000
__size_of_WriteEEPROMDefaults              (abs)        00000
__size_of___ctoee                          (abs)        00000
__size_of___eetoc                          (abs)        00000
__size_of___wmul                           (abs)        00000
__size_of_eecpymem                         (abs)        00000
__size_of_isComboPattern                   (abs)        00000
__size_of_isr                              (abs)        00000
__size_of_main                             (abs)        00000
__size_of_memcpyee                         (abs)        00000
__size_of_readFromEEPROM                   (abs)        00000
__size_of_readFromEEPROMBeforeSteadyOn     (abs)        00000
__size_of_resetColor                       (abs)        00000
__size_of_setColorState                    (abs)        00000
__size_ofi1_GPIO                           (abs)        00000
__size_ofi1_SetOUTPUT                      (abs)        00000
_bCOLOR_DETECT_PRESSED                     bssBANK0     00035
_bGLOBAL_CHANGING_PATTERN                  bssBANK0     0003C
_bGLOBAL_CHANGING_PATTERN_Enforce          bssBANK0     0003B
_bGLOBAL_DISABLE_SYNC_Line_PRESSED         bssBANK0     0003D
_bGLOBAL_ENABLE_LEDS                       bssBANK0     00039
_bGLOBAL_END_OF_CYCLE_COND1                bssBANK0     00059
_bGLOBAL_END_OF_CYCLE_COND2                bssBANK0     00058
_bGLOBAL_IS_PROGRAMMING                    bssBANK0     0003A
_bGLOBAL_InPhase                           bssBANK0     00057
_bGLOBAL_InPhase_copy                      bssBANK0     00023
_bGLOBAL_MODE1_PRESSED                     bssBANK0     00037
_bGLOBAL_MODE2_PRESSED                     bssBANK0     00036
_bGLOBAL_OUTPUT_BUFFER_CHANGED             bssBANK0     00062
_bGLOBAL_STEADY_ON                         bssCOMMON    0007A
_bGLOBAL_SYNC_Line_PRESSED                 bssBANK0     00034
_bGLOBAL_SYNC_SENT                         bssBANK0     00055
_bGiveControlToColorProgram                bssBANK0     00031
_bPrev_COLOR_DETECT_PRESSED                bssBANK1     000BC
_channelToBeDisplayed                      bssBANK1     000BA
_colorResetCounter                         bssBANK1     000A4
_colorState                                bssBANK0     00020
_currentColor                              dataBANK0    0006B
_currentColorCounter                       bssBANK0     0005A
_earlyOutput                               bssBANK1     000B7
_eecpymem                                  text7        01609
_enableOutputsToFlashPatterns              bssBANK0     00038
_indexOfMode                               bssBANK0     0002F
_isComboPattern                            text24       0170C
_isr                                       intentry     00004
_main                                      maintext     00CE1
_memcpyee                                  text18       0081B
_pwmBool                                   bssBANK0     00060
_pwmStartUpCount                           bssBANK0     00061
_readFromEEPROM                            text5        0093C
_readFromEEPROMBeforeSteadyOn              text4        017AD
_resetColor                                text12       01672
_setColorState                             text23       00E19
_startUpProgram                            bssBANK0     00030
btemp                                      (abs)        0007E
clear_ram0                                 clrtext      01550
eecpymem@cp                                cstackBANK1  000D1
eecpymem@from                              cstackBANK1  000CE
eecpymem@size                              cstackBANK1  000CF
eecpymem@to                                cstackBANK1  000D2
end_of_initialization                      cinit        00357
i1GPIO@i                                   cstackCOMMON 00070
i1_GPIO                                    text22       016BE
i1_SetOUTPUT                               text21       00C21
init_ram                                   inittext     01556
int$flags                                  (abs)        0007E
intlevel0                                  functab      00000
intlevel1                                  functab      00000
intlevel2                                  functab      00000
intlevel3                                  functab      00000
intlevel4                                  functab      00000
intlevel5                                  functab      00000
isComboPattern@indexLocal                  bssBANK0     00029
isr@currentColorNumberOfChannel            bssBANK0     0004B
isr@oneMSCounter                           bssBANK0     0004F
isr@temp_data1                             bssBANK0     00051
isr@tenMSCounter                           bssBANK0     00050
main@tempvar1                              cstackBANK1  000DD
main@tester                                cstackBANK1  000DC
memcpyee@from                              cstackBANK1  000CE
memcpyee@ptr                               cstackBANK1  000D1
memcpyee@size                              cstackBANK1  000CF
memcpyee@to                                cstackBANK1  000D2
readFromEEPROM@i                           cstackBANK1  000D7
readFromEEPROMBeforeSteadyOn@i             cstackBANK1  000D7
reset_vec                                  reset_vec    00000
setColorState@currentColorNumberOfChannels bssBANK0     0002C
stackhi                                    (abs)        023EF
stacklo                                    (abs)        0208E
start                                      init         00330
start_initialization                       cinit        00332
wtemp0                                     (abs)        0007E


FUNCTION INFORMATION:

 *************** function _main *****************
 Defined at:
		line 1205 in file "main.c"
 Parameters:    Size  Location     Type
		None
 Auto vars:     Size  Location     Type
  tempvar1        1   15[BANK1 ] unsigned char 
  tester          1   14[BANK1 ] unsigned char 
 Return value:  Size  Location     Type
                  1    wreg      void 
 Registers used:
		wreg, fsr0l, fsr0h, fsr1l, fsr1h, status,2, status,0, pclath, cstack
 Tracked objects:
		On entry : 
		On exit  : 
		Unchanged: 
 Data sizes:     COMMON   BANK0   BANK1   BANK2   BANK3   BANK4   BANK5   BANK6   BANK7   BANK8   BANK9  BANK10  BANK11  BANK12
      Params:         0       0       0       0       0       0       0       0       0       0       0       0       0       0
      Locals:         0       0       2       0       0       0       0       0       0       0       0       0       0       0
      Temps:          0       0       1       0       0       0       0       0       0       0       0       0       0       0
      Totals:         0       0       3       0       0       0       0       0       0       0       0       0       0       0
Total ram usage:        3 bytes
 Hardware stack levels required when called:    8
 This function calls:
		_ConfigureOscillator
		_INC_EEPROM_MODE
		_Increment_Color_State
		_InitApp
		_Initial_Start
		_ReWriteEEPROM
		_SetOUTPUT
		_Update_ComboPattern_Index
		_Update_Input_Mode_Type
 This function is called by:
		Startup code after reset
 This function uses a non-reentrant model


 *************** function _SetOUTPUT *****************
 Defined at:
		line 443 in file "main.c"
 Parameters:    Size  Location     Type
		None
 Auto vars:     Size  Location     Type
		None
 Return value:  Size  Location     Type
                  1    wreg      void 
 Registers used:
		wreg, status,2, status,0, pclath, cstack
 Tracked objects:
		On entry : 
		On exit  : 
		Unchanged: 
 Data sizes:     COMMON   BANK0   BANK1   BANK2   BANK3   BANK4   BANK5   BANK6   BANK7   BANK8   BANK9  BANK10  BANK11  BANK12
      Params:         0       0       0       0       0       0       0       0       0       0       0       0       0       0
      Locals:         0       0       0       0       0       0       0       0       0       0       0       0       0       0
      Temps:          0       0       1       0       0       0       0       0       0       0       0       0       0       0
      Totals:         0       0       1       0       0       0       0       0       0       0       0       0       0       0
Total ram usage:        1 bytes
 Hardware stack levels used:    1
 Hardware stack levels required when called:    4
 This function calls:
		_GPIO
 This function is called by:
		_main
 This function uses a non-reentrant model


 *************** function _GPIO *****************
 Defined at:
		line 352 in file "main.c"
 Parameters:    Size  Location     Type
  i               1    wreg     unsigned char 
 Auto vars:     Size  Location     Type
  i               1    0[BANK1 ] unsigned char 
 Return value:  Size  Location     Type
                  1    wreg      void 
 Registers used:
		wreg, status,2, status,0
 Tracked objects:
		On entry : 
		On exit  : 
		Unchanged: 
 Data sizes:     COMMON   BANK0   BANK1   BANK2   BANK3   BANK4   BANK5   BANK6   BANK7   BANK8   BANK9  BANK10  BANK11  BANK12
      Params:         0       0       0       0       0       0       0       0       0       0       0       0       0       0
      Locals:         0       0       1       0       0       0       0       0       0       0       0       0       0       0
      Temps:          0       0       0       0       0       0       0       0       0       0       0       0       0       0
      Totals:         0       0       1       0       0       0       0       0       0       0       0       0       0       0
Total ram usage:        1 bytes
 Hardware stack levels used:    1
 Hardware stack levels required when called:    3
 This function calls:
		Nothing
 This function is called by:
		_SetOUTPUT
 This function uses a non-reentrant model


 *************** function _Initial_Start *****************
 Defined at:
		line 1142 in file "main.c"
 Parameters:    Size  Location     Type
		None
 Auto vars:     Size  Location     Type
  read_data       1   12[BANK1 ] unsigned char 
 Return value:  Size  Location     Type
                  1    wreg      void 
 Registers used:
		wreg, fsr0l, fsr0h, fsr1l, fsr1h, status,2, status,0, pclath, cstack
 Tracked objects:
		On entry : 
		On exit  : 
		Unchanged: 
 Data sizes:     COMMON   BANK0   BANK1   BANK2   BANK3   BANK4   BANK5   BANK6   BANK7   BANK8   BANK9  BANK10  BANK11  BANK12
      Params:         0       0       0       0       0       0       0       0       0       0       0       0       0       0
      Locals:         0       0       1       0       0       0       0       0       0       0       0       0       0       0
      Temps:          0       0       1       0       0       0       0       0       0       0       0       0       0       0
      Totals:         0       0       2       0       0       0       0       0       0       0       0       0       0       0
Total ram usage:        2 bytes
 Hardware stack levels used:    1
 Hardware stack levels required when called:    7
 This function calls:
		_Update_ComboPattern_Index
		_Update_Input_Mode_Type
		_WriteEEPROMDefaults
		___eetoc
		_readFromEEPROM
		_readFromEEPROMBeforeSteadyOn
 This function is called by:
		_main
 This function uses a non-reentrant model


 *************** function _readFromEEPROMBeforeSteadyOn *****************
 Defined at:
		line 1098 in file "main.c"
 Parameters:    Size  Location     Type
		None
 Auto vars:     Size  Location     Type
  i               1    9[BANK1 ] unsigned char 
 Return value:  Size  Location     Type
                  1    wreg      void 
 Registers used:
		wreg, fsr1l, fsr1h, status,2, status,0, pclath, cstack
 Tracked objects:
		On entry : 
		On exit  : 
		Unchanged: 
 Data sizes:     COMMON   BANK0   BANK1   BANK2   BANK3   BANK4   BANK5   BANK6   BANK7   BANK8   BANK9  BANK10  BANK11  BANK12
      Params:         0       0       0       0       0       0       0       0       0       0       0       0       0       0
      Locals:         0       0       1       0       0       0       0       0       0       0       0       0       0       0
      Temps:          0       0       1       0       0       0       0       0       0       0       0       0       0       0
      Totals:         0       0       2       0       0       0       0       0       0       0       0       0       0       0
Total ram usage:        2 bytes
 Hardware stack levels used:    1
 Hardware stack levels required when called:    5
 This function calls:
		___eetoc
 This function is called by:
		_Initial_Start
 This function uses a non-reentrant model


 *************** function _readFromEEPROM *****************
 Defined at:
		line 1120 in file "main.c"
 Parameters:    Size  Location     Type
		None
 Auto vars:     Size  Location     Type
  i               1    9[BANK1 ] unsigned char 
 Return value:  Size  Location     Type
                  1    wreg      void 
 Registers used:
		wreg, fsr1l, fsr1h, status,2, status,0, pclath, cstack
 Tracked objects:
		On entry : 
		On exit  : 
		Unchanged: 
 Data sizes:     COMMON   BANK0   BANK1   BANK2   BANK3   BANK4   BANK5   BANK6   BANK7   BANK8   BANK9  BANK10  BANK11  BANK12
      Params:         0       0       0       0       0       0       0       0       0       0       0       0       0       0
      Locals:         0       0       1       0       0       0       0       0       0       0       0       0       0       0
      Temps:          0       0       1       0       0       0       0       0       0       0       0       0       0       0
      Totals:         0       0       2       0       0       0       0       0       0       0       0       0       0       0
Total ram usage:        2 bytes
 Hardware stack levels used:    1
 Hardware stack levels required when called:    5
 This function calls:
		___eetoc
 This function is called by:
		_Initial_Start
 This function uses a non-reentrant model


 *************** function ___eetoc *****************
 Defined at:
		line 96 in file "C:\Program Files (x86)\Microchip\xc8\v1.45\sources\pic\eeprom.c"
 Parameters:    Size  Location     Type
  addr            1    wreg     PTR eeprom void 
		 -> EEprom_ColorState(3), EEprom_InPhase(3), EEprom_mode(3), EEpromNeverWritten_Flag(1), 
 Auto vars:     Size  Location     Type
  addr            1    6[BANK1 ] PTR eeprom void 
		 -> EEprom_ColorState(3), EEprom_InPhase(3), EEprom_mode(3), EEpromNeverWritten_Flag(1), 
  data            1    7[BANK1 ] unsigned char 
 Return value:  Size  Location     Type
                  1    wreg      unsigned char 
 Registers used:
		wreg, fsr1l, fsr1h, status,2, status,0, pclath, cstack
 Tracked objects:
		On entry : 
		On exit  : 
		Unchanged: 
 Data sizes:     COMMON   BANK0   BANK1   BANK2   BANK3   BANK4   BANK5   BANK6   BANK7   BANK8   BANK9  BANK10  BANK11  BANK12
      Params:         0       0       0       0       0       0       0       0       0       0       0       0       0       0
      Locals:         0       0       2       0       0       0       0       0       0       0       0       0       0       0
      Temps:          0       0       1       0       0       0       0       0       0       0       0       0       0       0
      Totals:         0       0       3       0       0       0       0       0       0       0       0       0       0       0
Total ram usage:        3 bytes
 Hardware stack levels used:    1
 Hardware stack levels required when called:    4
 This function calls:
		_eecpymem
 This function is called by:
		_readFromEEPROMBeforeSteadyOn
		_readFromEEPROM
		_Initial_Start
 This function uses a non-reentrant model


 *************** function _eecpymem *****************
 Defined at:
		line 6 in file "C:\Program Files (x86)\Microchip\xc8\v1.45\sources\pic\eeprom.c"
 Parameters:    Size  Location     Type
  to              1    wreg     PTR volatile unsigned ch
		 -> __eetofl@data(3), __eetoft@data(3), __eetol@data(4), __eetom@data(3), 
		 -> __eetoi@data(2), __eetoc@data(1), 
  from            1    0[BANK1 ] PTR eeprom unsigned char
		 -> EEprom_ColorState(3), EEprom_InPhase(3), EEprom_mode(3), EEpromNeverWritten_Flag(1), 
  size            1    1[BANK1 ] unsigned char 
 Auto vars:     Size  Location     Type
  to              1    4[BANK1 ] PTR volatile unsigned ch
		 -> __eetofl@data(3), __eetoft@data(3), __eetol@data(4), __eetom@data(3), 
		 -> __eetoi@data(2), __eetoc@data(1), 
  cp              1    3[BANK1 ] PTR volatile unsigned ch
		 -> __eetofl@data(3), __eetoft@data(3), __eetol@data(4), __eetom@data(3), 
		 -> __eetoi@data(2), __eetoc@data(1), 
 Return value:  Size  Location     Type
                  1    wreg      void 
 Registers used:
		wreg, fsr1l, fsr1h, status,2, status,0
 Tracked objects:
		On entry : 
		On exit  : 
		Unchanged: 
 Data sizes:     COMMON   BANK0   BANK1   BANK2   BANK3   BANK4   BANK5   BANK6   BANK7   BANK8   BANK9  BANK10  BANK11  BANK12
      Params:         0       0       2       0       0       0       0       0       0       0       0       0       0       0
      Locals:         0       0       2       0       0       0       0       0       0       0       0       0       0       0
      Temps:          0       0       1       0       0       0       0       0       0       0       0       0       0       0
      Totals:         0       0       5       0       0       0       0       0       0       0       0       0       0       0
Total ram usage:        5 bytes
 Hardware stack levels used:    1
 Hardware stack levels required when called:    3
 This function calls:
		Nothing
 This function is called by:
		___eetoc
 This function uses a non-reentrant model


 *************** function _WriteEEPROMDefaults *****************
 Defined at:
		line 558 in file "main.c"
 Parameters:    Size  Location     Type
		None
 Auto vars:     Size  Location     Type
		None
 Return value:  Size  Location     Type
                  1    wreg      void 
 Registers used:
		wreg, fsr1l, fsr1h, status,2, status,0, pclath, cstack
 Tracked objects:
		On entry : 
		On exit  : 
		Unchanged: 
 Data sizes:     COMMON   BANK0   BANK1   BANK2   BANK3   BANK4   BANK5   BANK6   BANK7   BANK8   BANK9  BANK10  BANK11  BANK12
      Params:         0       0       0       0       0       0       0       0       0       0       0       0       0       0
      Locals:         0       0       0       0       0       0       0       0       0       0       0       0       0       0
      Temps:          0       0       1       0       0       0       0       0       0       0       0       0       0       0
      Totals:         0       0       1       0       0       0       0       0       0       0       0       0       0       0
Total ram usage:        1 bytes
 Hardware stack levels used:    1
 Hardware stack levels required when called:    6
 This function calls:
		_ReWriteEEPROM
		___ctoee
 This function is called by:
		_Initial_Start
 This function uses a non-reentrant model


 *************** function _InitApp *****************
 Defined at:
		line 22 in file "user.c"
 Parameters:    Size  Location     Type
		None
 Auto vars:     Size  Location     Type
		None
 Return value:  Size  Location     Type
                  1    wreg      void 
 Registers used:
		wreg, status,2, status,0, pclath, cstack
 Tracked objects:
		On entry : 
		On exit  : 
		Unchanged: 
 Data sizes:     COMMON   BANK0   BANK1   BANK2   BANK3   BANK4   BANK5   BANK6   BANK7   BANK8   BANK9  BANK10  BANK11  BANK12
      Params:         0       0       0       0       0       0       0       0       0       0       0       0       0       0
      Locals:         0       0       0       0       0       0       0       0       0       0       0       0       0       0
      Temps:          0       0       0       0       0       0       0       0       0       0       0       0       0       0
      Totals:         0       0       0       0       0       0       0       0       0       0       0       0       0       0
Total ram usage:        0 bytes
 Hardware stack levels used:    1
 Hardware stack levels required when called:    4
 This function calls:
		_WaitForSYNC_PU
 This function is called by:
		_main
 This function uses a non-reentrant model


 *************** function _WaitForSYNC_PU *****************
 Defined at:
		line 546 in file "main.c"
 Parameters:    Size  Location     Type
		None
 Auto vars:     Size  Location     Type
  temp001         1    1[BANK1 ] unsigned char 
 Return value:  Size  Location     Type
                  1    wreg      void 
 Registers used:
		wreg, status,2, status,0
 Tracked objects:
		On entry : 
		On exit  : 
		Unchanged: 
 Data sizes:     COMMON   BANK0   BANK1   BANK2   BANK3   BANK4   BANK5   BANK6   BANK7   BANK8   BANK9  BANK10  BANK11  BANK12
      Params:         0       0       0       0       0       0       0       0       0       0       0       0       0       0
      Locals:         0       0       1       0       0       0       0       0       0       0       0       0       0       0
      Temps:          0       0       1       0       0       0       0       0       0       0       0       0       0       0
      Totals:         0       0       2       0       0       0       0       0       0       0       0       0       0       0
Total ram usage:        2 bytes
 Hardware stack levels used:    1
 Hardware stack levels required when called:    3
 This function calls:
		Nothing
 This function is called by:
		_InitApp
 This function uses a non-reentrant model


 *************** function _Increment_Color_State *****************
 Defined at:
		line 917 in file "main.c"
 Parameters:    Size  Location     Type
		None
 Auto vars:     Size  Location     Type
		None
 Return value:  Size  Location     Type
                  1    wreg      void 
 Registers used:
		wreg, fsr1l, fsr1h, status,2, status,0, pclath, cstack
 Tracked objects:
		On entry : 
		On exit  : 
		Unchanged: 
 Data sizes:     COMMON   BANK0   BANK1   BANK2   BANK3   BANK4   BANK5   BANK6   BANK7   BANK8   BANK9  BANK10  BANK11  BANK12
      Params:         0       0       0       0       0       0       0       0       0       0       0       0       0       0
      Locals:         0       0       0       0       0       0       0       0       0       0       0       0       0       0
      Temps:          0       0       1       0       0       0       0       0       0       0       0       0       0       0
      Totals:         0       0       1       0       0       0       0       0       0       0       0       0       0       0
Total ram usage:        1 bytes
 Hardware stack levels used:    1
 Hardware stack levels required when called:    7
 This function calls:
		_ReWriteEEPROM
		_Update_Input_Mode_Type
		_resetColor
 This function is called by:
		_main
 This function uses a non-reentrant model


 *************** function _resetColor *****************
 Defined at:
		line 888 in file "main.c"
 Parameters:    Size  Location     Type
		None
 Auto vars:     Size  Location     Type
		None
 Return value:  Size  Location     Type
                  1    wreg      void 
 Registers used:
		wreg, fsr1l, fsr1h, status,2, status,0, pclath, cstack
 Tracked objects:
		On entry : 
		On exit  : 
		Unchanged: 
 Data sizes:     COMMON   BANK0   BANK1   BANK2   BANK3   BANK4   BANK5   BANK6   BANK7   BANK8   BANK9  BANK10  BANK11  BANK12
      Params:         0       0       0       0       0       0       0       0       0       0       0       0       0       0
      Locals:         0       0       0       0       0       0       0       0       0       0       0       0       0       0
      Temps:          0       0       0       0       0       0       0       0       0       0       0       0       0       0
      Totals:         0       0       0       0       0       0       0       0       0       0       0       0       0       0
Total ram usage:        0 bytes
 Hardware stack levels used:    1
 Hardware stack levels required when called:    6
 This function calls:
		_ReWriteEEPROM
		_Update_Input_Mode_Type
 This function is called by:
		_Increment_Color_State
 This function uses a non-reentrant model


 *************** function _Update_Input_Mode_Type *****************
 Defined at:
		line 869 in file "main.c"
 Parameters:    Size  Location     Type
		None
 Auto vars:     Size  Location     Type
		None
 Return value:  Size  Location     Type
                  1    wreg      void 
 Registers used:
		wreg, fsr1l, fsr1h, status,2, status,0, pclath, cstack
 Tracked objects:
		On entry : 
		On exit  : 
		Unchanged: 
 Data sizes:     COMMON   BANK0   BANK1   BANK2   BANK3   BANK4   BANK5   BANK6   BANK7   BANK8   BANK9  BANK10  BANK11  BANK12
      Params:         0       0       0       0       0       0       0       0       0       0       0       0       0       0
      Locals:         0       0       0       0       0       0       0       0       0       0       0       0       0       0
      Temps:          0       0       1       0       0       0       0       0       0       0       0       0       0       0
      Totals:         0       0       1       0       0       0       0       0       0       0       0       0       0       0
Total ram usage:        1 bytes
 Hardware stack levels used:    1
 Hardware stack levels required when called:    4
 This function calls:
		_Update_ComboPattern_Index
 This function is called by:
		_resetColor
		_Increment_Color_State
		_Initial_Start
		_main
 This function uses a non-reentrant model


 *************** function _INC_EEPROM_MODE *****************
 Defined at:
		line 838 in file "main.c"
 Parameters:    Size  Location     Type
		None
 Auto vars:     Size  Location     Type
  Temp_Mode_Da    1   11[BANK1 ] unsigned char 
  inputSync       1    0        unsigned char 
 Return value:  Size  Location     Type
                  1    wreg      void 
 Registers used:
		wreg, fsr1l, fsr1h, status,2, status,0, pclath, cstack
 Tracked objects:
		On entry : 
		On exit  : 
		Unchanged: 
 Data sizes:     COMMON   BANK0   BANK1   BANK2   BANK3   BANK4   BANK5   BANK6   BANK7   BANK8   BANK9  BANK10  BANK11  BANK12
      Params:         0       0       0       0       0       0       0       0       0       0       0       0       0       0
      Locals:         0       0       1       0       0       0       0       0       0       0       0       0       0       0
      Temps:          0       0       1       0       0       0       0       0       0       0       0       0       0       0
      Totals:         0       0       2       0       0       0       0       0       0       0       0       0       0       0
Total ram usage:        2 bytes
 Hardware stack levels used:    1
 Hardware stack levels required when called:    6
 This function calls:
		_ReWriteEEPROM
		_Update_ComboPattern_Index
 This function is called by:
		_main
 This function uses a non-reentrant model


 *************** function _Update_ComboPattern_Index *****************
 Defined at:
		line 1057 in file "main.c"
 Parameters:    Size  Location     Type
		None
 Auto vars:     Size  Location     Type
		None
 Return value:  Size  Location     Type
                  1    wreg      void 
 Registers used:
		wreg, fsr1l, fsr1h, status,2, status,0
 Tracked objects:
		On entry : 
		On exit  : 
		Unchanged: 
 Data sizes:     COMMON   BANK0   BANK1   BANK2   BANK3   BANK4   BANK5   BANK6   BANK7   BANK8   BANK9  BANK10  BANK11  BANK12
      Params:         0       0       0       0       0       0       0       0       0       0       0       0       0       0
      Locals:         0       0       0       0       0       0       0       0       0       0       0       0       0       0
      Temps:          0       0       1       0       0       0       0       0       0       0       0       0       0       0
      Totals:         0       0       1       0       0       0       0       0       0       0       0       0       0       0
Total ram usage:        1 bytes
 Hardware stack levels used:    1
 Hardware stack levels required when called:    3
 This function calls:
		Nothing
 This function is called by:
		_INC_EEPROM_MODE
		_Update_Input_Mode_Type
		_Initial_Start
		_main
 This function uses a non-reentrant model


 *************** function _ReWriteEEPROM *****************
 Defined at:
		line 815 in file "main.c"
 Parameters:    Size  Location     Type
		None
 Auto vars:     Size  Location     Type
  i               1    9[BANK1 ] unsigned char 
 Return value:  Size  Location     Type
                  1    wreg      void 
 Registers used:
		wreg, fsr1l, fsr1h, status,2, status,0, pclath, cstack
 Tracked objects:
		On entry : 
		On exit  : 
		Unchanged: 
 Data sizes:     COMMON   BANK0   BANK1   BANK2   BANK3   BANK4   BANK5   BANK6   BANK7   BANK8   BANK9  BANK10  BANK11  BANK12
      Params:         0       0       0       0       0       0       0       0       0       0       0       0       0       0
      Locals:         0       0       1       0       0       0       0       0       0       0       0       0       0       0
      Temps:          0       0       1       0       0       0       0       0       0       0       0       0       0       0
      Totals:         0       0       2       0       0       0       0       0       0       0       0       0       0       0
Total ram usage:        2 bytes
 Hardware stack levels used:    1
 Hardware stack levels required when called:    5
 This function calls:
		___ctoee
 This function is called by:
		_WriteEEPROMDefaults
		_INC_EEPROM_MODE
		_resetColor
		_Increment_Color_State
		_main
 This function uses a non-reentrant model


 *************** function ___ctoee *****************
 Defined at:
		line 128 in file "C:\Program Files (x86)\Microchip\xc8\v1.45\sources\pic\eeprom.c"
 Parameters:    Size  Location     Type
  addr            1    wreg     PTR eeprom void 
		 -> EEprom_ColorState(3), EEprom_InPhase(3), EEprom_mode(3), EEprom_Written_Flag(1), 
		 -> EEpromNeverWritten_Flag(1), 
  data            1    5[BANK1 ] unsigned char 
 Auto vars:     Size  Location     Type
  addr            1    7[BANK1 ] PTR eeprom void 
		 -> EEprom_ColorState(3), EEprom_InPhase(3), EEprom_mode(3), EEprom_Written_Flag(1), 
		 -> EEpromNeverWritten_Flag(1), 
 Return value:  Size  Location     Type
                  1    wreg      unsigned char 
 Registers used:
		wreg, fsr1l, fsr1h, status,2, status,0, pclath, cstack
 Tracked objects:
		On entry : 
		On exit  : 
		Unchanged: 
 Data sizes:     COMMON   BANK0   BANK1   BANK2   BANK3   BANK4   BANK5   BANK6   BANK7   BANK8   BANK9  BANK10  BANK11  BANK12
      Params:         0       0       1       0       0       0       0       0       0       0       0       0       0       0
      Locals:         0       0       1       0       0       0       0       0       0       0       0       0       0       0
      Temps:          0       0       1       0       0       0       0       0       0       0       0       0       0       0
      Totals:         0       0       3       0       0       0       0       0       0       0       0       0       0       0
Total ram usage:        3 bytes
 Hardware stack levels used:    1
 Hardware stack levels required when called:    4
 This function calls:
		_memcpyee
 This function is called by:
		_WriteEEPROMDefaults
		_ReWriteEEPROM
 This function uses a non-reentrant model


 *************** function _memcpyee *****************
 Defined at:
		line 39 in file "C:\Program Files (x86)\Microchip\xc8\v1.45\sources\pic\eeprom.c"
 Parameters:    Size  Location     Type
  to              1    wreg     PTR eeprom unsigned char
		 -> EEprom_ColorState(3), EEprom_InPhase(3), EEprom_mode(3), EEprom_Written_Flag(1), 
		 -> EEpromNeverWritten_Flag(1), 
  from            1    0[BANK1 ] PTR const unsigned char 
		 -> __fltoee@data(3), __fttoee@data(3), __ltoee@data(4), __mtoee@data(3), 
		 -> __itoee@data(2), __ctoee@data(1), 
  size            1    1[BANK1 ] unsigned char 
 Auto vars:     Size  Location     Type
  to              1    4[BANK1 ] PTR eeprom unsigned char
		 -> EEprom_ColorState(3), EEprom_InPhase(3), EEprom_mode(3), EEprom_Written_Flag(1), 
		 -> EEpromNeverWritten_Flag(1), 
  ptr             1    3[BANK1 ] PTR const unsigned char 
		 -> __fltoee@data(3), __fttoee@data(3), __ltoee@data(4), __mtoee@data(3), 
		 -> __itoee@data(2), __ctoee@data(1), 
 Return value:  Size  Location     Type
                  1    wreg      void 
 Registers used:
		wreg, fsr1l, fsr1h, status,2, status,0
 Tracked objects:
		On entry : 
		On exit  : 
		Unchanged: 
 Data sizes:     COMMON   BANK0   BANK1   BANK2   BANK3   BANK4   BANK5   BANK6   BANK7   BANK8   BANK9  BANK10  BANK11  BANK12
      Params:         0       0       2       0       0       0       0       0       0       0       0       0       0       0
      Locals:         0       0       2       0       0       0       0       0       0       0       0       0       0       0
      Temps:          0       0       1       0       0       0       0       0       0       0       0       0       0       0
      Totals:         0       0       5       0       0       0       0       0       0       0       0       0       0       0
Total ram usage:        5 bytes
 Hardware stack levels used:    1
 Hardware stack levels required when called:    3
 This function calls:
		Nothing
 This function is called by:
		___ctoee
 This function uses a non-reentrant model


 *************** function _ConfigureOscillator *****************
 Defined at:
		line 18 in file "system.c"
 Parameters:    Size  Location     Type
		None
 Auto vars:     Size  Location     Type
		None
 Return value:  Size  Location     Type
                  1    wreg      void 
 Registers used:
		wreg, status,2, status,0
 Tracked objects:
		On entry : 
		On exit  : 
		Unchanged: 
 Data sizes:     COMMON   BANK0   BANK1   BANK2   BANK3   BANK4   BANK5   BANK6   BANK7   BANK8   BANK9  BANK10  BANK11  BANK12
      Params:         0       0       0       0       0       0       0       0       0       0       0       0       0       0
      Locals:         0       0       0       0       0       0       0       0       0       0       0       0       0       0
      Temps:          0       0       0       0       0       0       0       0       0       0       0       0       0       0
      Totals:         0       0       0       0       0       0       0       0       0       0       0       0       0       0
Total ram usage:        0 bytes
 Hardware stack levels used:    1
 Hardware stack levels required when called:    3
 This function calls:
		Nothing
 This function is called by:
		_main
 This function uses a non-reentrant model


 *************** function _isr *****************
 Defined at:
		line 26 in file "interrupts.c"
 Parameters:    Size  Location     Type
		None
 Auto vars:     Size  Location     Type
		None
 Return value:  Size  Location     Type
                  1    wreg      void 
 Registers used:
		wreg, fsr0l, fsr0h, fsr1l, fsr1h, status,2, status,0, pclath, cstack
 Tracked objects:
		On entry : 
		On exit  : 
		Unchanged: 
 Data sizes:     COMMON   BANK0   BANK1   BANK2   BANK3   BANK4   BANK5   BANK6   BANK7   BANK8   BANK9  BANK10  BANK11  BANK12
      Params:         0       0       0       0       0       0       0       0       0       0       0       0       0       0
      Locals:         0       0       0       0       0       0       0       0       0       0       0       0       0       0
      Temps:          0       8       0       0       0       0       0       0       0       0       0       0       0       0
      Totals:         0       8       0       0       0       0       0       0       0       0       0       0       0       0
Total ram usage:        8 bytes
 Hardware stack levels used:    1
 Hardware stack levels required when called:    2
 This function calls:
		_Read_Mode_Input
		___wmul
		_isComboPattern
		_setColorState
		i1_SetOUTPUT
 This function is called by:
		Interrupt level 1
 This function uses a non-reentrant model


 *************** function i1_SetOUTPUT *****************
 Defined at:
		line 443 in file "main.c"
 Parameters:    Size  Location     Type
		None
 Auto vars:     Size  Location     Type
		None
 Return value:  Size  Location     Type
                  1    wreg      void 
 Registers used:
		wreg, status,2, status,0, pclath, cstack
 Tracked objects:
		On entry : 
		On exit  : 
		Unchanged: 
 Data sizes:     COMMON   BANK0   BANK1   BANK2   BANK3   BANK4   BANK5   BANK6   BANK7   BANK8   BANK9  BANK10  BANK11  BANK12
      Params:         0       0       0       0       0       0       0       0       0       0       0       0       0       0
      Locals:         0       0       0       0       0       0       0       0       0       0       0       0       0       0
      Temps:          1       0       0       0       0       0       0       0       0       0       0       0       0       0
      Totals:         1       0       0       0       0       0       0       0       0       0       0       0       0       0
Total ram usage:        1 bytes
 Hardware stack levels used:    1
 Hardware stack levels required when called:    1
 This function calls:
		i1_GPIO
 This function is called by:
		_isr
 This function uses a non-reentrant model


 *************** function i1_GPIO *****************
 Defined at:
		line 352 in file "main.c"
 Parameters:    Size  Location     Type
  i               1    wreg     unsigned char 
 Auto vars:     Size  Location     Type
  i               1    0[COMMON] unsigned char 
 Return value:  Size  Location     Type
                  1    wreg      void 
 Registers used:
		wreg, status,2, status,0
 Tracked objects:
		On entry : 
		On exit  : 
		Unchanged: 
 Data sizes:     COMMON   BANK0   BANK1   BANK2   BANK3   BANK4   BANK5   BANK6   BANK7   BANK8   BANK9  BANK10  BANK11  BANK12
      Params:         0       0       0       0       0       0       0       0       0       0       0       0       0       0
      Locals:         1       0       0       0       0       0       0       0       0       0       0       0       0       0
      Temps:          0       0       0       0       0       0       0       0       0       0       0       0       0       0
      Totals:         1       0       0       0       0       0       0       0       0       0       0       0       0       0
Total ram usage:        1 bytes
 Hardware stack levels used:    1
 This function calls:
		Nothing
 This function is called by:
		i1_SetOUTPUT
 This function uses a non-reentrant model


 *************** function _setColorState *****************
 Defined at:
		line 577 in file "main.c"
 Parameters:    Size  Location     Type
		None
 Auto vars:     Size  Location     Type
		None
 Return value:  Size  Location     Type
                  1    wreg      unsigned char 
 Registers used:
		wreg, fsr0l, fsr0h, fsr1l, fsr1h, status,2, status,0
 Tracked objects:
		On entry : 
		On exit  : 
		Unchanged: 
 Data sizes:     COMMON   BANK0   BANK1   BANK2   BANK3   BANK4   BANK5   BANK6   BANK7   BANK8   BANK9  BANK10  BANK11  BANK12
      Params:         0       0       0       0       0       0       0       0       0       0       0       0       0       0
      Locals:         0       0       0       0       0       0       0       0       0       0       0       0       0       0
      Temps:          1       0       0       0       0       0       0       0       0       0       0       0       0       0
      Totals:         1       0       0       0       0       0       0       0       0       0       0       0       0       0
Total ram usage:        1 bytes
 Hardware stack levels used:    1
 This function calls:
		Nothing
 This function is called by:
		_isr
 This function uses a non-reentrant model


 *************** function _isComboPattern *****************
 Defined at:
		line 1327 in file "main.c"
 Parameters:    Size  Location     Type
		None
 Auto vars:     Size  Location     Type
		None
 Return value:  Size  Location     Type
                  1    wreg      unsigned char 
 Registers used:
		wreg, fsr1l, fsr1h, status,2, status,0
 Tracked objects:
		On entry : 
		On exit  : 
		Unchanged: 
 Data sizes:     COMMON   BANK0   BANK1   BANK2   BANK3   BANK4   BANK5   BANK6   BANK7   BANK8   BANK9  BANK10  BANK11  BANK12
      Params:         0       0       0       0       0       0       0       0       0       0       0       0       0       0
      Locals:         0       0       0       0       0       0       0       0       0       0       0       0       0       0
      Temps:          0       0       0       0       0       0       0       0       0       0       0       0       0       0
      Totals:         0       0       0       0       0       0       0       0       0       0       0       0       0       0
Total ram usage:        0 bytes
 Hardware stack levels used:    1
 This function calls:
		Nothing
 This function is called by:
		_isr
 This function uses a non-reentrant model


 *************** function ___wmul *****************
 Defined at:
		line 15 in file "C:\Program Files (x86)\Microchip\xc8\v1.45\sources\common\Umul16.c"
 Parameters:    Size  Location     Type
  multiplier      2    0[COMMON] unsigned int 
  multiplicand    2    2[COMMON] unsigned int 
 Auto vars:     Size  Location     Type
  product         2    4[COMMON] unsigned int 
 Return value:  Size  Location     Type
                  2    0[COMMON] unsigned int 
 Registers used:
		wreg, status,2, status,0
 Tracked objects:
		On entry : 
		On exit  : 
		Unchanged: 
 Data sizes:     COMMON   BANK0   BANK1   BANK2   BANK3   BANK4   BANK5   BANK6   BANK7   BANK8   BANK9  BANK10  BANK11  BANK12
      Params:         4       0       0       0       0       0       0       0       0       0       0       0       0       0
      Locals:         2       0       0       0       0       0       0       0       0       0       0       0       0       0
      Temps:          0       0       0       0       0       0       0       0       0       0       0       0       0       0
      Totals:         6       0       0       0       0       0       0       0       0       0       0       0       0       0
Total ram usage:        6 bytes
 Hardware stack levels used:    1
 This function calls:
		Nothing
 This function is called by:
		_isr
 This function uses a non-reentrant model


 *************** function _Read_Mode_Input *****************
 Defined at:
		line 981 in file "main.c"
 Parameters:    Size  Location     Type
		None
 Auto vars:     Size  Location     Type
		None
 Return value:  Size  Location     Type
                  1    wreg      void 
 Registers used:
		wreg, status,2, status,0
 Tracked objects:
		On entry : 
		On exit  : 
		Unchanged: 
 Data sizes:     COMMON   BANK0   BANK1   BANK2   BANK3   BANK4   BANK5   BANK6   BANK7   BANK8   BANK9  BANK10  BANK11  BANK12
      Params:         0       0       0       0       0       0       0       0       0       0       0       0       0       0
      Locals:         0       0       0       0       0       0       0       0       0       0       0       0       0       0
      Temps:          1       0       0       0       0       0       0       0       0       0       0       0       0       0
      Totals:         1       0       0       0       0       0       0       0       0       0       0       0       0       0
Total ram usage:        1 bytes
 Hardware stack levels used:    1
 This function calls:
		Nothing
 This function is called by:
		_isr
 This function uses a non-reentrant model



MODULE INFORMATION

Module		Function		Class		Link	Load	Size
interrupts.c
		_isr           		CODE           	0004	0000	813

interrupts.c estimated size: 813

C:\Program Files (x86)\Microchip\xc8\v1.45\sources\common\Umul16.c
		___wmul        		CODE           	15B7	0000	35

C:\Program Files (x86)\Microchip\xc8\v1.45\sources\common\Umul16.c estimated size: 35

C:\Program Files (x86)\Microchip\xc8\v1.45\sources\pic\eeprom.c
		_eecpymem      		CODE           	1609	0000	51
		___eetoc       		CODE           	1576	0000	17
		___ctoee       		CODE           	1568	0000	15
		_memcpyee      		CODE           	081B	0000	85

C:\Program Files (x86)\Microchip\xc8\v1.45\sources\pic\eeprom.c estimated size: 168

shared
		_ROM_Sub_Patterns		STRCODE        	1000	0000	134
		i1_GPIO        		CODE           	16BE	0000	79
		_ROM_Sub_Patterns_Time		STRCODE        	1085	0000	134
		__initialization		CODE           	0332	0000	38
		_ROM_COMBO_Patterns_Three		STRCODE        	035B	0000	491
		i1_SetOUTPUT   		CODE           	0C21	0000	193
		_ROM_COMBO_Patterns_TwoFour		STRCODE        	0545	0000	491

shared estimated size: 1560

user.c
		_InitApp       		CODE           	15D9	0000	49

user.c estimated size: 49

main.c
		_readFromEEPROM		CODE           	093C	0000	118
		_isComboPattern		CODE           	170C	0000	81
		_ReWriteEEPROM 		CODE           	175C	0000	82
		_WriteEEPROMDefaults		CODE           	1596	0000	34
		_main          		CODE           	0CE1	0000	313
		_Update_Input_Mode_Type		CODE           	163B	0000	56
		_WaitForSYNC_PU		CODE           	0801	0000	27
		_SetOUTPUT     		CODE           	072F	0000	209
		_resetColor    		CODE           	1672	0000	77
		_GPIO          		CODE           	086F	0000	101
		_Initial_Start 		CODE           	0A2B	0000	158
		_readFromEEPROMBeforeSteadyOn		CODE           	17AD	0000	84
		_INC_EEPROM_MODE		CODE           	09B1	0000	123
		_Increment_Color_State		CODE           	0AC8	0000	169
		_Read_Mode_Input		CODE           	0B70	0000	178
		_Update_ComboPattern_Index		CODE           	08D3	0000	106
		_setColorState 		CODE           	0E19	0000	488

main.c estimated size: 2404

system.c
		_ConfigureOscillator		CODE           	155C	0000	13

system.c estimated size: 13

