Microchip MPLAB XC8 Compiler V1.45 ()

Linker command line:

--edf=C:\Program Files (x86)\Microchip\xc8\v1.45\dat\en_msgs.txt -cs \
  -h+dist/XC8_PIC12F683/production\TEST.production.sym \
  --cmf=dist/XC8_PIC12F683/production\TEST.production.cmf -z -Q16F18325 \
  -oC:\Users\kylep\AppData\Local\Temp\sa60.2 \
  -Mdist/XC8_PIC12F683/production/TEST.production.map -E1 -ver=XC8 \
  -ASTACK=0208Eh-023efh -pstack=STACK -ACODE=00h-07FFhx4 \
  -ASTRCODE=00h-01FFFh -ASTRING=00h-0FFhx32 -ACONST=00h-0FFhx32 \
  -AENTRY=00h-0FFhx32 -ACOMMON=070h-07Fh -ABANK0=020h-06Fh \
  -ABANK1=0A0h-0EFh -ABANK2=0120h-016Fh -ABANK3=01A0h-01EFh \
  -ABANK4=0220h-026Fh -ABANK5=02A0h-02EFh -ABANK6=0320h-036Fh \
  -ABANK7=03A0h-03EFh -ABANK8=0420h-046Fh -ABANK9=04A0h-04EFh \
  -ABANK10=0520h-056Fh -ABANK11=05A0h-05EFh -ABANK12=0620h-064Fh \
  -ABIGRAM=02000h-023EFh \
  -ARAM=020h-06Fh,0A0h-0EFh,0120h-016Fh,01A0h-01EFh,0220h-026Fh,02A0h-02EFh,0320h-036Fh,03A0h-03EFh,0420h-046Fh,04A0h-04EFh,0520h-056Fh,05A0h-05EFh,0620h-064Fh \
  -AABS1=020h-07Fh,0A0h-0EFh,0120h-016Fh,01A0h-01EFh,0220h-026Fh,02A0h-02EFh,0320h-036Fh,03A0h-03EFh,0420h-046Fh,04A0h-04EFh,0520h-056Fh,05A0h-05EFh,0620h-064Fh \
  -ASFR0=00h-01Fh -ASFR1=080h-09Fh -ASFR2=0100h-011Fh -ASFR3=0180h-019Fh \
  -ASFR4=0200h-021Fh -ASFR5=0280h-029Fh -ASFR6=0300h-031Fh \
  -ASFR7=0380h-039Fh -ASFR8=0400h-041Fh -ASFR9=0480h-049Fh \
  -ASFR10=0500h-051Fh -ASFR11=0580h-059Fh -ASFR12=0600h-061Fh \
  -ASFR13=0680h-06EFh -ASFR14=0700h-076Fh -ASFR15=0780h-07EFh \
  -ASFR16=0800h-086Fh -ASFR17=0880h-08EFh -ASFR18=0900h-096Fh \
  -ASFR19=0980h-09EFh -ASFR20=0A00h-0A6Fh -ASFR21=0A80h-0AEFh \
  -ASFR22=0B00h-0B6Fh -ASFR23=0B80h-0BEFh -ASFR24=0C00h-0C6Fh \
  -ASFR25=0C80h-0CEFh -ASFR26=0D00h-0D6Fh -ASFR27=0D80h-0DEFh \
  -ASFR28=0E00h-0E6Fh -ASFR29=0E80h-0EEFh -ASFR30=0F00h-0F6Fh \
  -ASFR31=0F80h-0FEFh -preset_vec=00h,intentry=04h,init,end_init \
  -ppowerup=CODE -pcinit=CODE -pfunctab=ENTRY -ACONFIG=08007h-0800Ah \
  -pconfig=CONFIG -DCONFIG=2 -AIDLOC=08000h-08003h -pidloc=IDLOC -DIDLOC=2 \
  -AEEDATA=00h-0FFh/0F000h -peeprom_data=EEDATA -DEEDATA=2 -DCODE=2 \
  -DSTRCODE=2 -DSTRING=2 -DCONST=2 -DENTRY=2 -k \
  C:\Users\kylep\AppData\Local\Temp\sa60.obj \
  dist/XC8_PIC12F683/production\TEST.production.obj 

Object code version is 3.11

Machine type is 16F18325



                Name                               Link     Load   Length Selector   Space Scale
C:\Users\kylep\AppData\Local\Temp\sa60.obj
                end_init                            330      330        2        8       0
                reset_vec                             0        0        2        0       0
                config                             8007     8007        4    1000E       0
dist/XC8_PIC12F683/production\TEST.production.obj
                cinit                               332      332       31        8       0
                intentry                              4        4      32C        8       0
                text26                              A68      A68       92     14D0       0
                text25                             160B     160B       22     2C16       0
                text24                             175F     175F       50     2EBE       0
                swtext1                            110A     110A       1E     2214       0
                text23                              E19      E19      1E7     1C32       0
                text22                             1711     1711       4E     2E22       0
                text21                              C32      C32       B5     1864       0
                text19                             1596     1596        C     2B2C       0
                text18                              858      858       54     10B0       0
                text17                             15A2     15A2        E     2B44       0
                text16                             17AF     17AF       51     2F5E       0
                text15                              910      910       69     1220       0
                text14                              9EE      9EE       7A     13DC       0
                text13                             168F     168F       37     2D1E       0
                text12                             16C6     16C6       4B     2D8C       0
                text11                              AFA      AFA       9B     15F4       0
                text10                             15D0     15D0       1A     2BA0       0
                text9                              162D     162D       30     2C5A       0
                text8                              15EA     15EA       21     2BD4       0
                text7                              165D     165D       32     2CBA       0
                text6                              15B0     15B0       10     2B60       0
                text5                               979      979       75     12F2       0
                text4                               805      805       53     100A       0
                text3                               B95      B95       9D     172A       0
                text2                               8AC      8AC       64     1158       0
                text1                               737      737       C4      E6E       0
                maintext                            CE7      CE7      132     19CE       0
                cstackBANK0                          60       60        8       20       1
                cstackCOMMON                         70       70        6       70       1
                cstackBANK1                          CE       CE       10       A0       1
                clrtext                            158A     158A        6     2B14       0
                inittext                           1590     1590        6     2B20       0
                dataBANK1                            BE       BE       10       A0       1
                bssBANK1                             A0       A0       1E       A0       1
                dataBANK0                            68       68        4       20       1
                bssBANK0                             20       20       40       20       1
                bssCOMMON                            76       76        5       70       1
                bssEEDATA                             0     F000        B    1E000       3
                stringtext4                        1085     1085       85     2000       0
                stringtext3                        1000     1000       85     2000       0
                stringtext2                         54D      54D      1EA      6C6       0
                stringtext1                         363      363      1EA      6C6       0
                idataBANK1                         15C0     15C0       10     2B80       0
                idataBANK0                          7FB      7FB        4      E6E       0

TOTAL           Name                               Link     Load   Length     Space
        CLASS   STACK          

        CLASS   CODE           
                end_init                            330      330        2         0
                cinit                               332      332       31         0
                intentry                              4        4      32C         0
                reset_vec                             0        0        2         0
                text26                              A68      A68       92         0
                text25                             160B     160B       22         0
                text24                             175F     175F       50         0
                text23                              E19      E19      1E7         0
                text22                             1711     1711       4E         0
                text21                              C32      C32       B5         0
                text19                             1596     1596        C         0
                text18                              858      858       54         0
                text17                             15A2     15A2        E         0
                text16                             17AF     17AF       51         0
                text15                              910      910       69         0
                text14                              9EE      9EE       7A         0
                text13                             168F     168F       37         0
                text12                             16C6     16C6       4B         0
                text11                              AFA      AFA       9B         0
                text10                             15D0     15D0       1A         0
                text9                              162D     162D       30         0
                text8                              15EA     15EA       21         0
                text7                              165D     165D       32         0
                text6                              15B0     15B0       10         0
                text5                               979      979       75         0
                text4                               805      805       53         0
                text3                               B95      B95       9D         0
                text2                               8AC      8AC       64         0
                text1                               737      737       C4         0
                maintext                            CE7      CE7      132         0
                clrtext                            158A     158A        6         0
                inittext                           1590     1590        6         0
                idataBANK1                         15C0     15C0       10         0
                idataBANK0                          7FB      7FB        4         0

        CLASS   STRCODE        
                stringtext4                        1085     1085       85         0
                stringtext3                        1000     1000       85         0
                stringtext2                         54D      54D      1EA         0
                stringtext1                         363      363      1EA         0

        CLASS   STRING         

        CLASS   CONST          
                swtext1                            110A     110A       1E         0

        CLASS   ENTRY          

        CLASS   COMMON         
                cstackCOMMON                         70       70        6         1
                bssCOMMON                            76       76        5         1

        CLASS   BANK0          
                cstackBANK0                          60       60        8         1
                dataBANK0                            68       68        4         1
                bssBANK0                             20       20       40         1

        CLASS   BANK1          
                cstackBANK1                          CE       CE       10         1
                dataBANK1                            BE       BE       10         1
                bssBANK1                             A0       A0       1E         1

        CLASS   BANK2          

        CLASS   BANK3          

        CLASS   BANK4          

        CLASS   BANK5          

        CLASS   BANK6          

        CLASS   BANK7          

        CLASS   BANK8          

        CLASS   BANK9          

        CLASS   BANK10         

        CLASS   BANK11         

        CLASS   BANK12         

        CLASS   BIGRAM         

        CLASS   RAM            

        CLASS   ABS1           
                abs_s1                               7E       7E        2         1

        CLASS   SFR0           

        CLASS   SFR1           

        CLASS   SFR2           

        CLASS   SFR3           

        CLASS   SFR4           

        CLASS   SFR5           

        CLASS   SFR6           

        CLASS   SFR7           

        CLASS   SFR8           

        CLASS   SFR9           

        CLASS   SFR10          

        CLASS   SFR11          

        CLASS   SFR12          

        CLASS   SFR13          

        CLASS   SFR14          

        CLASS   SFR15          

        CLASS   SFR16          

        CLASS   SFR17          

        CLASS   SFR18          

        CLASS   SFR19          

        CLASS   SFR20          

        CLASS   SFR21          

        CLASS   SFR22          

        CLASS   SFR23          

        CLASS   SFR24          

        CLASS   SFR25          

        CLASS   SFR26          

        CLASS   SFR27          

        CLASS   SFR28          

        CLASS   SFR29          

        CLASS   SFR30          

        CLASS   SFR31          

        CLASS   CONFIG         
                config                             8007     8007        4         0

        CLASS   IDLOC          

        CLASS   EEDATA         
                bssEEDATA                             0     F000        B         3

        CLASS   BANK31         

        CLASS   BANK30         

        CLASS   BANK29         

        CLASS   BANK28         

        CLASS   BANK27         

        CLASS   BANK26         

        CLASS   BANK25         

        CLASS   BANK24         

        CLASS   BANK23         

        CLASS   BANK22         

        CLASS   BANK21         

        CLASS   BANK20         

        CLASS   BANK19         

        CLASS   BANK18         

        CLASS   BANK17         

        CLASS   BANK16         

        CLASS   BANK15         

        CLASS   BANK14         

        CLASS   BANK13         



SEGMENTS        Name                           Load    Length   Top    Selector   Space  Class     Delta

                reset_vec                      000000  000002  000002         0       0  CODE        2
                intentry                       000004  00035F  000363         8       0  CODE        2
                bssBANK0                       000020  00004C  00006C        20       1  BANK0       1
                cstackCOMMON                   000070  00000B  00007B        70       1  COMMON      1
                bssBANK1                       0000A0  00003E  0000DE        A0       1  BANK1       1
                stringtext1                    000363  0003D4  000737       6C6       0  STRCODE     2
                text1                          000737  0000C8  0007FF       E6E       0  CODE        2
                text4                          000805  000053  000858      100A       0  CODE        2
                text18                         000858  000054  0008AC      10B0       0  CODE        2
                text2                          0008AC  000064  000910      1158       0  CODE        2
                text15                         000910  000069  000979      1220       0  CODE        2
                text5                          000979  000075  0009EE      12F2       0  CODE        2
                text14                         0009EE  00007A  000A68      13DC       0  CODE        2
                text26                         000A68  000092  000AFA      14D0       0  CODE        2
                text11                         000AFA  00009B  000B95      15F4       0  CODE        2
                text3                          000B95  00009D  000C32      172A       0  CODE        2
                text21                         000C32  0000B5  000CE7      1864       0  CODE        2
                maintext                       000CE7  000132  000E19      19CE       0  CODE        2
                text23                         000E19  0001E7  001000      1C32       0  CODE        2
                stringtext3                    001000  00010A  00110A      2000       0  STRCODE     2
                swtext1                        00110A  00001E  001128      2214       0  CONST       2
                clrtext                        00158A  000006  001590      2B14       0  CODE        2
                inittext                       001590  000006  001596      2B20       0  CODE        2
                text19                         001596  00000C  0015A2      2B2C       0  CODE        2
                text17                         0015A2  00000E  0015B0      2B44       0  CODE        2
                text6                          0015B0  000010  0015C0      2B60       0  CODE        2
                idataBANK1                     0015C0  000010  0015D0      2B80       0  CODE        2
                text10                         0015D0  00001A  0015EA      2BA0       0  CODE        2
                text8                          0015EA  000021  00160B      2BD4       0  CODE        2
                text25                         00160B  000022  00162D      2C16       0  CODE        2
                text9                          00162D  000030  00165D      2C5A       0  CODE        2
                text7                          00165D  000032  00168F      2CBA       0  CODE        2
                text13                         00168F  000037  0016C6      2D1E       0  CODE        2
                text12                         0016C6  00004B  001711      2D8C       0  CODE        2
                text22                         001711  00004E  00175F      2E22       0  CODE        2
                text24                         00175F  000050  0017AF      2EBE       0  CODE        2
                text16                         0017AF  000051  001800      2F5E       0  CODE        2
                config                         008007  000004  00800B     1000E       0  CONFIG      2
                bssEEDATA                      00F000  00000B  00F00B     1E000       3  EEDATA      2


UNUSED ADDRESS RANGES

        Name                Unused          Largest block    Delta
        BANK0            0006C-0006F               4           1
        BANK1            000DE-000EF              12           1
        BANK10           00520-0056F              50           1
        BANK11           005A0-005EF              50           1
        BANK12           00620-0064F              30           1
        BANK2            00120-0016F              50           1
        BANK3            001A0-001EF              50           1
        BANK4            00220-0026F              50           1
        BANK5            002A0-002EF              50           1
        BANK6            00320-0036F              50           1
        BANK7            003A0-003EF              50           1
        BANK8            00420-0046F              50           1
        BANK9            004A0-004EF              50           1
        BIGRAM           02000-023EF             3F0           1
        CODE             00002-00003               2           2
                         007FF-00804               1
                         01128-01589             462
                         01800-01FFF             800
        COMMON           0007B-0007D               3           1
        CONST            00002-00003               2           2
                         007FF-00804               1
                         01128-01589             100
                         01800-01FFF             100
        EEDATA           0F00B-0F0FF              F5           2
        ENTRY            00002-00003               2           2
                         007FF-00804               1
                         01128-01589             100
                         01800-01FFF             100
        IDLOC            08000-08003               4           2
        RAM              0006C-0006F               4           1
                         000DE-000EF              12
                         00120-0016F              50
                         001A0-001EF              50
                         00220-0026F              50
                         002A0-002EF              50
                         00320-0036F              50
                         003A0-003EF              50
                         00420-0046F              50
                         004A0-004EF              50
                         00520-0056F              50
                         005A0-005EF              50
                         00620-0064F              30
        SFR0             00000-0001F              20           1
        SFR1             00080-0009F              20           1
        SFR10            00500-0051F              20           1
        SFR11            00580-0059F              20           1
        SFR12            00600-0061F              20           1
        SFR13            00680-006EF              70           1
        SFR14            00700-0076F              70           1
        SFR15            00780-007EF              70           1
        SFR16            00800-0086F              70           1
        SFR17            00880-008EF              70           1
        SFR18            00900-0096F              70           1
        SFR19            00980-009EF              70           1
        SFR2             00100-0011F              20           1
        SFR20            00A00-00A6F              70           1
        SFR21            00A80-00AEF              70           1
        SFR22            00B00-00B6F              70           1
        SFR23            00B80-00BEF              70           1
        SFR24            00C00-00C6F              70           1
        SFR25            00C80-00CEF              70           1
        SFR26            00D00-00D6F              70           1
        SFR27            00D80-00DEF              70           1
        SFR28            00E00-00E6F              70           1
        SFR29            00E80-00EEF              70           1
        SFR3             00180-0019F              20           1
        SFR30            00F00-00F6F              70           1
        SFR31            00F80-00FEF              70           1
        SFR4             00200-0021F              20           1
        SFR5             00280-0029F              20           1
        SFR6             00300-0031F              20           1
        SFR7             00380-0039F              20           1
        SFR8             00400-0041F              20           1
        SFR9             00480-0049F              20           1
        STACK            0208E-023EF             362           1
        STRCODE          00002-00003               2           2
                         007FF-00804               6
                         01128-01589             462
                         01800-01FFF             800
        STRING           00002-00003               2           2
                         007FF-00804               1
                         01128-01589             100
                         01800-01FFF             100

                                  Symbol Table

?___wmul                                   cstackCOMMON 00070
GPIO@i                                     cstackBANK1  000CE
INC_EEPROM_MODE@Temp_Mode_Data             cstackBANK1  000D9
Increment_Color_State@resetFlagColor       bssBANK0     00028
Initial_Start@read_data                    cstackBANK1  000DA
ReWriteEEPROM@i                            cstackBANK1  000D7
SetOUTPUT@pwmCounter                       bssBANK0     0002A
SetOUTPUT@temporaryGPIO                    bssBANK0     0002B
WaitForSYNC_PU@temp001                     cstackBANK1  000CF
_ANSELA                                    (abs)        0018C
_ANSELC                                    (abs)        0018E
_COLOR_DETECT_LOW_counter                  bssBANK0     0003D
_COLOR_DETECT_counter                      bssBANK0     00041
_ConfigureOscillator                       text19       01596
_CurrentColorMax                           dataBANK1    000BE
_EEpromNeverWritten_Flag                   bssEEDATA    00009
_EEprom_ColorState                         bssEEDATA    00000
_EEprom_InPhase                            bssEEDATA    00003
_EEprom_Written_Flag                       bssEEDATA    0000A
_EEprom_mode                               bssEEDATA    00006
_GIE                                       (abs)        0005F
_GLOBAL_CHANNELS_EN_DUAL                   bssBANK1     000B9
_GLOBAL_CHANNELS_EN_copy                   bssBANK0     0003C
_GLOBAL_Dummy_Counter                      bssBANK0     00050
_GLOBAL_Dummy_Counter2                     bssBANK0     0004F
_GLOBAL_MODE1_LOW_counter                  bssBANK0     00040
_GLOBAL_MODE1_counter                      bssBANK0     00044
_GLOBAL_MODE2_LOW_counter                  bssBANK0     0003E
_GLOBAL_MODE2_counter                      bssBANK0     00042
_GLOBAL_Mode_copy                          bssBANK0     00023
_GLOBAL_SYNC_Line_LOW_counter              bssBANK0     0003F
_GLOBAL_SYNC_Line_counter                  bssBANK0     00043
_GLOBAL_SYNC_PULSE_Counter                 bssCOMMON    00077
_GLOBAL_Selected_Mode_Number               bssCOMMON    00076
_GLOBAL_Selected_Mode_Type                 bssBANK0     00046
_GLOBAL_Selected_Mode_Type_copy            bssBANK0     00045
_GLOBAL_Sync_Count_LOW_truefalse           bssBANK1     000BD
_GLOBAL_Sync_Count_truefalse               bssBANK0     0003B
_GLOBAL_changedModePattern                 bssBANK0     00030
_GLOBAL_combo_patterns_column_index        bssCOMMON    00078
_GLOBAL_combo_patterns_counter             bssBANK0     00047
_GLOBAL_combo_patterns_index               bssCOMMON    00079
_GLOBAL_combo_patterns_index_copy          bssBANK0     00057
_GLOBAL_sub_patterns_column_index          bssBANK0     0005B
_GLOBAL_sub_patterns_index                 bssBANK0     00058
_GLOBAL_sub_patterns_index_copy            bssBANK0     00059
_GLOBAL_sub_patterns_timer                 bssBANK0     0005A
_GLOCAL_Program_Color                      bssBANK0     0002F
_GPIO                                      text2        008AC
_INC_EEPROM_MODE                           text14       009EE
_INTCONbits                                (abs)        0000B
_Increment_Color_State                     text11       00AFA
_InitApp                                   text9        0162D
_Initial_Start                             text3        00B95
_LATA                                      (abs)        0010C
_LATC                                      (abs)        0010E
_NVMADRH                                   (abs)        00892
_NVMADRL                                   (abs)        00891
_NVMCON1bits                               (abs)        00895
_NVMCON2                                   (abs)        00896
_NVMDATH                                   (abs)        00894
_NVMDATL                                   (abs)        00893
_OSCCON1bits                               (abs)        00919
_OSCFRQbits                                (abs)        0091F
_OUTPUT_BUFFER                             bssCOMMON    0007A
_OUTPUT_BUFFER_COPY                        bssBANK0     00051
_PEIE                                      (abs)        0005E
_PORTA                                     (abs)        0000C
_PORTAbits                                 (abs)        0000C
_PORTC                                     (abs)        0000E
_PORTCbits                                 (abs)        0000E
_PR2                                       (abs)        0001E
_ROM_COMBO_Patterns_Three                  stringtext1  00363
_ROM_COMBO_Patterns_TwoFour                stringtext2  0054D
_ROM_Sub_Patterns                          stringtext3  01000
_ROM_Sub_Patterns_Time                     stringtext4  01085
_ReWriteEEPROM                             text16       017AF
_Read_Mode_Input                           text26       00A68
_STATUSbits                                (abs)        00003
_SYNC_LINE_TRUE                            bssBANK1     000BB
_SetOUTPUT                                 text1        00737
_T2CON                                     (abs)        0001F
_T2CONbits                                 (abs)        0001F
_TMR2IE                                    (abs)        00489
_TMR2IF                                    (abs)        00089
_TRISA                                     (abs)        0008C
_TRISAbits                                 (abs)        0008C
_TRISC                                     (abs)        0008E
_TRISCbits                                 (abs)        0008E
_Update_ComboPattern_Index                 text15       00910
_Update_Input_Mode_Type                    text13       0168F
_WDTCON                                    (abs)        00097
_WaitForSYNC_PU                            text10       015D0
_WriteEEPROMDefaults                       text8        015EA
__CFG_BOREN$ON                             (abs)        00000
__CFG_CP$ON                                (abs)        00000
__CFG_CPD$ON                               (abs)        00000
__CFG_FCMEN$ON                             (abs)        00000
__CFG_FEXTOSC$OFF                          (abs)        00000
__CFG_MCLRE$OFF                            (abs)        00000
__CFG_PWRTE$OFF                            (abs)        00000
__CFG_WDTE$ON                              (abs)        00000
__Habs1                                    abs1         00000
__Hbank0                                   bank0        00000
__Hbank1                                   bank1        00000
__Hbank10                                  bank10       00000
__Hbank11                                  bank11       00000
__Hbank12                                  bank12       00000
__Hbank13                                  bank13       00000
__Hbank14                                  bank14       00000
__Hbank15                                  bank15       00000
__Hbank16                                  bank16       00000
__Hbank17                                  bank17       00000
__Hbank18                                  bank18       00000
__Hbank19                                  bank19       00000
__Hbank2                                   bank2        00000
__Hbank20                                  bank20       00000
__Hbank21                                  bank21       00000
__Hbank22                                  bank22       00000
__Hbank23                                  bank23       00000
__Hbank24                                  bank24       00000
__Hbank25                                  bank25       00000
__Hbank26                                  bank26       00000
__Hbank27                                  bank27       00000
__Hbank28                                  bank28       00000
__Hbank29                                  bank29       00000
__Hbank3                                   bank3        00000
__Hbank30                                  bank30       00000
__Hbank31                                  bank31       00000
__Hbank4                                   bank4        00000
__Hbank5                                   bank5        00000
__Hbank6                                   bank6        00000
__Hbank7                                   bank7        00000
__Hbank8                                   bank8        00000
__Hbank9                                   bank9        00000
__Hbigram                                  bigram       00000
__HbssBANK0                                bssBANK0     00000
__HbssBANK1                                bssBANK1     00000
__HbssCOMMON                               bssCOMMON    00000
__HbssEEDATA                               bssEEDATA    00000
__Hcinit                                   cinit        00363
__Hclrtext                                 clrtext      00000
__Hcode                                    code         00000
__Hcommon                                  common       00000
__Hconfig                                  config       0800B
__HcstackBANK0                             cstackBANK0  00000
__HcstackBANK1                             cstackBANK1  00000
__HcstackCOMMON                            cstackCOMMON 00000
__HdataBANK0                               dataBANK0    00000
__HdataBANK1                               dataBANK1    00000
__Heeprom_data                             eeprom_data  00000
__Hend_init                                end_init     00332
__Hfunctab                                 functab      00000
__HidataBANK0                              idataBANK0   00000
__HidataBANK1                              idataBANK1   00000
__Hidloc                                   idloc        00000
__Hinit                                    init         00330
__Hinittext                                inittext     00000
__Hintentry                                intentry     00330
__Hmaintext                                maintext     00000
__Hpowerup                                 powerup      00000
__Hram                                     ram          00000
__Hreset_vec                               reset_vec    00002
__Hsfr0                                    sfr0         00000
__Hsfr1                                    sfr1         00000
__Hsfr10                                   sfr10        00000
__Hsfr11                                   sfr11        00000
__Hsfr12                                   sfr12        00000
__Hsfr13                                   sfr13        00000
__Hsfr14                                   sfr14        00000
__Hsfr15                                   sfr15        00000
__Hsfr16                                   sfr16        00000
__Hsfr17                                   sfr17        00000
__Hsfr18                                   sfr18        00000
__Hsfr19                                   sfr19        00000
__Hsfr2                                    sfr2         00000
__Hsfr20                                   sfr20        00000
__Hsfr21                                   sfr21        00000
__Hsfr22                                   sfr22        00000
__Hsfr23                                   sfr23        00000
__Hsfr24                                   sfr24        00000
__Hsfr25                                   sfr25        00000
__Hsfr26                                   sfr26        00000
__Hsfr27                                   sfr27        00000
__Hsfr28                                   sfr28        00000
__Hsfr29                                   sfr29        00000
__Hsfr3                                    sfr3         00000
__Hsfr30                                   sfr30        00000
__Hsfr31                                   sfr31        00000
__Hsfr4                                    sfr4         00000
__Hsfr5                                    sfr5         00000
__Hsfr6                                    sfr6         00000
__Hsfr7                                    sfr7         00000
__Hsfr8                                    sfr8         00000
__Hsfr9                                    sfr9         00000
__Hspace_0                                 (abs)        0800B
__Hspace_1                                 (abs)        000DE
__Hspace_2                                 (abs)        00000
__Hspace_3                                 (abs)        0000B
__Hstack                                   stack        00000
__Hstrings                                 strings      00000
__Hstringtext1                             stringtext1  00000
__Hstringtext2                             stringtext2  00000
__Hstringtext3                             stringtext3  00000
__Hstringtext4                             stringtext4  00000
__Htext                                    text         00000
__Labs1                                    abs1         00000
__Lbank0                                   bank0        00000
__Lbank1                                   bank1        00000
__Lbank10                                  bank10       00000
__Lbank11                                  bank11       00000
__Lbank12                                  bank12       00000
__Lbank13                                  bank13       00000
__Lbank14                                  bank14       00000
__Lbank15                                  bank15       00000
__Lbank16                                  bank16       00000
__Lbank17                                  bank17       00000
__Lbank18                                  bank18       00000
__Lbank19                                  bank19       00000
__Lbank2                                   bank2        00000
__Lbank20                                  bank20       00000
__Lbank21                                  bank21       00000
__Lbank22                                  bank22       00000
__Lbank23                                  bank23       00000
__Lbank24                                  bank24       00000
__Lbank25                                  bank25       00000
__Lbank26                                  bank26       00000
__Lbank27                                  bank27       00000
__Lbank28                                  bank28       00000
__Lbank29                                  bank29       00000
__Lbank3                                   bank3        00000
__Lbank30                                  bank30       00000
__Lbank31                                  bank31       00000
__Lbank4                                   bank4        00000
__Lbank5                                   bank5        00000
__Lbank6                                   bank6        00000
__Lbank7                                   bank7        00000
__Lbank8                                   bank8        00000
__Lbank9                                   bank9        00000
__Lbigram                                  bigram       00000
__LbssBANK0                                bssBANK0     00000
__LbssBANK1                                bssBANK1     00000
__LbssCOMMON                               bssCOMMON    00000
__LbssEEDATA                               bssEEDATA    00000
__Lcinit                                   cinit        00332
__Lclrtext                                 clrtext      00000
__Lcode                                    code         00000
__Lcommon                                  common       00000
__Lconfig                                  config       08007
__LcstackBANK0                             cstackBANK0  00000
__LcstackBANK1                             cstackBANK1  00000
__LcstackCOMMON                            cstackCOMMON 00000
__LdataBANK0                               dataBANK0    00000
__LdataBANK1                               dataBANK1    00000
__Leeprom_data                             eeprom_data  00000
__Lend_init                                end_init     00330
__Lfunctab                                 functab      00000
__LidataBANK0                              idataBANK0   00000
__LidataBANK1                              idataBANK1   00000
__Lidloc                                   idloc        00000
__Linit                                    init         00330
__Linittext                                inittext     00000
__Lintentry                                intentry     00004
__Lmaintext                                maintext     00000
__Lpowerup                                 powerup      00000
__Lram                                     ram          00000
__Lreset_vec                               reset_vec    00000
__Lsfr0                                    sfr0         00000
__Lsfr1                                    sfr1         00000
__Lsfr10                                   sfr10        00000
__Lsfr11                                   sfr11        00000
__Lsfr12                                   sfr12        00000
__Lsfr13                                   sfr13        00000
__Lsfr14                                   sfr14        00000
__Lsfr15                                   sfr15        00000
__Lsfr16                                   sfr16        00000
__Lsfr17                                   sfr17        00000
__Lsfr18                                   sfr18        00000
__Lsfr19                                   sfr19        00000
__Lsfr2                                    sfr2         00000
__Lsfr20                                   sfr20        00000
__Lsfr21                                   sfr21        00000
__Lsfr22                                   sfr22        00000
__Lsfr23                                   sfr23        00000
__Lsfr24                                   sfr24        00000
__Lsfr25                                   sfr25        00000
__Lsfr26                                   sfr26        00000
__Lsfr27                                   sfr27        00000
__Lsfr28                                   sfr28        00000
__Lsfr29                                   sfr29        00000
__Lsfr3                                    sfr3         00000
__Lsfr30                                   sfr30        00000
__Lsfr31                                   sfr31        00000
__Lsfr4                                    sfr4         00000
__Lsfr5                                    sfr5         00000
__Lsfr6                                    sfr6         00000
__Lsfr7                                    sfr7         00000
__Lsfr8                                    sfr8         00000
__Lsfr9                                    sfr9         00000
__Lspace_0                                 (abs)        00000
__Lspace_1                                 (abs)        00000
__Lspace_2                                 (abs)        00000
__Lspace_3                                 (abs)        00000
__Lstack                                   stack        00000
__Lstrings                                 strings      00000
__Lstringtext1                             stringtext1  00000
__Lstringtext2                             stringtext2  00000
__Lstringtext3                             stringtext3  00000
__Lstringtext4                             stringtext4  00000
__Ltext                                    text         00000
__S0                                       (abs)        0800B
__S1                                       (abs)        000DE
__S2                                       (abs)        00000
__S3                                       (abs)        0F00B
___ctoee                                   text17       015A2
___ctoee@addr                              cstackBANK1  000D5
___ctoee@data                              cstackBANK1  000D3
___eetoc                                   text6        015B0
___eetoc@addr                              cstackBANK1  000D4
___eetoc@data                              cstackBANK1  000D5
___int_sp                                  stack        00000
___latbits                                 (abs)        00002
___sp                                      stack        00000
___wmul                                    text25       0160B
___wmul@multiplicand                       cstackCOMMON 00072
___wmul@multiplier                         cstackCOMMON 00070
___wmul@product                            cstackCOMMON 00074
__end_of_ConfigureOscillator               text19       015A2
__end_of_GPIO                              text2        00910
__end_of_INC_EEPROM_MODE                   text14       00A68
__end_of_Increment_Color_State             text11       00B95
__end_of_InitApp                           text9        0165D
__end_of_Initial_Start                     text3        00C32
__end_of_ROM_COMBO_Patterns_Three          stringtext1  0054D
__end_of_ROM_COMBO_Patterns_TwoFour        stringtext2  00737
__end_of_ROM_Sub_Patterns                  stringtext3  01085
__end_of_ROM_Sub_Patterns_Time             stringtext4  0110A
__end_of_ReWriteEEPROM                     text16       01800
__end_of_Read_Mode_Input                   text26       00AFA
__end_of_SetOUTPUT                         text1        007FB
__end_of_Update_ComboPattern_Index         text15       00979
__end_of_Update_Input_Mode_Type            text13       016C6
__end_of_WaitForSYNC_PU                    text10       015EA
__end_of_WriteEEPROMDefaults               text8        0160B
__end_of___ctoee                           text17       015B0
__end_of___eetoc                           text6        015C0
__end_of___wmul                            text25       0162D
__end_of__initialization                   cinit        0035F
__end_of_eecpymem                          text7        0168F
__end_of_isComboPattern                    text24       017AF
__end_of_isr                               intentry     00330
__end_of_main                              maintext     00E19
__end_of_memcpyee                          text18       008AC
__end_of_readFromEEPROM                    text5        009EE
__end_of_readFromEEPROMBeforeSteadyOn      text4        00858
__end_of_resetColor                        text12       01711
__end_of_setColorState                     text23       01000
__end_ofi1_GPIO                            text22       0175F
__end_ofi1_SetOUTPUT                       text21       00CE7
__initialization                           cinit        00332
__pbssBANK0                                bssBANK0     00020
__pbssBANK1                                bssBANK1     000A0
__pbssCOMMON                               bssCOMMON    00076
__pbssEEDATA                               bssEEDATA    00000
__pcstackBANK0                             cstackBANK0  00060
__pcstackBANK1                             cstackBANK1  000CE
__pcstackCOMMON                            cstackCOMMON 00070
__pdataBANK0                               dataBANK0    00068
__pdataBANK1                               dataBANK1    000BE
__pidataBANK0                              idataBANK0   007FB
__pidataBANK1                              idataBANK1   015C0
__pintentry                                intentry     00004
__pmaintext                                maintext     00CE7
__pstringtext1                             stringtext1  00363
__pstringtext2                             stringtext2  0054D
__pstringtext3                             stringtext3  01000
__pstringtext4                             stringtext4  01085
__pswtext1                                 swtext1      0110A
__ptext1                                   text1        00737
__ptext10                                  text10       015D0
__ptext11                                  text11       00AFA
__ptext12                                  text12       016C6
__ptext13                                  text13       0168F
__ptext14                                  text14       009EE
__ptext15                                  text15       00910
__ptext16                                  text16       017AF
__ptext17                                  text17       015A2
__ptext18                                  text18       00858
__ptext19                                  text19       01596
__ptext2                                   text2        008AC
__ptext21                                  text21       00C32
__ptext22                                  text22       01711
__ptext23                                  text23       00E19
__ptext24                                  text24       0175F
__ptext25                                  text25       0160B
__ptext26                                  text26       00A68
__ptext3                                   text3        00B95
__ptext4                                   text4        00805
__ptext5                                   text5        00979
__ptext6                                   text6        015B0
__ptext7                                   text7        0165D
__ptext8                                   text8        015EA
__ptext9                                   text9        0162D
__size_of_ConfigureOscillator              (abs)        00000
__size_of_GPIO                             (abs)        00000
__size_of_INC_EEPROM_MODE                  (abs)        00000
__size_of_Increment_Color_State            (abs)        00000
__size_of_InitApp                          (abs)        00000
__size_of_Initial_Start                    (abs)        00000
__size_of_ReWriteEEPROM                    (abs)        00000
__size_of_Read_Mode_Input                  (abs)        00000
__size_of_SetOUTPUT                        (abs)        00000
__size_of_Update_ComboPattern_Index        (abs)        00000
__size_of_Update_Input_Mode_Type           (abs)        00000
__size_of_WaitForSYNC_PU                   (abs)        00000
__size_of_WriteEEPROMDefaults              (abs)        00000
__size_of___ctoee                          (abs)        00000
__size_of___eetoc                          (abs)        00000
__size_of___wmul                           (abs)        00000
__size_of_eecpymem                         (abs)        00000
__size_of_isComboPattern                   (abs)        00000
__size_of_isr                              (abs)        00000
__size_of_main                             (abs)        00000
__size_of_memcpyee                         (abs)        00000
__size_of_readFromEEPROM                   (abs)        00000
__size_of_readFromEEPROMBeforeSteadyOn     (abs)        00000
__size_of_resetColor                       (abs)        00000
__size_of_setColorState                    (abs)        00000
__size_ofi1_GPIO                           (abs)        00000
__size_ofi1_SetOUTPUT                      (abs)        00000
_bCOLOR_DETECT_PRESSED                     bssBANK0     00032
_bGLOBAL_CHANGING_PATTERN                  bssBANK0     00039
_bGLOBAL_CHANGING_PATTERN_Enforce          bssBANK0     00038
_bGLOBAL_DISABLE_SYNC_Line_PRESSED         bssBANK0     0003A
_bGLOBAL_ENABLE_LEDS                       bssBANK0     00036
_bGLOBAL_END_OF_CYCLE_COND1                bssBANK0     00055
_bGLOBAL_END_OF_CYCLE_COND2                bssBANK0     00054
_bGLOBAL_IS_PROGRAMMING                    bssBANK0     00037
_bGLOBAL_InPhase                           bssBANK0     00053
_bGLOBAL_InPhase_copy                      bssBANK0     00020
_bGLOBAL_MODE1_PRESSED                     bssBANK0     00034
_bGLOBAL_MODE2_PRESSED                     bssBANK0     00033
_bGLOBAL_OUTPUT_BUFFER_CHANGED             bssBANK0     0005F
_bGLOBAL_STEADY_ON                         bssBANK0     0005E
_bGLOBAL_SYNC_Line_PRESSED                 bssBANK0     00031
_bGLOBAL_SYNC_SENT                         bssBANK0     00052
_bGiveControlToColorProgram                bssBANK0     0002E
_bPrev_COLOR_DETECT_PRESSED                bssBANK1     000BC
_channelToBeDisplayed                      bssBANK1     000BA
_colorResetCounter                         bssBANK1     000A4
_colorState                                dataBANK0    00068
_currentColor                              dataBANK0    0006B
_currentColorCounter                       bssBANK0     00056
_earlyOutput                               bssBANK1     000B7
_eecpymem                                  text7        0165D
_enableOutputsToFlashPatterns              bssBANK0     00035
_indexOfMode                               bssBANK0     0002C
_isComboPattern                            text24       0175F
_isr                                       intentry     00004
_main                                      maintext     00CE7
_memcpyee                                  text18       00858
_pwmBool                                   bssBANK0     0005C
_pwmStartUpCount                           bssBANK0     0005D
_readFromEEPROM                            text5        00979
_readFromEEPROMBeforeSteadyOn              text4        00805
_resetColor                                text12       016C6
_setColorState                             text23       00E19
_startUpProgram                            bssBANK0     0002D
btemp                                      (abs)        0007E
clear_ram0                                 clrtext      0158A
eecpymem@cp                                cstackBANK1  000D1
eecpymem@from                              cstackBANK1  000CE
eecpymem@size                              cstackBANK1  000CF
eecpymem@to                                cstackBANK1  000D2
end_of_initialization                      cinit        0035F
i1GPIO@i                                   cstackCOMMON 00070
i1_GPIO                                    text22       01711
i1_SetOUTPUT                               text21       00C32
init_ram                                   inittext     01590
int$flags                                  (abs)        0007E
intlevel0                                  functab      00000
intlevel1                                  functab      00000
intlevel2                                  functab      00000
intlevel3                                  functab      00000
intlevel4                                  functab      00000
intlevel5                                  functab      00000
isComboPattern@indexLocal                  bssBANK0     00026
isr@currentColorNumberOfChannel            bssBANK0     00048
isr@oneMSCounter                           bssBANK0     0004C
isr@temp_data1                             bssBANK0     0004E
isr@tenMSCounter                           bssBANK0     0004D
main@tempvar1                              cstackBANK1  000DD
main@tester                                cstackBANK1  000DC
memcpyee@from                              cstackBANK1  000CE
memcpyee@ptr                               cstackBANK1  000D1
memcpyee@size                              cstackBANK1  000CF
memcpyee@to                                cstackBANK1  000D2
readFromEEPROM@i                           cstackBANK1  000D7
readFromEEPROMBeforeSteadyOn@i             cstackBANK1  000D7
reset_vec                                  reset_vec    00000
setColorState@currentColorNumberOfChannels bssBANK0     00029
stackhi                                    (abs)        023EF
stacklo                                    (abs)        0208E
start                                      init         00330
start_initialization                       cinit        00332
wtemp0                                     (abs)        0007E


FUNCTION INFORMATION:

 *************** function _main *****************
 Defined at:
		line 1191 in file "main.c"
 Parameters:    Size  Location     Type
		None
 Auto vars:     Size  Location     Type
  tempvar1        1   15[BANK1 ] unsigned char 
  tester          1   14[BANK1 ] unsigned char 
 Return value:  Size  Location     Type
                  1    wreg      void 
 Registers used:
		wreg, fsr0l, fsr0h, fsr1l, fsr1h, status,2, status,0, pclath, cstack
 Tracked objects:
		On entry : 
		On exit  : 
		Unchanged: 
 Data sizes:     COMMON   BANK0   BANK1   BANK2   BANK3   BANK4   BANK5   BANK6   BANK7   BANK8   BANK9  BANK10  BANK11  BANK12
      Params:         0       0       0       0       0       0       0       0       0       0       0       0       0       0
      Locals:         0       0       2       0       0       0       0       0       0       0       0       0       0       0
      Temps:          0       0       1       0       0       0       0       0       0       0       0       0       0       0
      Totals:         0       0       3       0       0       0       0       0       0       0       0       0       0       0
Total ram usage:        3 bytes
 Hardware stack levels required when called:    8
 This function calls:
		_ConfigureOscillator
		_INC_EEPROM_MODE
		_Increment_Color_State
		_InitApp
		_Initial_Start
		_ReWriteEEPROM
		_SetOUTPUT
		_Update_ComboPattern_Index
		_Update_Input_Mode_Type
 This function is called by:
		Startup code after reset
 This function uses a non-reentrant model


 *************** function _SetOUTPUT *****************
 Defined at:
		line 443 in file "main.c"
 Parameters:    Size  Location     Type
		None
 Auto vars:     Size  Location     Type
		None
 Return value:  Size  Location     Type
                  1    wreg      void 
 Registers used:
		wreg, status,2, status,0, pclath, cstack
 Tracked objects:
		On entry : 
		On exit  : 
		Unchanged: 
 Data sizes:     COMMON   BANK0   BANK1   BANK2   BANK3   BANK4   BANK5   BANK6   BANK7   BANK8   BANK9  BANK10  BANK11  BANK12
      Params:         0       0       0       0       0       0       0       0       0       0       0       0       0       0
      Locals:         0       0       0       0       0       0       0       0       0       0       0       0       0       0
      Temps:          0       0       1       0       0       0       0       0       0       0       0       0       0       0
      Totals:         0       0       1       0       0       0       0       0       0       0       0       0       0       0
Total ram usage:        1 bytes
 Hardware stack levels used:    1
 Hardware stack levels required when called:    4
 This function calls:
		_GPIO
 This function is called by:
		_main
 This function uses a non-reentrant model


 *************** function _GPIO *****************
 Defined at:
		line 352 in file "main.c"
 Parameters:    Size  Location     Type
  i               1    wreg     unsigned char 
 Auto vars:     Size  Location     Type
  i               1    0[BANK1 ] unsigned char 
 Return value:  Size  Location     Type
                  1    wreg      void 
 Registers used:
		wreg, status,2, status,0
 Tracked objects:
		On entry : 
		On exit  : 
		Unchanged: 
 Data sizes:     COMMON   BANK0   BANK1   BANK2   BANK3   BANK4   BANK5   BANK6   BANK7   BANK8   BANK9  BANK10  BANK11  BANK12
      Params:         0       0       0       0       0       0       0       0       0       0       0       0       0       0
      Locals:         0       0       1       0       0       0       0       0       0       0       0       0       0       0
      Temps:          0       0       0       0       0       0       0       0       0       0       0       0       0       0
      Totals:         0       0       1       0       0       0       0       0       0       0       0       0       0       0
Total ram usage:        1 bytes
 Hardware stack levels used:    1
 Hardware stack levels required when called:    3
 This function calls:
		Nothing
 This function is called by:
		_SetOUTPUT
 This function uses a non-reentrant model


 *************** function _Initial_Start *****************
 Defined at:
		line 1128 in file "main.c"
 Parameters:    Size  Location     Type
		None
 Auto vars:     Size  Location     Type
  read_data       1   12[BANK1 ] unsigned char 
 Return value:  Size  Location     Type
                  1    wreg      void 
 Registers used:
		wreg, fsr0l, fsr0h, fsr1l, fsr1h, status,2, status,0, pclath, cstack
 Tracked objects:
		On entry : 
		On exit  : 
		Unchanged: 
 Data sizes:     COMMON   BANK0   BANK1   BANK2   BANK3   BANK4   BANK5   BANK6   BANK7   BANK8   BANK9  BANK10  BANK11  BANK12
      Params:         0       0       0       0       0       0       0       0       0       0       0       0       0       0
      Locals:         0       0       1       0       0       0       0       0       0       0       0       0       0       0
      Temps:          0       0       1       0       0       0       0       0       0       0       0       0       0       0
      Totals:         0       0       2       0       0       0       0       0       0       0       0       0       0       0
Total ram usage:        2 bytes
 Hardware stack levels used:    1
 Hardware stack levels required when called:    7
 This function calls:
		_Update_ComboPattern_Index
		_Update_Input_Mode_Type
		_WriteEEPROMDefaults
		___eetoc
		_readFromEEPROM
		_readFromEEPROMBeforeSteadyOn
 This function is called by:
		_main
 This function uses a non-reentrant model


 *************** function _readFromEEPROMBeforeSteadyOn *****************
 Defined at:
		line 1084 in file "main.c"
 Parameters:    Size  Location     Type
		None
 Auto vars:     Size  Location     Type
  i               1    9[BANK1 ] unsigned char 
 Return value:  Size  Location     Type
                  1    wreg      void 
 Registers used:
		wreg, fsr1l, fsr1h, status,2, status,0, pclath, cstack
 Tracked objects:
		On entry : 
		On exit  : 
		Unchanged: 
 Data sizes:     COMMON   BANK0   BANK1   BANK2   BANK3   BANK4   BANK5   BANK6   BANK7   BANK8   BANK9  BANK10  BANK11  BANK12
      Params:         0       0       0       0       0       0       0       0       0       0       0       0       0       0
      Locals:         0       0       1       0       0       0       0       0       0       0       0       0       0       0
      Temps:          0       0       1       0       0       0       0       0       0       0       0       0       0       0
      Totals:         0       0       2       0       0       0       0       0       0       0       0       0       0       0
Total ram usage:        2 bytes
 Hardware stack levels used:    1
 Hardware stack levels required when called:    5
 This function calls:
		___eetoc
 This function is called by:
		_Initial_Start
 This function uses a non-reentrant model


 *************** function _readFromEEPROM *****************
 Defined at:
		line 1106 in file "main.c"
 Parameters:    Size  Location     Type
		None
 Auto vars:     Size  Location     Type
  i               1    9[BANK1 ] unsigned char 
 Return value:  Size  Location     Type
                  1    wreg      void 
 Registers used:
		wreg, fsr1l, fsr1h, status,2, status,0, pclath, cstack
 Tracked objects:
		On entry : 
		On exit  : 
		Unchanged: 
 Data sizes:     COMMON   BANK0   BANK1   BANK2   BANK3   BANK4   BANK5   BANK6   BANK7   BANK8   BANK9  BANK10  BANK11  BANK12
      Params:         0       0       0       0       0       0       0       0       0       0       0       0       0       0
      Locals:         0       0       1       0       0       0       0       0       0       0       0       0       0       0
      Temps:          0       0       1       0       0       0       0       0       0       0       0       0       0       0
      Totals:         0       0       2       0       0       0       0       0       0       0       0       0       0       0
Total ram usage:        2 bytes
 Hardware stack levels used:    1
 Hardware stack levels required when called:    5
 This function calls:
		___eetoc
 This function is called by:
		_Initial_Start
 This function uses a non-reentrant model


 *************** function ___eetoc *****************
 Defined at:
		line 96 in file "C:\Program Files (x86)\Microchip\xc8\v1.45\sources\pic\eeprom.c"
 Parameters:    Size  Location     Type
  addr            1    wreg     PTR eeprom void 
		 -> EEprom_ColorState(3), EEprom_InPhase(3), EEprom_mode(3), EEpromNeverWritten_Flag(1), 
 Auto vars:     Size  Location     Type
  addr            1    6[BANK1 ] PTR eeprom void 
		 -> EEprom_ColorState(3), EEprom_InPhase(3), EEprom_mode(3), EEpromNeverWritten_Flag(1), 
  data            1    7[BANK1 ] unsigned char 
 Return value:  Size  Location     Type
                  1    wreg      unsigned char 
 Registers used:
		wreg, fsr1l, fsr1h, status,2, status,0, pclath, cstack
 Tracked objects:
		On entry : 
		On exit  : 
		Unchanged: 
 Data sizes:     COMMON   BANK0   BANK1   BANK2   BANK3   BANK4   BANK5   BANK6   BANK7   BANK8   BANK9  BANK10  BANK11  BANK12
      Params:         0       0       0       0       0       0       0       0       0       0       0       0       0       0
      Locals:         0       0       2       0       0       0       0       0       0       0       0       0       0       0
      Temps:          0       0       1       0       0       0       0       0       0       0       0       0       0       0
      Totals:         0       0       3       0       0       0       0       0       0       0       0       0       0       0
Total ram usage:        3 bytes
 Hardware stack levels used:    1
 Hardware stack levels required when called:    4
 This function calls:
		_eecpymem
 This function is called by:
		_readFromEEPROMBeforeSteadyOn
		_readFromEEPROM
		_Initial_Start
 This function uses a non-reentrant model


 *************** function _eecpymem *****************
 Defined at:
		line 6 in file "C:\Program Files (x86)\Microchip\xc8\v1.45\sources\pic\eeprom.c"
 Parameters:    Size  Location     Type
  to              1    wreg     PTR volatile unsigned ch
		 -> __eetofl@data(3), __eetoft@data(3), __eetol@data(4), __eetom@data(3), 
		 -> __eetoi@data(2), __eetoc@data(1), 
  from            1    0[BANK1 ] PTR eeprom unsigned char
		 -> EEprom_ColorState(3), EEprom_InPhase(3), EEprom_mode(3), EEpromNeverWritten_Flag(1), 
  size            1    1[BANK1 ] unsigned char 
 Auto vars:     Size  Location     Type
  to              1    4[BANK1 ] PTR volatile unsigned ch
		 -> __eetofl@data(3), __eetoft@data(3), __eetol@data(4), __eetom@data(3), 
		 -> __eetoi@data(2), __eetoc@data(1), 
  cp              1    3[BANK1 ] PTR volatile unsigned ch
		 -> __eetofl@data(3), __eetoft@data(3), __eetol@data(4), __eetom@data(3), 
		 -> __eetoi@data(2), __eetoc@data(1), 
 Return value:  Size  Location     Type
                  1    wreg      void 
 Registers used:
		wreg, fsr1l, fsr1h, status,2, status,0
 Tracked objects:
		On entry : 
		On exit  : 
		Unchanged: 
 Data sizes:     COMMON   BANK0   BANK1   BANK2   BANK3   BANK4   BANK5   BANK6   BANK7   BANK8   BANK9  BANK10  BANK11  BANK12
      Params:         0       0       2       0       0       0       0       0       0       0       0       0       0       0
      Locals:         0       0       2       0       0       0       0       0       0       0       0       0       0       0
      Temps:          0       0       1       0       0       0       0       0       0       0       0       0       0       0
      Totals:         0       0       5       0       0       0       0       0       0       0       0       0       0       0
Total ram usage:        5 bytes
 Hardware stack levels used:    1
 Hardware stack levels required when called:    3
 This function calls:
		Nothing
 This function is called by:
		___eetoc
 This function uses a non-reentrant model


 *************** function _WriteEEPROMDefaults *****************
 Defined at:
		line 553 in file "main.c"
 Parameters:    Size  Location     Type
		None
 Auto vars:     Size  Location     Type
		None
 Return value:  Size  Location     Type
                  1    wreg      void 
 Registers used:
		wreg, fsr1l, fsr1h, status,2, status,0, pclath, cstack
 Tracked objects:
		On entry : 
		On exit  : 
		Unchanged: 
 Data sizes:     COMMON   BANK0   BANK1   BANK2   BANK3   BANK4   BANK5   BANK6   BANK7   BANK8   BANK9  BANK10  BANK11  BANK12
      Params:         0       0       0       0       0       0       0       0       0       0       0       0       0       0
      Locals:         0       0       0       0       0       0       0       0       0       0       0       0       0       0
      Temps:          0       0       1       0       0       0       0       0       0       0       0       0       0       0
      Totals:         0       0       1       0       0       0       0       0       0       0       0       0       0       0
Total ram usage:        1 bytes
 Hardware stack levels used:    1
 Hardware stack levels required when called:    6
 This function calls:
		_ReWriteEEPROM
		___ctoee
 This function is called by:
		_Initial_Start
 This function uses a non-reentrant model


 *************** function _InitApp *****************
 Defined at:
		line 22 in file "user.c"
 Parameters:    Size  Location     Type
		None
 Auto vars:     Size  Location     Type
		None
 Return value:  Size  Location     Type
                  1    wreg      void 
 Registers used:
		wreg, status,2, status,0, pclath, cstack
 Tracked objects:
		On entry : 
		On exit  : 
		Unchanged: 
 Data sizes:     COMMON   BANK0   BANK1   BANK2   BANK3   BANK4   BANK5   BANK6   BANK7   BANK8   BANK9  BANK10  BANK11  BANK12
      Params:         0       0       0       0       0       0       0       0       0       0       0       0       0       0
      Locals:         0       0       0       0       0       0       0       0       0       0       0       0       0       0
      Temps:          0       0       0       0       0       0       0       0       0       0       0       0       0       0
      Totals:         0       0       0       0       0       0       0       0       0       0       0       0       0       0
Total ram usage:        0 bytes
 Hardware stack levels used:    1
 Hardware stack levels required when called:    4
 This function calls:
		_WaitForSYNC_PU
 This function is called by:
		_main
 This function uses a non-reentrant model


 *************** function _WaitForSYNC_PU *****************
 Defined at:
		line 541 in file "main.c"
 Parameters:    Size  Location     Type
		None
 Auto vars:     Size  Location     Type
  temp001         1    1[BANK1 ] unsigned char 
 Return value:  Size  Location     Type
                  1    wreg      void 
 Registers used:
		wreg, status,2, status,0
 Tracked objects:
		On entry : 
		On exit  : 
		Unchanged: 
 Data sizes:     COMMON   BANK0   BANK1   BANK2   BANK3   BANK4   BANK5   BANK6   BANK7   BANK8   BANK9  BANK10  BANK11  BANK12
      Params:         0       0       0       0       0       0       0       0       0       0       0       0       0       0
      Locals:         0       0       1       0       0       0       0       0       0       0       0       0       0       0
      Temps:          0       0       1       0       0       0       0       0       0       0       0       0       0       0
      Totals:         0       0       2       0       0       0       0       0       0       0       0       0       0       0
Total ram usage:        2 bytes
 Hardware stack levels used:    1
 Hardware stack levels required when called:    3
 This function calls:
		Nothing
 This function is called by:
		_InitApp
 This function uses a non-reentrant model


 *************** function _Increment_Color_State *****************
 Defined at:
		line 911 in file "main.c"
 Parameters:    Size  Location     Type
		None
 Auto vars:     Size  Location     Type
		None
 Return value:  Size  Location     Type
                  1    wreg      void 
 Registers used:
		wreg, fsr1l, fsr1h, status,2, status,0, pclath, cstack
 Tracked objects:
		On entry : 
		On exit  : 
		Unchanged: 
 Data sizes:     COMMON   BANK0   BANK1   BANK2   BANK3   BANK4   BANK5   BANK6   BANK7   BANK8   BANK9  BANK10  BANK11  BANK12
      Params:         0       0       0       0       0       0       0       0       0       0       0       0       0       0
      Locals:         0       0       0       0       0       0       0       0       0       0       0       0       0       0
      Temps:          0       0       1       0       0       0       0       0       0       0       0       0       0       0
      Totals:         0       0       1       0       0       0       0       0       0       0       0       0       0       0
Total ram usage:        1 bytes
 Hardware stack levels used:    1
 Hardware stack levels required when called:    7
 This function calls:
		_ReWriteEEPROM
		_Update_ComboPattern_Index
		_Update_Input_Mode_Type
		_resetColor
 This function is called by:
		_main
 This function uses a non-reentrant model


 *************** function _resetColor *****************
 Defined at:
		line 883 in file "main.c"
 Parameters:    Size  Location     Type
		None
 Auto vars:     Size  Location     Type
		None
 Return value:  Size  Location     Type
                  1    wreg      void 
 Registers used:
		wreg, fsr1l, fsr1h, status,2, status,0, pclath, cstack
 Tracked objects:
		On entry : 
		On exit  : 
		Unchanged: 
 Data sizes:     COMMON   BANK0   BANK1   BANK2   BANK3   BANK4   BANK5   BANK6   BANK7   BANK8   BANK9  BANK10  BANK11  BANK12
      Params:         0       0       0       0       0       0       0       0       0       0       0       0       0       0
      Locals:         0       0       0       0       0       0       0       0       0       0       0       0       0       0
      Temps:          0       0       0       0       0       0       0       0       0       0       0       0       0       0
      Totals:         0       0       0       0       0       0       0       0       0       0       0       0       0       0
Total ram usage:        0 bytes
 Hardware stack levels used:    1
 Hardware stack levels required when called:    6
 This function calls:
		_ReWriteEEPROM
		_Update_Input_Mode_Type
 This function is called by:
		_Increment_Color_State
 This function uses a non-reentrant model


 *************** function _Update_Input_Mode_Type *****************
 Defined at:
		line 864 in file "main.c"
 Parameters:    Size  Location     Type
		None
 Auto vars:     Size  Location     Type
		None
 Return value:  Size  Location     Type
                  1    wreg      void 
 Registers used:
		wreg, fsr1l, fsr1h, status,2, status,0, pclath, cstack
 Tracked objects:
		On entry : 
		On exit  : 
		Unchanged: 
 Data sizes:     COMMON   BANK0   BANK1   BANK2   BANK3   BANK4   BANK5   BANK6   BANK7   BANK8   BANK9  BANK10  BANK11  BANK12
      Params:         0       0       0       0       0       0       0       0       0       0       0       0       0       0
      Locals:         0       0       0       0       0       0       0       0       0       0       0       0       0       0
      Temps:          0       0       1       0       0       0       0       0       0       0       0       0       0       0
      Totals:         0       0       1       0       0       0       0       0       0       0       0       0       0       0
Total ram usage:        1 bytes
 Hardware stack levels used:    1
 Hardware stack levels required when called:    4
 This function calls:
		_Update_ComboPattern_Index
 This function is called by:
		_resetColor
		_Increment_Color_State
		_Initial_Start
		_main
 This function uses a non-reentrant model


 *************** function _INC_EEPROM_MODE *****************
 Defined at:
		line 833 in file "main.c"
 Parameters:    Size  Location     Type
		None
 Auto vars:     Size  Location     Type
  Temp_Mode_Da    1   11[BANK1 ] unsigned char 
  inputSync       1    0        unsigned char 
 Return value:  Size  Location     Type
                  1    wreg      void 
 Registers used:
		wreg, fsr1l, fsr1h, status,2, status,0, pclath, cstack
 Tracked objects:
		On entry : 
		On exit  : 
		Unchanged: 
 Data sizes:     COMMON   BANK0   BANK1   BANK2   BANK3   BANK4   BANK5   BANK6   BANK7   BANK8   BANK9  BANK10  BANK11  BANK12
      Params:         0       0       0       0       0       0       0       0       0       0       0       0       0       0
      Locals:         0       0       1       0       0       0       0       0       0       0       0       0       0       0
      Temps:          0       0       1       0       0       0       0       0       0       0       0       0       0       0
      Totals:         0       0       2       0       0       0       0       0       0       0       0       0       0       0
Total ram usage:        2 bytes
 Hardware stack levels used:    1
 Hardware stack levels required when called:    6
 This function calls:
		_ReWriteEEPROM
		_Update_ComboPattern_Index
 This function is called by:
		_main
 This function uses a non-reentrant model


 *************** function _Update_ComboPattern_Index *****************
 Defined at:
		line 1043 in file "main.c"
 Parameters:    Size  Location     Type
		None
 Auto vars:     Size  Location     Type
		None
 Return value:  Size  Location     Type
                  1    wreg      void 
 Registers used:
		wreg, fsr1l, fsr1h, status,2, status,0
 Tracked objects:
		On entry : 
		On exit  : 
		Unchanged: 
 Data sizes:     COMMON   BANK0   BANK1   BANK2   BANK3   BANK4   BANK5   BANK6   BANK7   BANK8   BANK9  BANK10  BANK11  BANK12
      Params:         0       0       0       0       0       0       0       0       0       0       0       0       0       0
      Locals:         0       0       0       0       0       0       0       0       0       0       0       0       0       0
      Temps:          0       0       1       0       0       0       0       0       0       0       0       0       0       0
      Totals:         0       0       1       0       0       0       0       0       0       0       0       0       0       0
Total ram usage:        1 bytes
 Hardware stack levels used:    1
 Hardware stack levels required when called:    3
 This function calls:
		Nothing
 This function is called by:
		_INC_EEPROM_MODE
		_Update_Input_Mode_Type
		_Increment_Color_State
		_Initial_Start
		_main
 This function uses a non-reentrant model


 *************** function _ReWriteEEPROM *****************
 Defined at:
		line 810 in file "main.c"
 Parameters:    Size  Location     Type
		None
 Auto vars:     Size  Location     Type
  i               1    9[BANK1 ] unsigned char 
 Return value:  Size  Location     Type
                  1    wreg      void 
 Registers used:
		wreg, fsr1l, fsr1h, status,2, status,0, pclath, cstack
 Tracked objects:
		On entry : 
		On exit  : 
		Unchanged: 
 Data sizes:     COMMON   BANK0   BANK1   BANK2   BANK3   BANK4   BANK5   BANK6   BANK7   BANK8   BANK9  BANK10  BANK11  BANK12
      Params:         0       0       0       0       0       0       0       0       0       0       0       0       0       0
      Locals:         0       0       1       0       0       0       0       0       0       0       0       0       0       0
      Temps:          0       0       1       0       0       0       0       0       0       0       0       0       0       0
      Totals:         0       0       2       0       0       0       0       0       0       0       0       0       0       0
Total ram usage:        2 bytes
 Hardware stack levels used:    1
 Hardware stack levels required when called:    5
 This function calls:
		___ctoee
 This function is called by:
		_WriteEEPROMDefaults
		_INC_EEPROM_MODE
		_resetColor
		_Increment_Color_State
		_main
 This function uses a non-reentrant model


 *************** function ___ctoee *****************
 Defined at:
		line 128 in file "C:\Program Files (x86)\Microchip\xc8\v1.45\sources\pic\eeprom.c"
 Parameters:    Size  Location     Type
  addr            1    wreg     PTR eeprom void 
		 -> EEprom_ColorState(3), EEprom_InPhase(3), EEprom_mode(3), EEprom_Written_Flag(1), 
		 -> EEpromNeverWritten_Flag(1), 
  data            1    5[BANK1 ] unsigned char 
 Auto vars:     Size  Location     Type
  addr            1    7[BANK1 ] PTR eeprom void 
		 -> EEprom_ColorState(3), EEprom_InPhase(3), EEprom_mode(3), EEprom_Written_Flag(1), 
		 -> EEpromNeverWritten_Flag(1), 
 Return value:  Size  Location     Type
                  1    wreg      unsigned char 
 Registers used:
		wreg, fsr1l, fsr1h, status,2, status,0, pclath, cstack
 Tracked objects:
		On entry : 
		On exit  : 
		Unchanged: 
 Data sizes:     COMMON   BANK0   BANK1   BANK2   BANK3   BANK4   BANK5   BANK6   BANK7   BANK8   BANK9  BANK10  BANK11  BANK12
      Params:         0       0       1       0       0       0       0       0       0       0       0       0       0       0
      Locals:         0       0       1       0       0       0       0       0       0       0       0       0       0       0
      Temps:          0       0       1       0       0       0       0       0       0       0       0       0       0       0
      Totals:         0       0       3       0       0       0       0       0       0       0       0       0       0       0
Total ram usage:        3 bytes
 Hardware stack levels used:    1
 Hardware stack levels required when called:    4
 This function calls:
		_memcpyee
 This function is called by:
		_WriteEEPROMDefaults
		_ReWriteEEPROM
 This function uses a non-reentrant model


 *************** function _memcpyee *****************
 Defined at:
		line 39 in file "C:\Program Files (x86)\Microchip\xc8\v1.45\sources\pic\eeprom.c"
 Parameters:    Size  Location     Type
  to              1    wreg     PTR eeprom unsigned char
		 -> EEprom_ColorState(3), EEprom_InPhase(3), EEprom_mode(3), EEprom_Written_Flag(1), 
		 -> EEpromNeverWritten_Flag(1), 
  from            1    0[BANK1 ] PTR const unsigned char 
		 -> __fltoee@data(3), __fttoee@data(3), __ltoee@data(4), __mtoee@data(3), 
		 -> __itoee@data(2), __ctoee@data(1), 
  size            1    1[BANK1 ] unsigned char 
 Auto vars:     Size  Location     Type
  to              1    4[BANK1 ] PTR eeprom unsigned char
		 -> EEprom_ColorState(3), EEprom_InPhase(3), EEprom_mode(3), EEprom_Written_Flag(1), 
		 -> EEpromNeverWritten_Flag(1), 
  ptr             1    3[BANK1 ] PTR const unsigned char 
		 -> __fltoee@data(3), __fttoee@data(3), __ltoee@data(4), __mtoee@data(3), 
		 -> __itoee@data(2), __ctoee@data(1), 
 Return value:  Size  Location     Type
                  1    wreg      void 
 Registers used:
		wreg, fsr1l, fsr1h, status,2, status,0
 Tracked objects:
		On entry : 
		On exit  : 
		Unchanged: 
 Data sizes:     COMMON   BANK0   BANK1   BANK2   BANK3   BANK4   BANK5   BANK6   BANK7   BANK8   BANK9  BANK10  BANK11  BANK12
      Params:         0       0       2       0       0       0       0       0       0       0       0       0       0       0
      Locals:         0       0       2       0       0       0       0       0       0       0       0       0       0       0
      Temps:          0       0       1       0       0       0       0       0       0       0       0       0       0       0
      Totals:         0       0       5       0       0       0       0       0       0       0       0       0       0       0
Total ram usage:        5 bytes
 Hardware stack levels used:    1
 Hardware stack levels required when called:    3
 This function calls:
		Nothing
 This function is called by:
		___ctoee
 This function uses a non-reentrant model


 *************** function _ConfigureOscillator *****************
 Defined at:
		line 18 in file "system.c"
 Parameters:    Size  Location     Type
		None
 Auto vars:     Size  Location     Type
		None
 Return value:  Size  Location     Type
                  1    wreg      void 
 Registers used:
		wreg, status,2, status,0
 Tracked objects:
		On entry : 
		On exit  : 
		Unchanged: 
 Data sizes:     COMMON   BANK0   BANK1   BANK2   BANK3   BANK4   BANK5   BANK6   BANK7   BANK8   BANK9  BANK10  BANK11  BANK12
      Params:         0       0       0       0       0       0       0       0       0       0       0       0       0       0
      Locals:         0       0       0       0       0       0       0       0       0       0       0       0       0       0
      Temps:          0       0       0       0       0       0       0       0       0       0       0       0       0       0
      Totals:         0       0       0       0       0       0       0       0       0       0       0       0       0       0
Total ram usage:        0 bytes
 Hardware stack levels used:    1
 Hardware stack levels required when called:    3
 This function calls:
		Nothing
 This function is called by:
		_main
 This function uses a non-reentrant model


 *************** function _isr *****************
 Defined at:
		line 26 in file "interrupts.c"
 Parameters:    Size  Location     Type
		None
 Auto vars:     Size  Location     Type
		None
 Return value:  Size  Location     Type
                  1    wreg      void 
 Registers used:
		wreg, fsr0l, fsr0h, fsr1l, fsr1h, status,2, status,0, pclath, cstack
 Tracked objects:
		On entry : 
		On exit  : 
		Unchanged: 
 Data sizes:     COMMON   BANK0   BANK1   BANK2   BANK3   BANK4   BANK5   BANK6   BANK7   BANK8   BANK9  BANK10  BANK11  BANK12
      Params:         0       0       0       0       0       0       0       0       0       0       0       0       0       0
      Locals:         0       0       0       0       0       0       0       0       0       0       0       0       0       0
      Temps:          0       8       0       0       0       0       0       0       0       0       0       0       0       0
      Totals:         0       8       0       0       0       0       0       0       0       0       0       0       0       0
Total ram usage:        8 bytes
 Hardware stack levels used:    1
 Hardware stack levels required when called:    2
 This function calls:
		_Read_Mode_Input
		___wmul
		_isComboPattern
		_setColorState
		i1_SetOUTPUT
 This function is called by:
		Interrupt level 1
 This function uses a non-reentrant model


 *************** function i1_SetOUTPUT *****************
 Defined at:
		line 443 in file "main.c"
 Parameters:    Size  Location     Type
		None
 Auto vars:     Size  Location     Type
		None
 Return value:  Size  Location     Type
                  1    wreg      void 
 Registers used:
		wreg, status,2, status,0, pclath, cstack
 Tracked objects:
		On entry : 
		On exit  : 
		Unchanged: 
 Data sizes:     COMMON   BANK0   BANK1   BANK2   BANK3   BANK4   BANK5   BANK6   BANK7   BANK8   BANK9  BANK10  BANK11  BANK12
      Params:         0       0       0       0       0       0       0       0       0       0       0       0       0       0
      Locals:         0       0       0       0       0       0       0       0       0       0       0       0       0       0
      Temps:          1       0       0       0       0       0       0       0       0       0       0       0       0       0
      Totals:         1       0       0       0       0       0       0       0       0       0       0       0       0       0
Total ram usage:        1 bytes
 Hardware stack levels used:    1
 Hardware stack levels required when called:    1
 This function calls:
		i1_GPIO
 This function is called by:
		_isr
 This function uses a non-reentrant model


 *************** function i1_GPIO *****************
 Defined at:
		line 352 in file "main.c"
 Parameters:    Size  Location     Type
  i               1    wreg     unsigned char 
 Auto vars:     Size  Location     Type
  i               1    0[COMMON] unsigned char 
 Return value:  Size  Location     Type
                  1    wreg      void 
 Registers used:
		wreg, status,2, status,0
 Tracked objects:
		On entry : 
		On exit  : 
		Unchanged: 
 Data sizes:     COMMON   BANK0   BANK1   BANK2   BANK3   BANK4   BANK5   BANK6   BANK7   BANK8   BANK9  BANK10  BANK11  BANK12
      Params:         0       0       0       0       0       0       0       0       0       0       0       0       0       0
      Locals:         1       0       0       0       0       0       0       0       0       0       0       0       0       0
      Temps:          0       0       0       0       0       0       0       0       0       0       0       0       0       0
      Totals:         1       0       0       0       0       0       0       0       0       0       0       0       0       0
Total ram usage:        1 bytes
 Hardware stack levels used:    1
 This function calls:
		Nothing
 This function is called by:
		i1_SetOUTPUT
 This function uses a non-reentrant model


 *************** function _setColorState *****************
 Defined at:
		line 572 in file "main.c"
 Parameters:    Size  Location     Type
		None
 Auto vars:     Size  Location     Type
		None
 Return value:  Size  Location     Type
                  1    wreg      unsigned char 
 Registers used:
		wreg, fsr0l, fsr0h, fsr1l, fsr1h, status,2, status,0
 Tracked objects:
		On entry : 
		On exit  : 
		Unchanged: 
 Data sizes:     COMMON   BANK0   BANK1   BANK2   BANK3   BANK4   BANK5   BANK6   BANK7   BANK8   BANK9  BANK10  BANK11  BANK12
      Params:         0       0       0       0       0       0       0       0       0       0       0       0       0       0
      Locals:         0       0       0       0       0       0       0       0       0       0       0       0       0       0
      Temps:          1       0       0       0       0       0       0       0       0       0       0       0       0       0
      Totals:         1       0       0       0       0       0       0       0       0       0       0       0       0       0
Total ram usage:        1 bytes
 Hardware stack levels used:    1
 This function calls:
		Nothing
 This function is called by:
		_isr
 This function uses a non-reentrant model


 *************** function _isComboPattern *****************
 Defined at:
		line 1312 in file "main.c"
 Parameters:    Size  Location     Type
		None
 Auto vars:     Size  Location     Type
		None
 Return value:  Size  Location     Type
                  1    wreg      unsigned char 
 Registers used:
		wreg, fsr1l, fsr1h, status,2, status,0
 Tracked objects:
		On entry : 
		On exit  : 
		Unchanged: 
 Data sizes:     COMMON   BANK0   BANK1   BANK2   BANK3   BANK4   BANK5   BANK6   BANK7   BANK8   BANK9  BANK10  BANK11  BANK12
      Params:         0       0       0       0       0       0       0       0       0       0       0       0       0       0
      Locals:         0       0       0       0       0       0       0       0       0       0       0       0       0       0
      Temps:          0       0       0       0       0       0       0       0       0       0       0       0       0       0
      Totals:         0       0       0       0       0       0       0       0       0       0       0       0       0       0
Total ram usage:        0 bytes
 Hardware stack levels used:    1
 This function calls:
		Nothing
 This function is called by:
		_isr
 This function uses a non-reentrant model


 *************** function ___wmul *****************
 Defined at:
		line 15 in file "C:\Program Files (x86)\Microchip\xc8\v1.45\sources\common\Umul16.c"
 Parameters:    Size  Location     Type
  multiplier      2    0[COMMON] unsigned int 
  multiplicand    2    2[COMMON] unsigned int 
 Auto vars:     Size  Location     Type
  product         2    4[COMMON] unsigned int 
 Return value:  Size  Location     Type
                  2    0[COMMON] unsigned int 
 Registers used:
		wreg, status,2, status,0
 Tracked objects:
		On entry : 
		On exit  : 
		Unchanged: 
 Data sizes:     COMMON   BANK0   BANK1   BANK2   BANK3   BANK4   BANK5   BANK6   BANK7   BANK8   BANK9  BANK10  BANK11  BANK12
      Params:         4       0       0       0       0       0       0       0       0       0       0       0       0       0
      Locals:         2       0       0       0       0       0       0       0       0       0       0       0       0       0
      Temps:          0       0       0       0       0       0       0       0       0       0       0       0       0       0
      Totals:         6       0       0       0       0       0       0       0       0       0       0       0       0       0
Total ram usage:        6 bytes
 Hardware stack levels used:    1
 This function calls:
		Nothing
 This function is called by:
		_isr
 This function uses a non-reentrant model


 *************** function _Read_Mode_Input *****************
 Defined at:
		line 975 in file "main.c"
 Parameters:    Size  Location     Type
		None
 Auto vars:     Size  Location     Type
		None
 Return value:  Size  Location     Type
                  1    wreg      void 
 Registers used:
		wreg, status,2, status,0
 Tracked objects:
		On entry : 
		On exit  : 
		Unchanged: 
 Data sizes:     COMMON   BANK0   BANK1   BANK2   BANK3   BANK4   BANK5   BANK6   BANK7   BANK8   BANK9  BANK10  BANK11  BANK12
      Params:         0       0       0       0       0       0       0       0       0       0       0       0       0       0
      Locals:         0       0       0       0       0       0       0       0       0       0       0       0       0       0
      Temps:          1       0       0       0       0       0       0       0       0       0       0       0       0       0
      Totals:         1       0       0       0       0       0       0       0       0       0       0       0       0       0
Total ram usage:        1 bytes
 Hardware stack levels used:    1
 This function calls:
		Nothing
 This function is called by:
		_isr
 This function uses a non-reentrant model



MODULE INFORMATION

Module		Function		Class		Link	Load	Size
interrupts.c
		_isr           		CODE           	0004	0000	813

interrupts.c estimated size: 813

C:\Program Files (x86)\Microchip\xc8\v1.45\sources\common\Umul16.c
		___wmul        		CODE           	160B	0000	35

C:\Program Files (x86)\Microchip\xc8\v1.45\sources\common\Umul16.c estimated size: 35

C:\Program Files (x86)\Microchip\xc8\v1.45\sources\pic\eeprom.c
		_eecpymem      		CODE           	165D	0000	51
		___eetoc       		CODE           	15B0	0000	17
		___ctoee       		CODE           	15A2	0000	15
		_memcpyee      		CODE           	0858	0000	85

C:\Program Files (x86)\Microchip\xc8\v1.45\sources\pic\eeprom.c estimated size: 168

shared
		_ROM_Sub_Patterns		STRCODE        	1000	0000	134
		i1_GPIO        		CODE           	1711	0000	79
		_ROM_Sub_Patterns_Time		STRCODE        	1085	0000	134
		__initialization		CODE           	0332	0000	46
		_ROM_COMBO_Patterns_Three		STRCODE        	0363	0000	491
		i1_SetOUTPUT   		CODE           	0C32	0000	182
		_ROM_COMBO_Patterns_TwoFour		STRCODE        	054D	0000	491

shared estimated size: 1557

user.c
		_InitApp       		CODE           	162D	0000	49

user.c estimated size: 49

main.c
		_readFromEEPROM		CODE           	0979	0000	118
		_isComboPattern		CODE           	175F	0000	81
		_ReWriteEEPROM 		CODE           	17AF	0000	82
		_WriteEEPROMDefaults		CODE           	15EA	0000	34
		_main          		CODE           	0CE7	0000	307
		_Update_Input_Mode_Type		CODE           	168F	0000	56
		_WaitForSYNC_PU		CODE           	15D0	0000	27
		_SetOUTPUT     		CODE           	0737	0000	197
		_resetColor    		CODE           	16C6	0000	76
		_GPIO          		CODE           	08AC	0000	101
		_Initial_Start 		CODE           	0B95	0000	158
		_readFromEEPROMBeforeSteadyOn		CODE           	0805	0000	84
		_INC_EEPROM_MODE		CODE           	09EE	0000	123
		_Increment_Color_State		CODE           	0AFA	0000	156
		_Read_Mode_Input		CODE           	0A68	0000	147
		_Update_ComboPattern_Index		CODE           	0910	0000	106
		_setColorState 		CODE           	0E19	0000	488

main.c estimated size: 2341

system.c
		_ConfigureOscillator		CODE           	1596	0000	13

system.c estimated size: 13

